 AuthAgent

 Timestamp is 6160c92e (Sat Oct 09 07:41:50 2021)

 Preferred load address is 00400000

 Start         Length     Name                   Class
 0001:00000000 0002e3ecH .text                   CODE
 0001:0002e3f0 00000ce9H .text$x                 CODE
 0001:0002f0e0 0000061bH .text$yc                CODE
 0001:0002f700 000000d2H .text$yd                CODE
 0002:00000000 0000026cH .idata$5                DATA
 0002:0000026c 00000004H .CRT$XCA                DATA
 0002:00000270 00000004H .CRT$XCC                DATA
 0002:00000274 0000016cH .CRT$XCU                DATA
 0002:000003e0 00000004H .CRT$XCZ                DATA
 0002:000003e4 00000004H .CRT$XIA                DATA
 0002:000003e8 00000010H .CRT$XIC                DATA
 0002:000003f8 00000004H .CRT$XIY                DATA
 0002:000003fc 00000004H .CRT$XIZ                DATA
 0002:00000400 00000004H .CRT$XPA                DATA
 0002:00000404 00000004H .CRT$XPX                DATA
 0002:00000408 00000004H .CRT$XPXA               DATA
 0002:0000040c 00000004H .CRT$XPZ                DATA
 0002:00000410 00000004H .CRT$XTA                DATA
 0002:00000414 00000004H .CRT$XTZ                DATA
 0002:00000420 00006f58H .rdata                  DATA
 0002:00007378 00000050H .rdata$debug            DATA
 0002:000073c8 0000097cH .rdata$r                DATA
 0002:00007d50 00000120H .rdata$sxdata           DATA
 0002:00007e70 00000004H .rtc$IAA                DATA
 0002:00007e74 00000004H .rtc$IZZ                DATA
 0002:00007e78 00000004H .rtc$TAA                DATA
 0002:00007e7c 00000004H .rtc$TZZ                DATA
 0002:00007e80 0000170cH .xdata$x                DATA
 0002:0000958c 00000064H .idata$2                DATA
 0002:000095f0 00000014H .idata$3                DATA
 0002:00009604 0000026cH .idata$4                DATA
 0002:00009870 00000a34H .idata$6                DATA
 0002:0000a2a4 00000000H .edata                  DATA
 0003:00000000 00001bd8H .data                   DATA
 0003:00001be0 0007a3c8H .bss                    DATA

  Address         Publics by Value              Rva+Base       Lib:Object

 0000:00000000       __except_list              00000000     <absolute>
 0000:00000048       ___safe_se_handler_count   00000048     <absolute>
 0000:00000000       ___ImageBase               00400000     <linker-defined>
 0001:00000000       ?DoAllocServerSession@AuthAgentFrame@@SAPAVNetworkObject@@XZ 00401000 f   AuthAgentFrame.obj
 0001:00000020       ?DoFreeServerSession@AuthAgentFrame@@SAXPAVNetworkObject@@@Z 00401020 f   AuthAgentFrame.obj
 0001:00000050       ?DoFreeConnectSession@AuthAgentFrame@@SAXPAVNetworkObject@@@Z 00401050 f   AuthAgentFrame.obj
 0001:00000060       ??0AuthAgentFrame@@QAE@XZ  00401060 f   AuthAgentFrame.obj
 0001:00000110       ??1AuthAgentFrame@@UAE@XZ  00401110 f   AuthAgentFrame.obj
 0001:000001a0       ?Init@AuthAgentFrame@@MAEHXZ 004011a0 f   AuthAgentFrame.obj
 0001:00000250       ?Update@AuthAgentFrame@@MAEHK@Z 00401250 f   AuthAgentFrame.obj
 0001:00000270       ?Release@AuthAgentFrame@@MAEXXZ 00401270 f   AuthAgentFrame.obj
 0001:000002d0       ?SendAuthServer@AuthAgentFrame@@QAEHPAUMSG_BASE_INTERNAL@@G@Z 004012d0 f   AuthAgentFrame.obj
 0001:00000310       ?IsAuthServerConnected@AuthAgentFrame@@QAEHXZ 00401310 f   AuthAgentFrame.obj
 0001:00000350       ?SendGameAgentServer@AuthAgentFrame@@QAEHPAUMSG_BASE_INTERNAL@@G@Z 00401350 f   AuthAgentFrame.obj
 0001:00000390       ?IsGameAgentConnected@AuthAgentFrame@@QAEHXZ 00401390 f   AuthAgentFrame.obj
 0001:000003d0       ?AllocServerSession@AuthAgentFrame@@MAEPAVServerSession@@W4eSERVER_TYPE@@@Z 004013d0 f   AuthAgentFrame.obj
 0001:00000480       ?FreeServerSession@AuthAgentFrame@@MAEXPAVServerSession@@@Z 00401480 f   AuthAgentFrame.obj
 0001:00000530       ?KeyEvent@AuthAgentFrame@@MAEHD@Z 00401530 f   AuthAgentFrame.obj
 0001:00000570       ?DisplayServerInfo@AuthAgentFrame@@IAEXXZ 00401570 f   AuthAgentFrame.obj
 0001:00000580       ?GetSession@AuthAgentFrame@@QAEPAVServerSession@@W4eSERVER_TYPE@@@Z 00401580 f   AuthAgentFrame.obj
 0001:000005c0       ?ConnectTo@AuthAgentFrame@@QAEHW4eSERVER_TYPE@@@Z 004015c0 f   AuthAgentFrame.obj
 0001:00000680       ?CreateSunLog@AuthAgentFrame@@IAEHXZ 00401680 f   AuthAgentFrame.obj
 0001:000007e0       ?GetServerType@AuthAgentFrame@@UAE?AW4eSERVER_TYPE@@XZ 004017e0 f i AuthAgentFrame.obj
 0001:000007f0       ??_GAuthAgentFrame@@UAEPAXI@Z 004017f0 f i AuthAgentFrame.obj
 0001:000007f0       ??_EAuthAgentFrame@@UAEPAXI@Z 004017f0 f i AuthAgentFrame.obj
 0001:00000820       ?GetReadyState@ServerFrame@@QAEAAVReadyState@@XZ 00401820 f i AuthAgentFrame.obj
 0001:00000840       ?SetPool@AuthServerSession@@SAXPAV?$CMemoryPoolFactory@VAuthServerSession@@@util@@@Z 00401840 f i AuthAgentFrame.obj
 0001:00000860       ?SetPool@GameAgentServerSession@@SAXPAV?$CMemoryPoolFactory@VGameAgentServerSession@@@util@@@Z 00401860 f i AuthAgentFrame.obj
 0001:00000880       ??_GCSunLog@@QAEPAXI@Z     00401880 f i AuthAgentFrame.obj
 0001:000008b0       ?IsConnected@ServerSession@@QBE_NXZ 004018b0 f i AuthAgentFrame.obj
 0001:000008d0       ?Init@ServerSession@@QAEXPAVServerFrame@@@Z 004018d0 f i AuthAgentFrame.obj
 0001:00000900       ?ALLOC@AuthServerSession@@SAPAV1@XZ 00401900 f i AuthAgentFrame.obj
 0001:00000920       ?ALLOC@GameAgentServerSession@@SAPAV1@XZ 00401920 f i AuthAgentFrame.obj
 0001:00000940       ?FREE@AuthServerSession@@SAXPAV1@@Z 00401940 f i AuthAgentFrame.obj
 0001:00000960       ?FREE@GameAgentServerSession@@SAXPAV1@@Z 00401960 f i AuthAgentFrame.obj
 0001:00000980       ?IsConnecting@ServerSession@@QBE_NXZ 00401980 f i AuthAgentFrame.obj
 0001:000009a0       ?GetDescFileName@ServerFrame@@IAEPBDXZ 004019a0 f i AuthAgentFrame.obj
 0001:000009c0       ??0?$CMemoryPoolFactory@VAuthServerSession@@@util@@QAE@XZ 004019c0 f i AuthAgentFrame.obj
 0001:00000a30       ??1?$CMemoryPoolFactory@VAuthServerSession@@@util@@UAE@XZ 00401a30 f i AuthAgentFrame.obj
 0001:00000a90       ?Initialize@?$CMemoryPoolFactory@VAuthServerSession@@@util@@UAE_NIIPBDPAX@Z 00401a90 f i AuthAgentFrame.obj
 0001:00000ae0       ?Alloc@?$CMemoryPoolFactory@VGameAgentServerSession@@@util@@UAEPAXXZ 00401ae0 f i AuthAgentFrame.obj
 0001:00000ae0       ?Alloc@?$CMemoryPoolFactory@VAuthServerSession@@@util@@UAEPAXXZ 00401ae0 f i AuthAgentFrame.obj
 0001:00000b10       ??0?$CMemoryPoolFactory@VGameAgentServerSession@@@util@@QAE@XZ 00401b10 f i AuthAgentFrame.obj
 0001:00000b80       ??1?$CMemoryPoolFactory@VGameAgentServerSession@@@util@@UAE@XZ 00401b80 f i AuthAgentFrame.obj
 0001:00000be0       ?Initialize@?$CMemoryPoolFactory@VGameAgentServerSession@@@util@@UAE_NIIPBDPAX@Z 00401be0 f i AuthAgentFrame.obj
 0001:00000c30       ?Free@?$CMemoryPoolFactory@VGameAgentServerSession@@@util@@UAEHPAX@Z 00401c30 f i AuthAgentFrame.obj
 0001:00000c30       ?Free@?$CMemoryPoolFactory@VAuthServerSession@@@util@@UAEHPAX@Z 00401c30 f i AuthAgentFrame.obj
 0001:00000c70       ?Release@?$CMemoryPoolFactory@VAuthServerSession@@@util@@UAEXXZ 00401c70 f i AuthAgentFrame.obj
 0001:00000c70       ?Release@?$CMemoryPoolFactory@VGameAgentServerSession@@@util@@UAEXXZ 00401c70 f i AuthAgentFrame.obj
 0001:00000ca0       ?SetTypeName@?$CMemoryPoolFactory@VGameAgentServerSession@@@util@@QAEXPBD@Z 00401ca0 f i AuthAgentFrame.obj
 0001:00000ca0       ?SetTypeName@?$CMemoryPoolFactory@VAuthServerSession@@@util@@QAEXPBD@Z 00401ca0 f i AuthAgentFrame.obj
 0001:00000cd0       ?Instance@?$Singleton@VAuthAgentFrame@@$00@util@@SAPAVAuthAgentFrame@@XZ 00401cd0 f i AuthAgentFrame.obj
 0001:00000d60       ?DestroyInstance@?$Singleton@VGameAgentManager@@$00@util@@SAXXZ 00401d60 f i AuthAgentFrame.obj
 0001:00000db0       ?Instance@?$Singleton@VGameAgentInfoList@@$00@util@@SAPAVGameAgentInfoList@@XZ 00401db0 f i AuthAgentFrame.obj
 0001:00000e40       ?DestroyInstance@?$Singleton@VGameAgentInfoList@@$00@util@@SAXXZ 00401e40 f i AuthAgentFrame.obj
 0001:00000e90       ??_G?$CMemoryPoolFactory@VAuthServerSession@@@util@@UAEPAXI@Z 00401e90 f i AuthAgentFrame.obj
 0001:00000e90       ??_E?$CMemoryPoolFactory@VAuthServerSession@@@util@@UAEPAXI@Z 00401e90 f i AuthAgentFrame.obj
 0001:00000ec0       ??0IVMemoryPool@util@@QAE@XZ 00401ec0 f i AuthAgentFrame.obj
 0001:00000ee0       ??_G?$CMemoryPoolFactory@VGameAgentServerSession@@@util@@UAEPAXI@Z 00401ee0 f i AuthAgentFrame.obj
 0001:00000ee0       ??_E?$CMemoryPoolFactory@VGameAgentServerSession@@@util@@UAEPAXI@Z 00401ee0 f i AuthAgentFrame.obj
 0001:00000f10       ??_GGameAgentManager@@QAEPAXI@Z 00401f10 f i AuthAgentFrame.obj
 0001:00000f40       ??_GGameAgentInfoList@@QAEPAXI@Z 00401f40 f i AuthAgentFrame.obj
 0001:00000f70       ??0_Aux_cont@std@@QAE@QBV_Container_base_aux@1@@Z 00401f70 f i GameAgentInfoList.obj
 0001:00000f70       ??0?$scoped_ptr@VIMemoryPoolFactoryImpl@internal@util@@@boost@@QAE@PAVIMemoryPoolFactoryImpl@internal@util@@@Z 00401f70 f i AuthAgentFrame.obj
 0001:00000f90       ??1?$scoped_ptr@VIMemoryPoolFactoryImpl@internal@util@@@boost@@QAE@XZ 00401f90 f i AuthAgentFrame.obj
 0001:00000fb0       ?begin@?$PODptr@I@details@boost@@QBEPADXZ 00401fb0 f i AuthAgentFrame.obj
 0001:00000fb0       ?_Getcont@_Aux_cont@std@@QBEPBV_Container_base_aux@2@XZ 00401fb0 f i AuthServerSession.obj
 0001:00000fb0       ??C?$scoped_ptr@VIMemoryPoolFactoryImpl@internal@util@@@boost@@QBEPAVIMemoryPoolFactoryImpl@internal@util@@XZ 00401fb0 f i AuthAgentFrame.obj
 0001:00000fc0       ?CreateImpl@?$CMemoryPoolFactory@VAuthServerSession@@@util@@QAEXH@Z 00401fc0 f i AuthAgentFrame.obj
 0001:00001150       ?CreateImpl@?$CMemoryPoolFactory@VGameAgentServerSession@@@util@@QAEXH@Z 00402150 f i AuthAgentFrame.obj
 0001:000012e0       ?reset@?$scoped_ptr@VIMemoryPoolFactoryImpl@internal@util@@@boost@@QAEXPAVIMemoryPoolFactoryImpl@internal@util@@@Z 004022e0 f i AuthAgentFrame.obj
 0001:00001350       ??0?$NotUseChunkImpl@VAuthServerSession@@@internal@util@@QAE@XZ 00402350 f i AuthAgentFrame.obj
 0001:00001370       ?Alloc@?$NotUseChunkImpl@VAuthServerSession@@@internal@util@@UAEPAXXZ 00402370 f i AuthAgentFrame.obj
 0001:00001400       ??2@YAPAXIPAX@Z            00402400 f i AuthAgentFrame.obj
 0001:00001410       ??3@YAXPAX0@Z              00402410 f i AuthAgentFrame.obj
 0001:00001410       ?DoFreeConnect_NotUsed@AuthAgentFrame@@SAXPAVNetworkObject@@@Z 00402410 f i main.obj
 0001:00001410       ?DoFreeClient_NotUsed@AuthAgentFrame@@SAXPAVNetworkObject@@@Z 00402410 f i main.obj
 0001:00001420       ??0?$VariableSizeChunkImpl@VAuthServerSession@@@internal@util@@QAE@XZ 00402420 f i AuthAgentFrame.obj
 0001:00001490       ?Initialize@?$VariableSizeChunkImpl@VAuthServerSession@@@internal@util@@UAE_NIIPBD@Z 00402490 f i AuthAgentFrame.obj
 0001:00001490       ?Initialize@?$VariableSizeChunkImpl@VGameAgentServerSession@@@internal@util@@UAE_NIIPBD@Z 00402490 f i AuthAgentFrame.obj
 0001:000014c0       ?Alloc@?$VariableSizeChunkImpl@VAuthServerSession@@@internal@util@@UAEPAXXZ 004024c0 f i AuthAgentFrame.obj
 0001:000014c0       ?Alloc@?$VariableSizeChunkImpl@VGameAgentServerSession@@@internal@util@@UAEPAXXZ 004024c0 f i AuthAgentFrame.obj
 0001:000014e0       ?Free@?$VariableSizeChunkImpl@VAuthServerSession@@@internal@util@@UAEXQAX@Z 004024e0 f i AuthAgentFrame.obj
 0001:000014e0       ?Free@?$VariableSizeChunkImpl@VGameAgentServerSession@@@internal@util@@UAEXQAX@Z 004024e0 f i AuthAgentFrame.obj
 0001:00001500       ?GetAvailableNumberOfTypes@?$VariableSizeChunkImpl@VAuthServerSession@@@internal@util@@UBEHXZ 00402500 f i AuthAgentFrame.obj
 0001:00001500       ?GetAvailableNumberOfTypes@?$VariableSizeChunkImpl@VGameAgentServerSession@@@internal@util@@UBEHXZ 00402500 f i AuthAgentFrame.obj
 0001:00001520       ??0?$FixedSizeChunkImpl@VAuthServerSession@@@internal@util@@QAE@XZ 00402520 f i AuthAgentFrame.obj
 0001:00001590       ?Release@?$FixedSizeChunkImpl@VGameAgentServerSession@@@internal@util@@UAEXXZ 00402590 f i AuthAgentFrame.obj
 0001:00001590       ?Release@?$FixedSizeChunkImpl@VAuthServerSession@@@internal@util@@UAEXXZ 00402590 f i AuthAgentFrame.obj
 0001:000015b0       ?Alloc@?$FixedSizeChunkImpl@VAuthServerSession@@@internal@util@@UAEPAXXZ 004025b0 f i AuthAgentFrame.obj
 0001:00001640       ??0?$NotUseChunkImpl@VGameAgentServerSession@@@internal@util@@QAE@XZ 00402640 f i AuthAgentFrame.obj
 0001:00001660       ?Alloc@?$NotUseChunkImpl@VGameAgentServerSession@@@internal@util@@UAEPAXXZ 00402660 f i AuthAgentFrame.obj
 0001:000016f0       ?Free@?$NotUseChunkImpl@VAuthServerSession@@@internal@util@@UAEXQAX@Z 004026f0 f i AuthAgentFrame.obj
 0001:000016f0       ?Free@?$NotUseChunkImpl@VGameAgentServerSession@@@internal@util@@UAEXQAX@Z 004026f0 f i AuthAgentFrame.obj
 0001:00001720       ??0?$VariableSizeChunkImpl@VGameAgentServerSession@@@internal@util@@QAE@XZ 00402720 f i AuthAgentFrame.obj
 0001:00001790       ?Release@?$VariableSizeChunkImpl@VGameAgentServerSession@@@internal@util@@UAEXXZ 00402790 f i AuthAgentFrame.obj
 0001:00001790       ?Release@?$VariableSizeChunkImpl@VAuthServerSession@@@internal@util@@UAEXXZ 00402790 f i AuthAgentFrame.obj
 0001:000017b0       ?SetTypeName@?$VariableSizeChunkImpl@VAuthServerSession@@@internal@util@@UAEXPBD@Z 004027b0 f i AuthAgentFrame.obj
 0001:000017b0       ?SetTypeName@?$VariableSizeChunkImpl@VGameAgentServerSession@@@internal@util@@UAEXPBD@Z 004027b0 f i AuthAgentFrame.obj
 0001:000017d0       ?GetNumberOfBands@?$VariableSizeChunkImpl@VAuthServerSession@@@internal@util@@UBEHXZ 004027d0 f i AuthAgentFrame.obj
 0001:000017d0       ?GetNumberOfBands@?$VariableSizeChunkImpl@VGameAgentServerSession@@@internal@util@@UBEHXZ 004027d0 f i AuthAgentFrame.obj
 0001:000017f0       ??0?$FixedSizeChunkImpl@VGameAgentServerSession@@@internal@util@@QAE@XZ 004027f0 f i AuthAgentFrame.obj
 0001:00001860       ?Alloc@?$FixedSizeChunkImpl@VGameAgentServerSession@@@internal@util@@UAEPAXXZ 00402860 f i AuthAgentFrame.obj
 0001:000018f0       ?Free@?$FixedSizeChunkImpl@VAuthServerSession@@@internal@util@@UAEXQAX@Z 004028f0 f i AuthAgentFrame.obj
 0001:000018f0       ?Free@?$FixedSizeChunkImpl@VGameAgentServerSession@@@internal@util@@UAEXQAX@Z 004028f0 f i AuthAgentFrame.obj
 0001:00001920       ??_E?$NotUseChunkImpl@VAuthServerSession@@@internal@util@@UAEPAXI@Z 00402920 f i AuthAgentFrame.obj
 0001:00001920       ??_G?$NotUseChunkImpl@VAuthServerSession@@@internal@util@@UAEPAXI@Z 00402920 f i AuthAgentFrame.obj
 0001:00001950       ??1?$NotUseChunkImpl@VAuthServerSession@@@internal@util@@UAE@XZ 00402950 f i AuthAgentFrame.obj
 0001:00001970       ??_G?$VariableSizeChunkImpl@VAuthServerSession@@@internal@util@@UAEPAXI@Z 00402970 f i AuthAgentFrame.obj
 0001:00001970       ??_E?$VariableSizeChunkImpl@VAuthServerSession@@@internal@util@@UAEPAXI@Z 00402970 f i AuthAgentFrame.obj
 0001:000019a0       ??1?$VariableSizeChunkImpl@VAuthServerSession@@@internal@util@@UAE@XZ 004029a0 f i AuthAgentFrame.obj
 0001:00001a10       ??_E?$FixedSizeChunkImpl@VAuthServerSession@@@internal@util@@UAEPAXI@Z 00402a10 f i AuthAgentFrame.obj
 0001:00001a10       ??_G?$FixedSizeChunkImpl@VAuthServerSession@@@internal@util@@UAEPAXI@Z 00402a10 f i AuthAgentFrame.obj
 0001:00001a40       ??1?$FixedSizeChunkImpl@VAuthServerSession@@@internal@util@@UAE@XZ 00402a40 f i AuthAgentFrame.obj
 0001:00001aa0       ??_G?$NotUseChunkImpl@VGameAgentServerSession@@@internal@util@@UAEPAXI@Z 00402aa0 f i AuthAgentFrame.obj
 0001:00001aa0       ??_E?$NotUseChunkImpl@VGameAgentServerSession@@@internal@util@@UAEPAXI@Z 00402aa0 f i AuthAgentFrame.obj
 0001:00001ad0       ??1?$NotUseChunkImpl@VGameAgentServerSession@@@internal@util@@UAE@XZ 00402ad0 f i AuthAgentFrame.obj
 0001:00001af0       ??_G?$VariableSizeChunkImpl@VGameAgentServerSession@@@internal@util@@UAEPAXI@Z 00402af0 f i AuthAgentFrame.obj
 0001:00001af0       ??_E?$VariableSizeChunkImpl@VGameAgentServerSession@@@internal@util@@UAEPAXI@Z 00402af0 f i AuthAgentFrame.obj
 0001:00001b20       ??1?$VariableSizeChunkImpl@VGameAgentServerSession@@@internal@util@@UAE@XZ 00402b20 f i AuthAgentFrame.obj
 0001:00001b90       ??_E?$FixedSizeChunkImpl@VGameAgentServerSession@@@internal@util@@UAEPAXI@Z 00402b90 f i AuthAgentFrame.obj
 0001:00001b90       ??_G?$FixedSizeChunkImpl@VGameAgentServerSession@@@internal@util@@UAEPAXI@Z 00402b90 f i AuthAgentFrame.obj
 0001:00001bc0       ??1?$FixedSizeChunkImpl@VGameAgentServerSession@@@internal@util@@UAE@XZ 00402bc0 f i AuthAgentFrame.obj
 0001:00001c20       ??0?$pool@Udefault_user_allocator_new_delete@boost@@@boost@@QAE@III@Z 00402c20 f i AuthAgentFrame.obj
 0001:00001c70       ??1?$pool@Udefault_user_allocator_new_delete@boost@@@boost@@QAE@XZ 00402c70 f i AuthAgentFrame.obj
 0001:00001c90       ?malloc@?$pool@Udefault_user_allocator_new_delete@boost@@@boost@@QAEPAXXZ 00402c90 f i AuthAgentFrame.obj
 0001:00001cd0       ?free@?$pool@Udefault_user_allocator_new_delete@boost@@@boost@@QAEXQAX@Z 00402cd0 f i AuthAgentFrame.obj
 0001:00001cf0       ?swap@?$scoped_ptr@VIMemoryPoolFactoryImpl@internal@util@@@boost@@QAEXAAV12@@Z 00402cf0 f i AuthAgentFrame.obj
 0001:00001d20       ?Create@?$VariableSizeChunkImpl@VAuthServerSession@@@internal@util@@CAXPAX@Z 00402d20 f i AuthAgentFrame.obj
 0001:00001da0       ?Create@?$VariableSizeChunkImpl@VGameAgentServerSession@@@internal@util@@CAXPAX@Z 00402da0 f i AuthAgentFrame.obj
 0001:00001e20       ?Destroy@?$VariableSizeChunkImpl@VAuthServerSession@@@internal@util@@CAXPAX@Z 00402e20 f i AuthAgentFrame.obj
 0001:00001e20       ?Destroy@?$VariableSizeChunkImpl@VGameAgentServerSession@@@internal@util@@CAXPAX@Z 00402e20 f i AuthAgentFrame.obj
 0001:00001e40       ?empty@?$simple_segregated_storage@I@boost@@QBE_NXZ 00402e40 f i AuthAgentFrame.obj
 0001:00001e60       ?malloc@?$simple_segregated_storage@I@boost@@QAEPAXXZ 00402e60 f i AuthAgentFrame.obj
 0001:00001e90       ?free@?$simple_segregated_storage@I@boost@@QAEXQAX@Z 00402e90 f i AuthAgentFrame.obj
 0001:00001ec0       ??0?$PODptr@I@details@boost@@QAE@QADI@Z 00402ec0 f i AuthAgentFrame.obj
 0001:00001ef0       ?_Nextnode@?$list@U?$pair@$$CBGPAUsGAME_AGENT_INFO@@@std@@V?$CustomAllocator@U?$pair@$$CBGPAUsGAME_AGENT_INFO@@@std@@@util@@@std@@KAAAPAU_Node@?$_List_nod@U?$pair@$$CBGPAUsGAME_AGENT_INFO@@@std@@V?$CustomAllocator@U?$pair@$$CBGPAUsGAME_AGENT_INFO@@@std@@@util@@@2@PAU342@@Z 00402ef0 f i GameAgentInfoList.obj
 0001:00001ef0       ?_Kfn@?$_Hmap_traits@KPAVGameAgentServerSession@@V?$hash_compare@KU?$less@K@std@@@stdext@@V?$CustomAllocator@PAVGameAgentServerSession@@@util@@$0A@@stdext@@SAABKABU?$pair@$$CBKPAVGameAgentServerSession@@@std@@@Z 00402ef0 f i GameAgentManager.obj
 0001:00001ef0       ?nextof@?$pool@Udefault_user_allocator_new_delete@boost@@@boost@@KAAAPAXQAX@Z 00402ef0 f i AuthAgentFrame.obj
 0001:00001ef0       ?nextof@?$simple_segregated_storage@I@boost@@KAAAPAXQAX@Z 00402ef0 f i AuthAgentFrame.obj
 0001:00001ef0       ?_Kfn@?$_Hmap_traits@GPAUsGAME_AGENT_INFO@@V?$hash_compare@GU?$less@G@std@@@stdext@@V?$CustomAllocator@PAUsGAME_AGENT_INFO@@@util@@$0A@@stdext@@SAABGABU?$pair@$$CBGPAUsGAME_AGENT_INFO@@@std@@@Z 00402ef0 f i GameAgentInfoList.obj
 0001:00001ef0       ?_Nextnode@?$list@U?$pair@$$CBKPAVGameAgentServerSession@@@std@@V?$CustomAllocator@U?$pair@$$CBKPAVGameAgentServerSession@@@std@@@util@@@std@@KAAAPAU_Node@?$_List_nod@U?$pair@$$CBKPAVGameAgentServerSession@@@std@@V?$CustomAllocator@U?$pair@$$CBKPAVGameAgentServerSession@@@std@@@util@@@2@PAU342@@Z 00402ef0 f i AuthServerSession.obj
 0001:00001f00       ??$checked_delete@VIMemoryPoolFactoryImpl@internal@util@@@boost@@YAXPAVIMemoryPoolFactoryImpl@internal@util@@@Z 00402f00 f i AuthAgentFrame.obj
 0001:00001f40       ?malloc_need_resize@?$pool@Udefault_user_allocator_new_delete@boost@@@boost@@AAEPAXXZ 00402f40 f i AuthAgentFrame.obj
 0001:000020b0       ?release_memory@?$pool@Udefault_user_allocator_new_delete@boost@@@boost@@QAE_NXZ 004030b0 f i AuthAgentFrame.obj
 0001:00002280       ?purge_memory@?$pool@Udefault_user_allocator_new_delete@boost@@@boost@@QAE_NXZ 00403280 f i AuthAgentFrame.obj
 0001:00002310       ?is_from@?$pool@Udefault_user_allocator_new_delete@boost@@@boost@@KA_NQAXQADI@Z 00403310 f i AuthAgentFrame.obj
 0001:00002370       ?alloc_size@?$pool@Udefault_user_allocator_new_delete@boost@@@boost@@IBEIXZ 00403370 f i AuthAgentFrame.obj
 0001:000023c0       ?add_block@?$simple_segregated_storage@I@boost@@QAEXQAXII@Z 004033c0 f i AuthAgentFrame.obj
 0001:000023f0       ??0?$PODptr@I@details@boost@@QAE@XZ 004033f0 f i AuthAgentFrame.obj
 0001:00002420       ?valid@?$PODptr@I@details@boost@@QBE_NXZ 00403420 f i AuthAgentFrame.obj
 0001:00002440       ?invalidate@?$PODptr@I@details@boost@@QAEXXZ 00403440 f i AuthAgentFrame.obj
 0001:00002460       ??0_Container_base_aux@std@@QAE@XZ 00403460 f i GameAgentInfoList.obj
 0001:00002460       ??0?$arg@$02@boost@@QAE@XZ 00403460 f i AuthAgentFrame.obj
 0001:00002460       ??0?$allocator@D@std@@QAE@XZ 00403460 f i GameAgentInfoList.obj
 0001:00002460       ??0?$arg@$06@boost@@QAE@XZ 00403460 f i AuthAgentFrame.obj
 0001:00002460       ??0?$arg@$07@boost@@QAE@XZ 00403460 f i AuthAgentFrame.obj
 0001:00002460       ??0?$Singleton@VGameAgentInfoList@@$00@util@@IAE@XZ 00403460 f i GameAgentInfoList.obj
 0001:00002460       ??0?$arg@$08@boost@@QAE@XZ 00403460 f i AuthAgentFrame.obj
 0001:00002460       ??0?$hash_compare@KU?$less@K@std@@@stdext@@QAE@XZ 00403460 f i GameAgentManager.obj
 0001:00002460       ??0?$Singleton@VGameAgentManager@@$00@util@@IAE@XZ 00403460 f i GameAgentManager.obj
 0001:00002460       ??0?$arg@$03@boost@@QAE@XZ 00403460 f i AuthAgentFrame.obj
 0001:00002460       ??0?$Singleton@VAuthAgentFrame@@$00@util@@IAE@XZ 00403460 f i AuthAgentFrame.obj
 0001:00002460       ??0?$arg@$04@boost@@QAE@XZ 00403460 f i AuthAgentFrame.obj
 0001:00002460       ??0?$arg@$05@boost@@QAE@XZ 00403460 f i AuthAgentFrame.obj
 0001:00002460       ?store@?$pool@Udefault_user_allocator_new_delete@boost@@@boost@@IAEAAV?$simple_segregated_storage@I@2@XZ 00403460 f i AuthAgentFrame.obj
 0001:00002460       ??0?$hash_compare@GU?$less@G@std@@@stdext@@QAE@XZ 00403460 f i GameAgentInfoList.obj
 0001:00002460       ??0?$CustomAllocator@U?$pair@$$CBGPAUsGAME_AGENT_INFO@@@std@@@util@@QAE@XZ 00403460 f i GameAgentInfoList.obj
 0001:00002460       ?begin@?$PODptr@I@details@boost@@QAEAAPADXZ 00403460 f i AuthAgentFrame.obj
 0001:00002460       ??0?$arg@$00@boost@@QAE@XZ 00403460 f i AuthAgentFrame.obj
 0001:00002460       ??0?$CustomAllocator@U?$pair@$$CBKPAVGameAgentServerSession@@@std@@@util@@QAE@XZ 00403460 f i GameAgentManager.obj
 0001:00002460       ??0?$arg@$01@boost@@QAE@XZ 00403460 f i AuthAgentFrame.obj
 0001:00002470       ?next_ptr@?$PODptr@I@details@boost@@QBEAAPADXZ 00403470 f i AuthAgentFrame.obj
 0001:00002470       ?end@?$PODptr@I@details@boost@@QBEPADXZ 00403470 f i AuthAgentFrame.obj
 0001:00002490       ?element_size@?$PODptr@I@details@boost@@QBEIXZ 00403490 f i AuthAgentFrame.obj
 0001:000024b0       ?next@?$PODptr@I@details@boost@@QBE?AV123@XZ 004034b0 f i AuthAgentFrame.obj
 0001:000024e0       ?next@?$PODptr@I@details@boost@@QBEXABV123@@Z 004034e0 f i AuthAgentFrame.obj
 0001:00002520       ??R?$less@K@std@@QBE_NABK0@Z 00403520 f i GameAgentManager.obj
 0001:00002520       ??R?$less@PAX@std@@QBE_NABQAX0@Z 00403520 f i AuthAgentFrame.obj
 0001:00002540       ?ptr_next_ptr@?$PODptr@I@details@boost@@ABEPADXZ 00403540 f i AuthAgentFrame.obj
 0001:00002560       ?next_size@?$PODptr@I@details@boost@@QBEAAIXZ 00403560 f i AuthAgentFrame.obj
 0001:00002580       ??R?$less_equal@PAX@std@@QBE_NABQAX0@Z 00403580 f i AuthAgentFrame.obj
 0001:000025a0       ?ptr_next_size@?$PODptr@I@details@boost@@ABEPADXZ 004035a0 f i AuthAgentFrame.obj
 0001:000025c0       ??$min@I@std@@YAABIABI0@Z  004035c0 f i AuthAgentFrame.obj
 0001:000025f0       ?segregate@?$simple_segregated_storage@I@boost@@SAPAXPAXII0@Z 004035f0 f i AuthAgentFrame.obj
 0001:00002680       ??$max@I@std@@YAABIABI0@Z  00403680 f i AuthAgentFrame.obj
 0001:000026b0       ?malloc@default_user_allocator_new_delete@boost@@SAPADI@Z 004036b0 f i AuthAgentFrame.obj
 0001:000026d0       ?free@default_user_allocator_new_delete@boost@@SAXQAD@Z 004036d0 f i AuthAgentFrame.obj
 0001:000026f0       ?FCAssert@FlowControl@@SAEPAD0K@Z 004036f0 f i AuthAgentFrame.obj
 0001:00002710       ?_Interceptor@FlowControl@@SAEE@Z 00403710 f i AuthAgentFrame.obj
 0001:00002720       ?SetTypeName@MemoryPoolSizeBased@internal@util@@QAEXPBD@Z 00403720 f i AuthAgentFrame.obj
 0001:00002740       ?GetStatistics@MemoryPoolSizeBased@internal@util@@QBEABUStatistics@123@XZ 00403740 f i AuthAgentFrame.obj
 0001:00002760       ??0IMemoryPoolFactoryImpl@internal@util@@QAE@XZ 00403760 f i AuthAgentFrame.obj
 0001:00002780       ??1IMemoryPoolFactoryImpl@internal@util@@UAE@XZ 00403780 f i AuthAgentFrame.obj
 0001:000027a0       ?Initialize@IMemoryPoolFactoryImpl@internal@util@@UAE_NIIPBD@Z 004037a0 f i AuthAgentFrame.obj
 0001:000027b0       ?GetAvailableNumberOfTypes@IMemoryPoolFactoryImpl@internal@util@@UBEHXZ 004037b0 f i AuthAgentFrame.obj
 0001:000027b0       ?GetNumberOfBands@IMemoryPoolFactoryImpl@internal@util@@UBEHXZ 004037b0 f i AuthAgentFrame.obj
 0001:000027b0       ?GetPoolExtendSize@IMemoryPoolFactoryImpl@internal@util@@UBEHXZ 004037b0 f i AuthAgentFrame.obj
 0001:000027b0       ?GetPoolBasicSize@IMemoryPoolFactoryImpl@internal@util@@UBEHXZ 004037b0 f i AuthAgentFrame.obj
 0001:000027c0       ??_EIMemoryPoolFactoryImpl@internal@util@@UAEPAXI@Z 004037c0 f i AuthAgentFrame.obj
 0001:000027c0       ??_GIMemoryPoolFactoryImpl@internal@util@@UAEPAXI@Z 004037c0 f i AuthAgentFrame.obj
 0001:000027f0       ?SetFileOutDelayOption@CSunLog@@QAEXH@Z 004037f0 f i AuthAgentFrame.obj
 0001:00002810       ?ProcCrashHandling@@YAXPBD0@Z 00403810 f   main.obj
 0001:000029a0       ?GenerateDmpName@@YAPBDXZ  004039a0 f   main.obj
 0001:000029f0       ?ErrorHandler@@YAXKPAD@Z   004039f0 f   main.obj
 0001:00002a10       ?OnServiceStart@@YA_NXZ    00403a10 f   main.obj
 0001:00002a90       ?OnServiceProcess@@YAXXZ   00403a90 f   main.obj
 0001:00002ab0       ?OnServiceUpdate@@YA_NXZ   00403ab0 f   main.obj
 0001:00002ad0       ?OnServiceStop@@YAXXZ      00403ad0 f   main.obj
 0001:00002af0       _main                      00403af0 f   main.obj
 0001:00002c20       ?DoAllocClient_NotUsed@AuthAgentFrame@@SAPAVNetworkObject@@XZ 00403c20 f i main.obj
 0001:00002c30       ?DestroyInstance@?$Singleton@VAuthAgentFrame@@$00@util@@SAXXZ 00403c30 f i main.obj
 0001:00002c80       ??0AuthServerSession@@QAE@XZ 00403c80 f   AuthServerSession.obj
 0001:00002ca0       ??1AuthServerSession@@UAE@XZ 00403ca0 f   AuthServerSession.obj
 0001:00002cc0       ?OnConnect@AuthServerSession@@MAEXHK@Z 00403cc0 f   AuthServerSession.obj
 0001:00002d00       ?OnRecv@AuthServerSession@@MAEXPAEG@Z 00403d00 f   AuthServerSession.obj
 0001:00002e40       ?OnSA_AUTH_AGENT_IP_LIST_NTF@AuthServerSession@@AAEXPAUMSG_BASE_INTERNAL@@G@Z 00403e40 f   AuthServerSession.obj
 0001:00002ef0       ?OnSA_AUTH_NEWCLIENT_TO_GAMEAGENT_SYN@AuthServerSession@@AAEXPAUMSG_BASE_INTERNAL@@G@Z 00403ef0 f   AuthServerSession.obj
 0001:00003010       ?OnSA_AUTH_ASK_PC_LOGOUT_SYN@AuthServerSession@@AAEXPAUMSG_BASE_INTERNAL@@G@Z 00404010 f   AuthServerSession.obj
 0001:00003100       ?OnSA_AUTH_BILLING_ALARM_CMD@AuthServerSession@@AAEXPAUMSG_BASE_INTERNAL@@G@Z 00404100 f   AuthServerSession.obj
 0001:00003190       ?OnAU_AUTH_SERVER_SELECT_ACK@AuthServerSession@@AAEXPAUMSG_BASE_INTERNAL@@G@Z 00404190 f   AuthServerSession.obj
 0001:000031f0       ?OnAU_AUTH_COMMON_QUERY_USER_ID_ACK@AuthServerSession@@AAEXPAUMSG_BASE_INTERNAL@@G@Z 004041f0 f   AuthServerSession.obj
 0001:00003250       ?OnAU_AUTH_BILLING_CHANGE_CONTROL_SYN@AuthServerSession@@AAEXPAUMSG_BASE_INTERNAL@@G@Z 00404250 f   AuthServerSession.obj
 0001:000032a0       ?GetServerType@AuthServerSession@@UAE?AW4eSERVER_TYPE@@XZ 004042a0 f i AuthServerSession.obj
 0001:000032b0       ?SendPacket@ServerSession@@UAEHPAUMSG_BASE@@G@Z 004042b0 f i AuthServerSession.obj
 0001:000032b0       ?SendPacket@ServerSession@@UAEHPAUMSG_BASE_INTERNAL@@G@Z 004042b0 f i AuthServerSession.obj
 0001:000032d0       ?OnRedirect@AuthServerSession@@MAEXKQAUMSG_SERVER_TYPE@@@Z 004042d0 f i AuthServerSession.obj
 0001:000032d0       ?OnRedirect@GameAgentServerSession@@MAEXKQAUMSG_SERVER_TYPE@@@Z 004042d0 f i GameAgentServerSession.obj
 0001:000032e0       ??_EAuthServerSession@@UAEPAXI@Z 004042e0 f i AuthServerSession.obj
 0001:000032e0       ??_GAuthServerSession@@UAEPAXI@Z 004042e0 f i AuthServerSession.obj
 0001:00003310       ??0SendGameAgentLoginOperator@@QAE@XZ 00404310 f i AuthServerSession.obj
 0001:00003330       ??0MSG_AG_AUTH_NEWCLIENT_TO_GAMEAGENT_SYN@@QAE@XZ 00404330 f i AuthServerSession.obj
 0001:00003350       ??0MSG_AS_AUTH_NEWCLIENT_TO_GAMEAGENT_ACK@@QAE@XZ 00404350 f i AuthServerSession.obj
 0001:00003380       ??0MSG_GA_AUTH_NEWCLIENT_TO_GAMEAGENT_ACK@@QAE@XZ 00404380 f i AuthServerSession.obj
 0001:000033a0       ??0MSG_AG_AUTH_ASK_PC_LOGOUT_SYN@@QAE@XZ 004043a0 f i AuthServerSession.obj
 0001:000033c0       ??0MSG_AS_AUTH_ASK_PC_LOGOUT_ACK@@QAE@XZ 004043c0 f i AuthServerSession.obj
 0001:000033f0       ??0MSG_GA_AUTH_ASK_PC_LOGOUT_ACK@@QAE@XZ 004043f0 f i AuthServerSession.obj
 0001:00003410       ??0MSG_AG_AUTH_BILLING_ALARM_SYN@@QAE@XZ 00404410 f i AuthServerSession.obj
 0001:00003430       ?GetSize@MSG_AU_AUTH_SERVER_SELECT_ACK@@QBEGXZ 00404430 f i AuthServerSession.obj
 0001:00003460       ?GetSize@MSG_AU_AUTH_COMMON_QUERY_USER_ID_ACK@@QBEGXZ 00404460 f i AuthServerSession.obj
 0001:00003470       ?Instance@?$Singleton@VGameAgentManager@@$00@util@@SAPAVGameAgentManager@@XZ 00404470 f i AuthServerSession.obj
 0001:00003500       ??$Foreach@VSendGameAgentLoginOperator@@@GameAgentManager@@QAEXAAVSendGameAgentLoginOperator@@@Z 00404500 f i AuthServerSession.obj
 0001:00003560       ??RSendGameAgentLoginOperator@@QAEXPAVGameAgentServerSession@@@Z 00404560 f i AuthServerSession.obj
 0001:000035a0       ??0MSG_AS_AUTH_GAMEAGENT_LOGIN_CMD@@QAE@XZ 004045a0 f i AuthServerSession.obj
 0001:000035c0       ?GetGameAgentID@GameAgentServerSession@@QBEGXZ 004045c0 f i AuthServerSession.obj
 0001:000035e0       ?begin@?$_Hash@V?$_Hmap_traits@KPAVGameAgentServerSession@@V?$hash_compare@KU?$less@K@std@@@stdext@@V?$CustomAllocator@PAVGameAgentServerSession@@@util@@$0A@@stdext@@@stdext@@QAE?AV?$_Iterator@$00@?$list@U?$pair@$$CBKPAVGameAgentServerSession@@@std@@V?$CustomAllocator@U?$pair@$$CBKPAVGameAgentServerSession@@@std@@@util@@@std@@XZ 004045e0 f i AuthServerSession.obj
 0001:000035e0       ?begin@?$_Hash@V?$_Hmap_traits@GPAUsGAME_AGENT_INFO@@V?$hash_compare@GU?$less@G@std@@@stdext@@V?$CustomAllocator@PAUsGAME_AGENT_INFO@@@util@@$0A@@stdext@@@stdext@@QAE?AV?$_Iterator@$00@?$list@U?$pair@$$CBGPAUsGAME_AGENT_INFO@@@std@@V?$CustomAllocator@U?$pair@$$CBGPAUsGAME_AGENT_INFO@@@std@@@util@@@std@@XZ 004045e0 f i GameAgentInfoList.obj
 0001:00003600       ?end@?$_Hash@V?$_Hmap_traits@KPAVGameAgentServerSession@@V?$hash_compare@KU?$less@K@std@@@stdext@@V?$CustomAllocator@PAVGameAgentServerSession@@@util@@$0A@@stdext@@@stdext@@QAE?AV?$_Iterator@$00@?$list@U?$pair@$$CBKPAVGameAgentServerSession@@@std@@V?$CustomAllocator@U?$pair@$$CBKPAVGameAgentServerSession@@@std@@@util@@@std@@XZ 00404600 f i AuthServerSession.obj
 0001:00003600       ?end@?$_Hash@V?$_Hmap_traits@GPAUsGAME_AGENT_INFO@@V?$hash_compare@GU?$less@G@std@@@stdext@@V?$CustomAllocator@PAUsGAME_AGENT_INFO@@@util@@$0A@@stdext@@@stdext@@QAE?AV?$_Iterator@$00@?$list@U?$pair@$$CBGPAUsGAME_AGENT_INFO@@@std@@V?$CustomAllocator@U?$pair@$$CBGPAUsGAME_AGENT_INFO@@@std@@@util@@@std@@XZ 00404600 f i GameAgentInfoList.obj
 0001:00003620       ??E?$_Iterator@$00@?$list@U?$pair@$$CBKPAVGameAgentServerSession@@@std@@V?$CustomAllocator@U?$pair@$$CBKPAVGameAgentServerSession@@@std@@@util@@@std@@QAEAAV012@XZ 00404620 f i AuthServerSession.obj
 0001:00003620       ??E?$_Iterator@$00@?$list@U?$pair@$$CBGPAUsGAME_AGENT_INFO@@@std@@V?$CustomAllocator@U?$pair@$$CBGPAUsGAME_AGENT_INFO@@@std@@@util@@@std@@QAEAAV012@XZ 00404620 f i GameAgentInfoList.obj
 0001:00003640       ?begin@?$list@U?$pair@$$CBGPAUsGAME_AGENT_INFO@@@std@@V?$CustomAllocator@U?$pair@$$CBGPAUsGAME_AGENT_INFO@@@std@@@util@@@std@@QAE?AV?$_Iterator@$00@12@XZ 00404640 f i GameAgentInfoList.obj
 0001:00003640       ?begin@?$list@U?$pair@$$CBKPAVGameAgentServerSession@@@std@@V?$CustomAllocator@U?$pair@$$CBKPAVGameAgentServerSession@@@std@@@util@@@std@@QAE?AV?$_Iterator@$00@12@XZ 00404640 f i AuthServerSession.obj
 0001:00003670       ?end@?$list@U?$pair@$$CBGPAUsGAME_AGENT_INFO@@@std@@V?$CustomAllocator@U?$pair@$$CBGPAUsGAME_AGENT_INFO@@@std@@@util@@@std@@QAE?AV?$_Iterator@$00@12@XZ 00404670 f i GameAgentInfoList.obj
 0001:00003670       ?end@?$list@U?$pair@$$CBKPAVGameAgentServerSession@@@std@@V?$CustomAllocator@U?$pair@$$CBKPAVGameAgentServerSession@@@std@@@util@@@std@@QAE?AV?$_Iterator@$00@12@XZ 00404670 f i AuthServerSession.obj
 0001:000036a0       ??C?$_Const_iterator@$00@?$list@U?$pair@$$CBGPAUsGAME_AGENT_INFO@@@std@@V?$CustomAllocator@U?$pair@$$CBGPAUsGAME_AGENT_INFO@@@std@@@util@@@std@@QBEPBU?$pair@$$CBGPAUsGAME_AGENT_INFO@@@2@XZ 004046a0 f i GameAgentInfoList.obj
 0001:000036a0       ??D?$_Iterator@$00@?$list@U?$pair@$$CBKPAVGameAgentServerSession@@@std@@V?$CustomAllocator@U?$pair@$$CBKPAVGameAgentServerSession@@@std@@@util@@@std@@QBEAAU?$pair@$$CBKPAVGameAgentServerSession@@@2@XZ 004046a0 f i AuthServerSession.obj
 0001:000036a0       ??D?$_Iterator@$00@?$list@U?$pair@$$CBGPAUsGAME_AGENT_INFO@@@std@@V?$CustomAllocator@U?$pair@$$CBGPAUsGAME_AGENT_INFO@@@std@@@util@@@std@@QBEAAU?$pair@$$CBGPAUsGAME_AGENT_INFO@@@2@XZ 004046a0 f i GameAgentInfoList.obj
 0001:000036c0       ??E?$_Const_iterator@$00@?$list@U?$pair@$$CBGPAUsGAME_AGENT_INFO@@@std@@V?$CustomAllocator@U?$pair@$$CBGPAUsGAME_AGENT_INFO@@@std@@@util@@@std@@QAEAAV012@XZ 004046c0 f i GameAgentInfoList.obj
 0001:000036c0       ??E?$_Const_iterator@$00@?$list@U?$pair@$$CBKPAVGameAgentServerSession@@@std@@V?$CustomAllocator@U?$pair@$$CBKPAVGameAgentServerSession@@@std@@@util@@@std@@QAEAAV012@XZ 004046c0 f i AuthServerSession.obj
 0001:00003730       ?_Getmycont@_Iterator_base_aux@std@@QBEPBV_Container_base_aux@2@XZ 00404730 f i AuthServerSession.obj
 0001:00003760       ?_Has_container@_Iterator_base_aux@std@@QBE_NXZ 00404760 f i AuthServerSession.obj
 0001:00003780       ?_Same_container@_Iterator_base_aux@std@@QBE_NABV12@@Z 00404780 f i AuthServerSession.obj
 0001:000037a0       ??0?$_Iterator@$00@?$list@U?$pair@$$CBGPAUsGAME_AGENT_INFO@@@std@@V?$CustomAllocator@U?$pair@$$CBGPAUsGAME_AGENT_INFO@@@std@@@util@@@std@@QAE@PAU_Node@?$_List_nod@U?$pair@$$CBGPAUsGAME_AGENT_INFO@@@std@@V?$CustomAllocator@U?$pair@$$CBGPAUsGAME_AGENT_INFO@@@std@@@util@@@2@PBV12@@Z 004047a0 f i GameAgentInfoList.obj
 0001:000037a0       ??0?$_Iterator@$00@?$list@U?$pair@$$CBKPAVGameAgentServerSession@@@std@@V?$CustomAllocator@U?$pair@$$CBKPAVGameAgentServerSession@@@std@@@util@@@std@@QAE@PAU_Node@?$_List_nod@U?$pair@$$CBKPAVGameAgentServerSession@@@std@@V?$CustomAllocator@U?$pair@$$CBKPAVGameAgentServerSession@@@std@@@util@@@2@PBV12@@Z 004047a0 f i AuthServerSession.obj
 0001:000037c0       ??D?$_Const_iterator@$00@?$list@U?$pair@$$CBGPAUsGAME_AGENT_INFO@@@std@@V?$CustomAllocator@U?$pair@$$CBGPAUsGAME_AGENT_INFO@@@std@@@util@@@std@@QBEABU?$pair@$$CBGPAUsGAME_AGENT_INFO@@@2@XZ 004047c0 f i GameAgentInfoList.obj
 0001:000037c0       ??D?$_Const_iterator@$00@?$list@U?$pair@$$CBKPAVGameAgentServerSession@@@std@@V?$CustomAllocator@U?$pair@$$CBKPAVGameAgentServerSession@@@std@@@util@@@std@@QBEABU?$pair@$$CBKPAVGameAgentServerSession@@@2@XZ 004047c0 f i AuthServerSession.obj
 0001:00003820       ?_Myval@?$list@U?$pair@$$CBKPAVGameAgentServerSession@@@std@@V?$CustomAllocator@U?$pair@$$CBKPAVGameAgentServerSession@@@std@@@util@@@std@@KAAAU?$pair@$$CBKPAVGameAgentServerSession@@@2@PAU_Node@?$_List_nod@U?$pair@$$CBKPAVGameAgentServerSession@@@std@@V?$CustomAllocator@U?$pair@$$CBKPAVGameAgentServerSession@@@std@@@util@@@2@@Z 00404820 f i AuthServerSession.obj
 0001:00003820       ?_Myval@?$list@U?$pair@$$CBGPAUsGAME_AGENT_INFO@@@std@@V?$CustomAllocator@U?$pair@$$CBGPAUsGAME_AGENT_INFO@@@std@@@util@@@std@@KAAAU?$pair@$$CBGPAUsGAME_AGENT_INFO@@@2@PAU_Node@?$_List_nod@U?$pair@$$CBGPAUsGAME_AGENT_INFO@@@std@@V?$CustomAllocator@U?$pair@$$CBGPAUsGAME_AGENT_INFO@@@std@@@util@@@2@@Z 00404820 f i GameAgentInfoList.obj
 0001:00003830       ??0?$_Const_iterator@$00@?$list@U?$pair@$$CBKPAVGameAgentServerSession@@@std@@V?$CustomAllocator@U?$pair@$$CBKPAVGameAgentServerSession@@@std@@@util@@@std@@QAE@PAU_Node@?$_List_nod@U?$pair@$$CBKPAVGameAgentServerSession@@@std@@V?$CustomAllocator@U?$pair@$$CBKPAVGameAgentServerSession@@@std@@@util@@@2@PBV12@@Z 00404830 f i AuthServerSession.obj
 0001:00003830       ??0?$_Const_iterator@$00@?$list@U?$pair@$$CBGPAUsGAME_AGENT_INFO@@@std@@V?$CustomAllocator@U?$pair@$$CBGPAUsGAME_AGENT_INFO@@@std@@@util@@@std@@QAE@PAU_Node@?$_List_nod@U?$pair@$$CBGPAUsGAME_AGENT_INFO@@@std@@V?$CustomAllocator@U?$pair@$$CBGPAUsGAME_AGENT_INFO@@@std@@@util@@@2@PBV12@@Z 00404830 f i GameAgentInfoList.obj
 0001:00003880       ?_Set_container@_Iterator_base_aux@std@@QAEXQBV_Container_base_aux@2@@Z 00404880 f i AuthServerSession.obj
 0001:000038a0       ??0_Iterator_base_aux@std@@QAE@XZ 004048a0 f i AuthServerSession.obj
 0001:000038a0       ??0?$simple_segregated_storage@I@boost@@QAE@XZ 004048a0 f i AuthAgentFrame.obj
 0001:000038c0       __tcsncpy                  004048c0 f i AuthServerSession.obj
 0001:000038e0       ??0GameAgentServerSession@@QAE@XZ 004048e0 f   GameAgentServerSession.obj
 0001:00003910       ??1GameAgentServerSession@@UAE@XZ 00404910 f   GameAgentServerSession.obj
 0001:00003930       ?AuthenticateConnectedAgentServer@GameAgentServerSession@@AAEXKG@Z 00404930 f   GameAgentServerSession.obj
 0001:00003a20       ?OnAccept@GameAgentServerSession@@MAEXK@Z 00404a20 f   GameAgentServerSession.obj
 0001:00003a40       ?OnDisconnect@GameAgentServerSession@@MAEXXZ 00404a40 f   GameAgentServerSession.obj
 0001:00003ad0       ?OnRecv@GameAgentServerSession@@MAEXPAEG@Z 00404ad0 f   GameAgentServerSession.obj
 0001:00003ca0       ?OnAU_AUTH_CONNECTOR_CHANGE_CONFIG_SYN@GameAgentServerSession@@AAEXPAUMSG_BASE_INTERNAL@@G@Z 00404ca0 f   GameAgentServerSession.obj
 0001:00003d10       ?OnGA_AUTH_NEWCLIENT_TO_GAMEAGENT_ACK@GameAgentServerSession@@AAEXPAUMSG_BASE_INTERNAL@@G@Z 00404d10 f   GameAgentServerSession.obj
 0001:00003d90       ?OnGA_AUTH_PC_LOGIN_CMD@GameAgentServerSession@@AAEXPAUMSG_BASE_INTERNAL@@G@Z 00404d90 f   GameAgentServerSession.obj
 0001:00003e00       ?OnGA_AUTH_PC_LOGOUT_CMD@GameAgentServerSession@@AAEXPAUMSG_BASE_INTERNAL@@G@Z 00404e00 f   GameAgentServerSession.obj
 0001:00003e70       ?OnGA_AUTH_ASK_PC_LOGOUT_ACK@GameAgentServerSession@@AAEXPAUMSG_BASE_INTERNAL@@G@Z 00404e70 f   GameAgentServerSession.obj
 0001:00003ee0       ?OnGA_AUTH_BILLING_ALARM_ACK@GameAgentServerSession@@AAEXPAUMSG_BASE_INTERNAL@@G@Z 00404ee0 f   GameAgentServerSession.obj
 0001:00003f20       ?OnGA_AUTH_PC_NAME_NTF@GameAgentServerSession@@AAEXPAUMSG_BASE_INTERNAL@@G@Z 00404f20 f   GameAgentServerSession.obj
 0001:00003f90       ?OnGA_AUTH_USER_COUNT_NTF@GameAgentServerSession@@AAEXPAUMSG_BASE_INTERNAL@@G@Z 00404f90 f   GameAgentServerSession.obj
 0001:00003fe0       ?OnAU_AUTH_SERVER_SELECT_SYN@GameAgentServerSession@@AAEXPAUMSG_BASE_INTERNAL@@G@Z 00404fe0 f   GameAgentServerSession.obj
 0001:00004030       ?OnAU_AUTH_COMMON_QUERY_USER_ID_SYN@GameAgentServerSession@@AAEXPAUMSG_BASE_INTERNAL@@G@Z 00405030 f   GameAgentServerSession.obj
 0001:00004090       ?GetServerType@GameAgentServerSession@@UAE?AW4eSERVER_TYPE@@XZ 00405090 f i GameAgentServerSession.obj
 0001:000040a0       ?SendPacket@AuthServerSession@@UAEHPAUMSG_BASE_INTERNAL@@G@Z 004050a0 f i AuthServerSession.obj
 0001:000040a0       ?SendPacket@GameAgentServerSession@@UAEHPAUMSG_BASE_INTERNAL@@G@Z 004050a0 f i GameAgentServerSession.obj
 0001:000040a0       ?SendPacket@AuthServerSession@@UAEHPAUMSG_BASE@@G@Z 004050a0 f i AuthServerSession.obj
 0001:000040a0       ?SendPacket@GameAgentServerSession@@UAEHPAUMSG_BASE@@G@Z 004050a0 f i GameAgentServerSession.obj
 0001:000040c0       ??_EGameAgentServerSession@@UAEPAXI@Z 004050c0 f i GameAgentServerSession.obj
 0001:000040c0       ??_GGameAgentServerSession@@UAEPAXI@Z 004050c0 f i GameAgentServerSession.obj
 0001:000040f0       ??0MSG_AU_AUTH_HEART_BEAT_ACK@@QAE@XZ 004050f0 f i GameAgentServerSession.obj
 0001:00004110       ?GetSize@MSG_AU_AUTH_HEART_BEAT_ACK@@QBEGXZ 00405110 f i GameAgentServerSession.obj
 0001:00004120       ??0MSG_AS_AUTH_PC_LOGIN_CMD@@QAE@XZ 00405120 f i GameAgentServerSession.obj
 0001:00004150       ??0MSG_GA_AUTH_PC_LOGIN_CMD@@QAE@XZ 00405150 f i GameAgentServerSession.obj
 0001:00004170       ??0MSG_AS_AUTH_PC_LOGOUT_CMD@@QAE@XZ 00405170 f i GameAgentServerSession.obj
 0001:000041a0       ??0MSG_GA_AUTH_PC_LOGOUT_CMD@@QAE@XZ 004051a0 f i GameAgentServerSession.obj
 0001:000041c0       ??0MSG_AS_AUTH_PC_NAME_NTF@@QAE@XZ 004051c0 f i GameAgentServerSession.obj
 0001:000041f0       ??0MSG_GA_AUTH_PC_NAME_NTF@@QAE@XZ 004051f0 f i GameAgentServerSession.obj
 0001:00004210       ??0MSG_AS_AUTH_USER_COUNT_NTF@@QAE@XZ 00405210 f i GameAgentServerSession.obj
 0001:00004240       ??0MSG_GA_AUTH_USER_COUNT_NTF@@QAE@XZ 00405240 f i GameAgentServerSession.obj
 0001:00004260       ??0GameAgentInfoList@@QAE@XZ 00405260 f   GameAgentInfoList.obj
 0001:000042d0       ??1GameAgentInfoList@@QAE@XZ 004052d0 f   GameAgentInfoList.obj
 0001:00004330       ?Release@GameAgentInfoList@@QAEXXZ 00405330 f   GameAgentInfoList.obj
 0001:000043c0       ?AddAgentInfo@GameAgentInfoList@@QAE_NPBUsGAME_AGENT_INFO@@@Z 004053c0 f   GameAgentInfoList.obj
 0001:00004460       ?RemoveAgentInfo@GameAgentInfoList@@QAEXG@Z 00405460 f   GameAgentInfoList.obj
 0001:000044f0       ?FindAgentInfo@GameAgentInfoList@@QAEPBUsGAME_AGENT_INFO@@G@Z 004054f0 f   GameAgentInfoList.obj
 0001:00004540       ?FindAgentInfoForPrivateIPAddress@GameAgentInfoList@@QAEPBUsGAME_AGENT_INFO@@KG@Z 00405540 f   GameAgentInfoList.obj
 0001:000045e0       ?Display@GameAgentInfoList@@QAEXXZ 004055e0 f   GameAgentInfoList.obj
 0001:000046b0       ??1?$chunk_hash_map@KPAVGameAgentServerSession@@V?$hash_compare@KU?$less@K@std@@@stdext@@@util@@QAE@XZ 004056b0 f i GameAgentManager.obj
 0001:000046b0       ??1?$chunk_hash_map@GPAUsGAME_AGENT_INFO@@V?$hash_compare@GU?$less@G@std@@@stdext@@@util@@QAE@XZ 004056b0 f i GameAgentInfoList.obj
 0001:000046d0       ??1?$hash_map@GPAUsGAME_AGENT_INFO@@V?$hash_compare@GU?$less@G@std@@@stdext@@V?$CustomAllocator@PAUsGAME_AGENT_INFO@@@util@@@stdext@@QAE@XZ 004056d0 f i GameAgentInfoList.obj
 0001:000046d0       ??1?$hash_map@KPAVGameAgentServerSession@@V?$hash_compare@KU?$less@K@std@@@stdext@@V?$CustomAllocator@PAVGameAgentServerSession@@@util@@@stdext@@QAE@XZ 004056d0 f i GameAgentManager.obj
 0001:000046f0       ??0?$chunk_hash_map@KPAVGameAgentServerSession@@V?$hash_compare@KU?$less@K@std@@@stdext@@@util@@QAE@ABV?$hash_compare@KU?$less@K@std@@@stdext@@ABV?$CustomAllocator@U?$pair@$$CBKPAVGameAgentServerSession@@@std@@@1@@Z 004056f0 f i GameAgentManager.obj
 0001:000046f0       ??0?$chunk_hash_map@GPAUsGAME_AGENT_INFO@@V?$hash_compare@GU?$less@G@std@@@stdext@@@util@@QAE@ABV?$hash_compare@GU?$less@G@std@@@stdext@@ABV?$CustomAllocator@U?$pair@$$CBGPAUsGAME_AGENT_INFO@@@std@@@1@@Z 004056f0 f i GameAgentInfoList.obj
 0001:00004710       ??1?$_Hash@V?$_Hmap_traits@KPAVGameAgentServerSession@@V?$hash_compare@KU?$less@K@std@@@stdext@@V?$CustomAllocator@PAVGameAgentServerSession@@@util@@$0A@@stdext@@@stdext@@QAE@XZ 00405710 f i GameAgentManager.obj
 0001:00004710       ??1?$_Hash@V?$_Hmap_traits@GPAUsGAME_AGENT_INFO@@V?$hash_compare@GU?$less@G@std@@@stdext@@V?$CustomAllocator@PAUsGAME_AGENT_INFO@@@util@@$0A@@stdext@@@stdext@@QAE@XZ 00405710 f i GameAgentInfoList.obj
 0001:00004780       ?insert@?$_Hash@V?$_Hmap_traits@GPAUsGAME_AGENT_INFO@@V?$hash_compare@GU?$less@G@std@@@stdext@@V?$CustomAllocator@PAUsGAME_AGENT_INFO@@@util@@$0A@@stdext@@@stdext@@QAE?AU?$pair@V?$_Iterator@$00@?$list@U?$pair@$$CBGPAUsGAME_AGENT_INFO@@@std@@V?$CustomAllocator@U?$pair@$$CBGPAUsGAME_AGENT_INFO@@@std@@@util@@@std@@_N@std@@ABU?$pair@$$CBGPAUsGAME_AGENT_INFO@@@4@@Z 00405780 f i GameAgentInfoList.obj
 0001:000047c0       ?erase@?$_Hash@V?$_Hmap_traits@GPAUsGAME_AGENT_INFO@@V?$hash_compare@GU?$less@G@std@@@stdext@@V?$CustomAllocator@PAUsGAME_AGENT_INFO@@@util@@$0A@@stdext@@@stdext@@QAE?AV?$_Iterator@$00@?$list@U?$pair@$$CBGPAUsGAME_AGENT_INFO@@@std@@V?$CustomAllocator@U?$pair@$$CBGPAUsGAME_AGENT_INFO@@@std@@@util@@@std@@V?$_Const_iterator@$00@45@@Z 004057c0 f i GameAgentInfoList.obj
 0001:00004890       ?clear@?$_Hash@V?$_Hmap_traits@GPAUsGAME_AGENT_INFO@@V?$hash_compare@GU?$less@G@std@@@stdext@@V?$CustomAllocator@PAUsGAME_AGENT_INFO@@@util@@$0A@@stdext@@@stdext@@QAEXXZ 00405890 f i GameAgentInfoList.obj
 0001:000048b0       ?find@?$_Hash@V?$_Hmap_traits@GPAUsGAME_AGENT_INFO@@V?$hash_compare@GU?$less@G@std@@@stdext@@V?$CustomAllocator@PAUsGAME_AGENT_INFO@@@util@@$0A@@stdext@@@stdext@@QAE?AV?$_Iterator@$00@?$list@U?$pair@$$CBGPAUsGAME_AGENT_INFO@@@std@@V?$CustomAllocator@U?$pair@$$CBGPAUsGAME_AGENT_INFO@@@std@@@util@@@std@@ABG@Z 004058b0 f i GameAgentInfoList.obj
 0001:000048d0       ??C?$_Iterator@$00@?$list@U?$pair@$$CBGPAUsGAME_AGENT_INFO@@@std@@V?$CustomAllocator@U?$pair@$$CBGPAUsGAME_AGENT_INFO@@@std@@@util@@@std@@QBEPAU?$pair@$$CBGPAUsGAME_AGENT_INFO@@@2@XZ 004058d0 f i GameAgentInfoList.obj
 0001:000048d0       ??C?$_Iterator@$00@?$list@U?$pair@$$CBKPAVGameAgentServerSession@@@std@@V?$CustomAllocator@U?$pair@$$CBKPAVGameAgentServerSession@@@std@@@util@@@std@@QBEPAU?$pair@$$CBKPAVGameAgentServerSession@@@2@XZ 004058d0 f i AuthServerSession.obj
 0001:000048f0       ??8?$_Const_iterator@$00@?$list@U?$pair@$$CBKPAVGameAgentServerSession@@@std@@V?$CustomAllocator@U?$pair@$$CBKPAVGameAgentServerSession@@@std@@@util@@@std@@QBE_NABV012@@Z 004058f0 f i AuthServerSession.obj
 0001:000048f0       ??8?$_Const_iterator@$00@?$list@U?$pair@$$CBGPAUsGAME_AGENT_INFO@@@std@@V?$CustomAllocator@U?$pair@$$CBGPAUsGAME_AGENT_INFO@@@std@@@util@@@std@@QBE_NABV012@@Z 004058f0 f i GameAgentInfoList.obj
 0001:00004940       ??9?$_Const_iterator@$00@?$list@U?$pair@$$CBGPAUsGAME_AGENT_INFO@@@std@@V?$CustomAllocator@U?$pair@$$CBGPAUsGAME_AGENT_INFO@@@std@@@util@@@std@@QBE_NABV012@@Z 00405940 f i GameAgentInfoList.obj
 0001:00004940       ??9?$_Const_iterator@$00@?$list@U?$pair@$$CBKPAVGameAgentServerSession@@@std@@V?$CustomAllocator@U?$pair@$$CBKPAVGameAgentServerSession@@@std@@@util@@@std@@QBE_NABV012@@Z 00405940 f i AuthServerSession.obj
 0001:00004970       ??1?$Singleton@VAuthAgentFrame@@$00@util@@IAE@XZ 00405970 f i AuthAgentFrame.obj
 0001:00004970       ?Connect@ServerSession@@UAEXXZ 00405970 f i AuthServerSession.obj
 0001:00004970       ??1?$Singleton@VGameAgentInfoList@@$00@util@@IAE@XZ 00405970 f i GameAgentInfoList.obj
 0001:00004970       ?Release@IMemoryPoolFactoryImpl@internal@util@@UAEXXZ 00405970 f i AuthAgentFrame.obj
 0001:00004970       ??1?$Singleton@VGameAgentManager@@$00@util@@IAE@XZ 00405970 f i GameAgentManager.obj
 0001:00004970       ??1_Container_base_aux@std@@QAE@XZ 00405970 f i GameAgentInfoList.obj
 0001:00004980       ??0?$hash_map@GPAUsGAME_AGENT_INFO@@V?$hash_compare@GU?$less@G@std@@@stdext@@V?$CustomAllocator@PAUsGAME_AGENT_INFO@@@util@@@stdext@@QAE@ABV?$hash_compare@GU?$less@G@std@@@1@ABV?$CustomAllocator@U?$pair@$$CBGPAUsGAME_AGENT_INFO@@@std@@@util@@@Z 00405980 f i GameAgentInfoList.obj
 0001:00004980       ??0?$hash_map@KPAVGameAgentServerSession@@V?$hash_compare@KU?$less@K@std@@@stdext@@V?$CustomAllocator@PAVGameAgentServerSession@@@util@@@stdext@@QAE@ABV?$hash_compare@KU?$less@K@std@@@1@ABV?$CustomAllocator@U?$pair@$$CBKPAVGameAgentServerSession@@@std@@@util@@@Z 00405980 f i GameAgentManager.obj
 0001:000049a0       ?lower_bound@?$_Hash@V?$_Hmap_traits@GPAUsGAME_AGENT_INFO@@V?$hash_compare@GU?$less@G@std@@@stdext@@V?$CustomAllocator@PAUsGAME_AGENT_INFO@@@util@@$0A@@stdext@@@stdext@@QAE?AV?$_Iterator@$00@?$list@U?$pair@$$CBGPAUsGAME_AGENT_INFO@@@std@@V?$CustomAllocator@U?$pair@$$CBGPAUsGAME_AGENT_INFO@@@std@@@util@@@std@@ABG@Z 004059a0 f i GameAgentInfoList.obj
 0001:00004ac0       ?_Hashval@?$_Hash@V?$_Hmap_traits@GPAUsGAME_AGENT_INFO@@V?$hash_compare@GU?$less@G@std@@@stdext@@V?$CustomAllocator@PAUsGAME_AGENT_INFO@@@util@@$0A@@stdext@@@stdext@@IBEIABG@Z 00405ac0 f i GameAgentInfoList.obj
 0001:00004b10       ?_Init@?$_Hash@V?$_Hmap_traits@KPAVGameAgentServerSession@@V?$hash_compare@KU?$less@K@std@@@stdext@@V?$CustomAllocator@PAVGameAgentServerSession@@@util@@$0A@@stdext@@@stdext@@IAEXI@Z 00405b10 f i GameAgentManager.obj
 0001:00004b10       ?_Init@?$_Hash@V?$_Hmap_traits@GPAUsGAME_AGENT_INFO@@V?$hash_compare@GU?$less@G@std@@@stdext@@V?$CustomAllocator@PAUsGAME_AGENT_INFO@@@util@@$0A@@stdext@@@stdext@@IAEXI@Z 00405b10 f i GameAgentInfoList.obj
 0001:00004b70       ?_Insert@?$_Hash@V?$_Hmap_traits@GPAUsGAME_AGENT_INFO@@V?$hash_compare@GU?$less@G@std@@@stdext@@V?$CustomAllocator@PAUsGAME_AGENT_INFO@@@util@@$0A@@stdext@@@stdext@@IAE?AU?$pair@V?$_Iterator@$00@?$list@U?$pair@$$CBGPAUsGAME_AGENT_INFO@@@std@@V?$CustomAllocator@U?$pair@$$CBGPAUsGAME_AGENT_INFO@@@std@@@util@@@std@@_N@std@@ABU?$pair@$$CBGPAUsGAME_AGENT_INFO@@@4@V?$_Iterator@$00@?$list@U?$pair@$$CBGPAUsGAME_AGENT_INFO@@@std@@V?$CustomAllocator@U?$pair@$$CBGPAUsGAME_AGENT_INFO@@@std@@@util@@@4@@Z 00405b70 f i GameAgentInfoList.obj
 0001:00004e50       ??1?$list@U?$pair@$$CBGPAUsGAME_AGENT_INFO@@@std@@V?$CustomAllocator@U?$pair@$$CBGPAUsGAME_AGENT_INFO@@@std@@@util@@@std@@QAE@XZ 00405e50 f i GameAgentInfoList.obj
 0001:00004e50       ??1?$list@U?$pair@$$CBKPAVGameAgentServerSession@@@std@@V?$CustomAllocator@U?$pair@$$CBKPAVGameAgentServerSession@@@std@@@util@@@std@@QAE@XZ 00405e50 f i GameAgentManager.obj
 0001:00004eb0       ?size@?$list@U?$pair@$$CBKPAVGameAgentServerSession@@@std@@V?$CustomAllocator@U?$pair@$$CBKPAVGameAgentServerSession@@@std@@@util@@@std@@QBEIXZ 00405eb0 f i GameAgentManager.obj
 0001:00004eb0       ?size@?$list@U?$pair@$$CBGPAUsGAME_AGENT_INFO@@@std@@V?$CustomAllocator@U?$pair@$$CBGPAUsGAME_AGENT_INFO@@@std@@@util@@@std@@QBEIXZ 00405eb0 f i GameAgentInfoList.obj
 0001:00004ed0       ?erase@?$list@U?$pair@$$CBKPAVGameAgentServerSession@@@std@@V?$CustomAllocator@U?$pair@$$CBKPAVGameAgentServerSession@@@std@@@util@@@std@@QAE?AV?$_Iterator@$00@12@V?$_Const_iterator@$00@12@@Z 00405ed0 f i GameAgentManager.obj
 0001:00004ed0       ?erase@?$list@U?$pair@$$CBGPAUsGAME_AGENT_INFO@@@std@@V?$CustomAllocator@U?$pair@$$CBGPAUsGAME_AGENT_INFO@@@std@@@util@@@std@@QAE?AV?$_Iterator@$00@12@V?$_Const_iterator@$00@12@@Z 00405ed0 f i GameAgentInfoList.obj
 0001:00004fa0       ?clear@?$list@U?$pair@$$CBGPAUsGAME_AGENT_INFO@@@std@@V?$CustomAllocator@U?$pair@$$CBGPAUsGAME_AGENT_INFO@@@std@@@util@@@std@@QAEXXZ 00405fa0 f i GameAgentInfoList.obj
 0001:00004fa0       ?clear@?$list@U?$pair@$$CBKPAVGameAgentServerSession@@@std@@V?$CustomAllocator@U?$pair@$$CBKPAVGameAgentServerSession@@@std@@@util@@@std@@QAEXXZ 00405fa0 f i GameAgentManager.obj
 0001:00005040       ??1?$vector@U_List_position@?$_Hash@V?$_Hmap_traits@GPAUsGAME_AGENT_INFO@@V?$hash_compare@GU?$less@G@std@@@stdext@@V?$CustomAllocator@PAUsGAME_AGENT_INFO@@@util@@$0A@@stdext@@@stdext@@V?$CustomAllocator@U_List_position@?$_Hash@V?$_Hmap_traits@GPAUsGAME_AGENT_INFO@@V?$hash_compare@GU?$less@G@std@@@stdext@@V?$CustomAllocator@PAUsGAME_AGENT_INFO@@@util@@$0A@@stdext@@@stdext@@@util@@@std@@QAE@XZ 00406040 f i GameAgentInfoList.obj
 0001:00005040       ??1?$vector@U_List_position@?$_Hash@V?$_Hmap_traits@KPAVGameAgentServerSession@@V?$hash_compare@KU?$less@K@std@@@stdext@@V?$CustomAllocator@PAVGameAgentServerSession@@@util@@$0A@@stdext@@@stdext@@V?$CustomAllocator@U_List_position@?$_Hash@V?$_Hmap_traits@KPAVGameAgentServerSession@@V?$hash_compare@KU?$less@K@std@@@stdext@@V?$CustomAllocator@PAVGameAgentServerSession@@@util@@$0A@@stdext@@@stdext@@@util@@@std@@QAE@XZ 00406040 f i GameAgentManager.obj
 0001:000050a0       ??0_List_position@?$_Hash@V?$_Hmap_traits@KPAVGameAgentServerSession@@V?$hash_compare@KU?$less@K@std@@@stdext@@V?$CustomAllocator@PAVGameAgentServerSession@@@util@@$0A@@stdext@@@stdext@@QAE@V?$_Iterator@$00@?$list@U?$pair@$$CBKPAVGameAgentServerSession@@@std@@V?$CustomAllocator@U?$pair@$$CBKPAVGameAgentServerSession@@@std@@@util@@@std@@@Z 004060a0 f i GameAgentManager.obj
 0001:000050a0       ??0_List_position@?$_Hash@V?$_Hmap_traits@GPAUsGAME_AGENT_INFO@@V?$hash_compare@GU?$less@G@std@@@stdext@@V?$CustomAllocator@PAUsGAME_AGENT_INFO@@@util@@$0A@@stdext@@@stdext@@QAE@V?$_Iterator@$00@?$list@U?$pair@$$CBGPAUsGAME_AGENT_INFO@@@std@@V?$CustomAllocator@U?$pair@$$CBGPAUsGAME_AGENT_INFO@@@std@@@util@@@std@@@Z 004060a0 f i GameAgentInfoList.obj
 0001:000050d0       ??1?$_List_val@U?$pair@$$CBGPAUsGAME_AGENT_INFO@@@std@@V?$CustomAllocator@U?$pair@$$CBGPAUsGAME_AGENT_INFO@@@std@@@util@@@std@@QAE@XZ 004060d0 f i GameAgentInfoList.obj
 0001:000050d0       ??1?$_List_val@U?$pair@$$CBKPAVGameAgentServerSession@@@std@@V?$CustomAllocator@U?$pair@$$CBKPAVGameAgentServerSession@@@std@@@util@@@std@@QAE@XZ 004060d0 f i GameAgentManager.obj
 0001:000050f0       ??1?$_Vector_val@U_List_position@?$_Hash@V?$_Hmap_traits@KPAVGameAgentServerSession@@V?$hash_compare@KU?$less@K@std@@@stdext@@V?$CustomAllocator@PAVGameAgentServerSession@@@util@@$0A@@stdext@@@stdext@@V?$CustomAllocator@U_List_position@?$_Hash@V?$_Hmap_traits@KPAVGameAgentServerSession@@V?$hash_compare@KU?$less@K@std@@@stdext@@V?$CustomAllocator@PAVGameAgentServerSession@@@util@@$0A@@stdext@@@stdext@@@util@@@std@@QAE@XZ 004060f0 f i GameAgentManager.obj
 0001:000050f0       ??1?$_List_nod@U?$pair@$$CBKPAVGameAgentServerSession@@@std@@V?$CustomAllocator@U?$pair@$$CBKPAVGameAgentServerSession@@@std@@@util@@@std@@QAE@XZ 004060f0 f i GameAgentManager.obj
 0001:000050f0       ??1?$_Vector_val@U_List_position@?$_Hash@V?$_Hmap_traits@GPAUsGAME_AGENT_INFO@@V?$hash_compare@GU?$less@G@std@@@stdext@@V?$CustomAllocator@PAUsGAME_AGENT_INFO@@@util@@$0A@@stdext@@@stdext@@V?$CustomAllocator@U_List_position@?$_Hash@V?$_Hmap_traits@GPAUsGAME_AGENT_INFO@@V?$hash_compare@GU?$less@G@std@@@stdext@@V?$CustomAllocator@PAUsGAME_AGENT_INFO@@@util@@$0A@@stdext@@@stdext@@@util@@@std@@QAE@XZ 004060f0 f i GameAgentInfoList.obj
 0001:000050f0       ??1?$_List_nod@U?$pair@$$CBGPAUsGAME_AGENT_INFO@@@std@@V?$CustomAllocator@U?$pair@$$CBGPAUsGAME_AGENT_INFO@@@std@@@util@@@std@@QAE@XZ 004060f0 f i GameAgentInfoList.obj
 0001:00005110       ??1?$_List_ptr@U?$pair@$$CBKPAVGameAgentServerSession@@@std@@V?$CustomAllocator@U?$pair@$$CBKPAVGameAgentServerSession@@@std@@@util@@@std@@QAE@XZ 00406110 f i GameAgentManager.obj
 0001:00005110       ??1?$_List_ptr@U?$pair@$$CBGPAUsGAME_AGENT_INFO@@@std@@V?$CustomAllocator@U?$pair@$$CBGPAUsGAME_AGENT_INFO@@@std@@@util@@@std@@QAE@XZ 00406110 f i GameAgentInfoList.obj
 0001:00005130       ??0?$_Hash@V?$_Hmap_traits@GPAUsGAME_AGENT_INFO@@V?$hash_compare@GU?$less@G@std@@@stdext@@V?$CustomAllocator@PAUsGAME_AGENT_INFO@@@util@@$0A@@stdext@@@stdext@@QAE@ABV?$hash_compare@GU?$less@G@std@@@1@ABV?$CustomAllocator@U?$pair@$$CBGPAUsGAME_AGENT_INFO@@@std@@@util@@@Z 00406130 f i GameAgentInfoList.obj
 0001:00005130       ??0?$_Hash@V?$_Hmap_traits@KPAVGameAgentServerSession@@V?$hash_compare@KU?$less@K@std@@@stdext@@V?$CustomAllocator@PAVGameAgentServerSession@@@util@@$0A@@stdext@@@stdext@@QAE@ABV?$hash_compare@KU?$less@K@std@@@1@ABV?$CustomAllocator@U?$pair@$$CBKPAVGameAgentServerSession@@@std@@@util@@@Z 00406130 f i GameAgentManager.obj
 0001:000051e0       ?bucket_count@?$_Hash@V?$_Hmap_traits@KPAVGameAgentServerSession@@V?$hash_compare@KU?$less@K@std@@@stdext@@V?$CustomAllocator@PAVGameAgentServerSession@@@util@@$0A@@stdext@@@stdext@@QBEIXZ 004061e0 f i GameAgentManager.obj
 0001:000051e0       ?bucket_count@?$_Hash@V?$_Hmap_traits@GPAUsGAME_AGENT_INFO@@V?$hash_compare@GU?$less@G@std@@@stdext@@V?$CustomAllocator@PAUsGAME_AGENT_INFO@@@util@@$0A@@stdext@@@stdext@@QBEIXZ 004061e0 f i GameAgentInfoList.obj
 0001:00005200       ?load_factor@?$_Hash@V?$_Hmap_traits@GPAUsGAME_AGENT_INFO@@V?$hash_compare@GU?$less@G@std@@@stdext@@V?$CustomAllocator@PAUsGAME_AGENT_INFO@@@util@@$0A@@stdext@@@stdext@@QBEMXZ 00406200 f i GameAgentInfoList.obj
 0001:00005200       ?load_factor@?$_Hash@V?$_Hmap_traits@KPAVGameAgentServerSession@@V?$hash_compare@KU?$less@K@std@@@stdext@@V?$CustomAllocator@PAVGameAgentServerSession@@@util@@$0A@@stdext@@@stdext@@QBEMXZ 00406200 f i GameAgentManager.obj
 0001:00005250       ?_Reinsert@?$_Hash@V?$_Hmap_traits@GPAUsGAME_AGENT_INFO@@V?$hash_compare@GU?$less@G@std@@@stdext@@V?$CustomAllocator@PAUsGAME_AGENT_INFO@@@util@@$0A@@stdext@@@stdext@@IAEXXZ 00406250 f i GameAgentInfoList.obj
 0001:000052d0       ??R?$hash_compare@GU?$less@G@std@@@stdext@@QBEIABG@Z 004062d0 f i GameAgentInfoList.obj
 0001:00005340       ??R?$hash_compare@GU?$less@G@std@@@stdext@@QBE_NABG0@Z 00406340 f i GameAgentInfoList.obj
 0001:00005360       ?_Prevnode@?$list@U?$pair@$$CBGPAUsGAME_AGENT_INFO@@@std@@V?$CustomAllocator@U?$pair@$$CBGPAUsGAME_AGENT_INFO@@@std@@@util@@@std@@KAAAPAU_Node@?$_List_nod@U?$pair@$$CBGPAUsGAME_AGENT_INFO@@@std@@V?$CustomAllocator@U?$pair@$$CBGPAUsGAME_AGENT_INFO@@@std@@@util@@@2@PAU342@@Z 00406360 f i GameAgentInfoList.obj
 0001:00005360       ?_Prevnode@?$list@U?$pair@$$CBKPAVGameAgentServerSession@@@std@@V?$CustomAllocator@U?$pair@$$CBKPAVGameAgentServerSession@@@std@@@util@@@std@@KAAAPAU_Node@?$_List_nod@U?$pair@$$CBKPAVGameAgentServerSession@@@std@@V?$CustomAllocator@U?$pair@$$CBKPAVGameAgentServerSession@@@std@@@util@@@2@PAU342@@Z 00406360 f i GameAgentManager.obj
 0001:00005370       ?_Make_iter@?$list@U?$pair@$$CBKPAVGameAgentServerSession@@@std@@V?$CustomAllocator@U?$pair@$$CBKPAVGameAgentServerSession@@@std@@@util@@@std@@QBE?AV?$_Iterator@$00@12@V?$_Const_iterator@$00@12@@Z 00406370 f i GameAgentManager.obj
 0001:00005370       ?_Make_iter@?$list@U?$pair@$$CBGPAUsGAME_AGENT_INFO@@@std@@V?$CustomAllocator@U?$pair@$$CBGPAUsGAME_AGENT_INFO@@@std@@@util@@@std@@QBE?AV?$_Iterator@$00@12@V?$_Const_iterator@$00@12@@Z 00406370 f i GameAgentInfoList.obj
 0001:00005390       ?_Tidy@?$list@U?$pair@$$CBKPAVGameAgentServerSession@@@std@@V?$CustomAllocator@U?$pair@$$CBKPAVGameAgentServerSession@@@std@@@util@@@std@@IAEXXZ 00406390 f i GameAgentManager.obj
 0001:00005390       ?_Tidy@?$list@U?$pair@$$CBGPAUsGAME_AGENT_INFO@@@std@@V?$CustomAllocator@U?$pair@$$CBGPAUsGAME_AGENT_INFO@@@std@@@util@@@std@@IAEXXZ 00406390 f i GameAgentInfoList.obj
 0001:00005400       ?size@?$vector@U_List_position@?$_Hash@V?$_Hmap_traits@KPAVGameAgentServerSession@@V?$hash_compare@KU?$less@K@std@@@stdext@@V?$CustomAllocator@PAVGameAgentServerSession@@@util@@$0A@@stdext@@@stdext@@V?$CustomAllocator@U_List_position@?$_Hash@V?$_Hmap_traits@KPAVGameAgentServerSession@@V?$hash_compare@KU?$less@K@std@@@stdext@@V?$CustomAllocator@PAVGameAgentServerSession@@@util@@$0A@@stdext@@@stdext@@@util@@@std@@QBEIXZ 00406400 f i GameAgentManager.obj
 0001:00005400       ?size@?$vector@U_List_position@?$_Hash@V?$_Hmap_traits@GPAUsGAME_AGENT_INFO@@V?$hash_compare@GU?$less@G@std@@@stdext@@V?$CustomAllocator@PAUsGAME_AGENT_INFO@@@util@@$0A@@stdext@@@stdext@@V?$CustomAllocator@U_List_position@?$_Hash@V?$_Hmap_traits@GPAUsGAME_AGENT_INFO@@V?$hash_compare@GU?$less@G@std@@@stdext@@V?$CustomAllocator@PAUsGAME_AGENT_INFO@@@util@@$0A@@stdext@@@stdext@@@util@@@std@@QBEIXZ 00406400 f i GameAgentInfoList.obj
 0001:00005420       ?max_size@?$vector@U_List_position@?$_Hash@V?$_Hmap_traits@KPAVGameAgentServerSession@@V?$hash_compare@KU?$less@K@std@@@stdext@@V?$CustomAllocator@PAVGameAgentServerSession@@@util@@$0A@@stdext@@@stdext@@V?$CustomAllocator@U_List_position@?$_Hash@V?$_Hmap_traits@KPAVGameAgentServerSession@@V?$hash_compare@KU?$less@K@std@@@stdext@@V?$CustomAllocator@PAVGameAgentServerSession@@@util@@$0A@@stdext@@@stdext@@@util@@@std@@QBEIXZ 00406420 f i GameAgentManager.obj
 0001:00005420       ?max_size@?$vector@U_List_position@?$_Hash@V?$_Hmap_traits@GPAUsGAME_AGENT_INFO@@V?$hash_compare@GU?$less@G@std@@@stdext@@V?$CustomAllocator@PAUsGAME_AGENT_INFO@@@util@@$0A@@stdext@@@stdext@@V?$CustomAllocator@U_List_position@?$_Hash@V?$_Hmap_traits@GPAUsGAME_AGENT_INFO@@V?$hash_compare@GU?$less@G@std@@@stdext@@V?$CustomAllocator@PAUsGAME_AGENT_INFO@@@util@@$0A@@stdext@@@stdext@@@util@@@std@@QBEIXZ 00406420 f i GameAgentInfoList.obj
 0001:00005440       ?assign@?$vector@U_List_position@?$_Hash@V?$_Hmap_traits@KPAVGameAgentServerSession@@V?$hash_compare@KU?$less@K@std@@@stdext@@V?$CustomAllocator@PAVGameAgentServerSession@@@util@@$0A@@stdext@@@stdext@@V?$CustomAllocator@U_List_position@?$_Hash@V?$_Hmap_traits@KPAVGameAgentServerSession@@V?$hash_compare@KU?$less@K@std@@@stdext@@V?$CustomAllocator@PAVGameAgentServerSession@@@util@@$0A@@stdext@@@stdext@@@util@@@std@@QAEXIABU_List_position@?$_Hash@V?$_Hmap_traits@KPAVGameAgentServerSession@@V?$hash_compare@KU?$less@K@std@@@stdext@@V?$CustomAllocator@PAVGameAgentServerSession@@@util@@$0A@@stdext@@@stdext@@@Z 00406440 f i GameAgentManager.obj
 0001:00005440       ?assign@?$vector@U_List_position@?$_Hash@V?$_Hmap_traits@GPAUsGAME_AGENT_INFO@@V?$hash_compare@GU?$less@G@std@@@stdext@@V?$CustomAllocator@PAUsGAME_AGENT_INFO@@@util@@$0A@@stdext@@@stdext@@V?$CustomAllocator@U_List_position@?$_Hash@V?$_Hmap_traits@GPAUsGAME_AGENT_INFO@@V?$hash_compare@GU?$less@G@std@@@stdext@@V?$CustomAllocator@PAUsGAME_AGENT_INFO@@@util@@$0A@@stdext@@@stdext@@@util@@@std@@QAEXIABU_List_position@?$_Hash@V?$_Hmap_traits@GPAUsGAME_AGENT_INFO@@V?$hash_compare@GU?$less@G@std@@@stdext@@V?$CustomAllocator@PAUsGAME_AGENT_INFO@@@util@@$0A@@stdext@@@stdext@@@Z 00406440 f i GameAgentInfoList.obj
 0001:00005460       ?_Tidy@?$vector@U_List_position@?$_Hash@V?$_Hmap_traits@KPAVGameAgentServerSession@@V?$hash_compare@KU?$less@K@std@@@stdext@@V?$CustomAllocator@PAVGameAgentServerSession@@@util@@$0A@@stdext@@@stdext@@V?$CustomAllocator@U_List_position@?$_Hash@V?$_Hmap_traits@KPAVGameAgentServerSession@@V?$hash_compare@KU?$less@K@std@@@stdext@@V?$CustomAllocator@PAVGameAgentServerSession@@@util@@$0A@@stdext@@@stdext@@@util@@@std@@IAEXXZ 00406460 f i GameAgentManager.obj
 0001:00005460       ?_Tidy@?$vector@U_List_position@?$_Hash@V?$_Hmap_traits@GPAUsGAME_AGENT_INFO@@V?$hash_compare@GU?$less@G@std@@@stdext@@V?$CustomAllocator@PAUsGAME_AGENT_INFO@@@util@@$0A@@stdext@@@stdext@@V?$CustomAllocator@U_List_position@?$_Hash@V?$_Hmap_traits@GPAUsGAME_AGENT_INFO@@V?$hash_compare@GU?$less@G@std@@@stdext@@V?$CustomAllocator@PAUsGAME_AGENT_INFO@@@util@@$0A@@stdext@@@stdext@@@util@@@std@@IAEXXZ 00406460 f i GameAgentInfoList.obj
 0001:000054d0       ??1?$_Container_base_aux_alloc_real@V?$CustomAllocator@U_List_position@?$_Hash@V?$_Hmap_traits@GPAUsGAME_AGENT_INFO@@V?$hash_compare@GU?$less@G@std@@@stdext@@V?$CustomAllocator@PAUsGAME_AGENT_INFO@@@util@@$0A@@stdext@@@stdext@@@util@@@std@@IAE@XZ 004064d0 f i GameAgentInfoList.obj
 0001:000054d0       ??1?$_Container_base_aux_alloc_real@V?$CustomAllocator@U_List_position@?$_Hash@V?$_Hmap_traits@KPAVGameAgentServerSession@@V?$hash_compare@KU?$less@K@std@@@stdext@@V?$CustomAllocator@PAVGameAgentServerSession@@@util@@$0A@@stdext@@@stdext@@@util@@@std@@IAE@XZ 004064d0 f i GameAgentManager.obj
 0001:000054d0       ??1?$_Container_base_aux_alloc_real@V?$CustomAllocator@U?$pair@$$CBKPAVGameAgentServerSession@@@std@@@util@@@std@@IAE@XZ 004064d0 f i GameAgentManager.obj
 0001:000054d0       ??1?$_Container_base_aux_alloc_real@V?$CustomAllocator@U?$pair@$$CBGPAUsGAME_AGENT_INFO@@@std@@@util@@@std@@IAE@XZ 004064d0 f i GameAgentInfoList.obj
 0001:00005530       ??0?$_Iterator@$00@?$list@U?$pair@$$CBGPAUsGAME_AGENT_INFO@@@std@@V?$CustomAllocator@U?$pair@$$CBGPAUsGAME_AGENT_INFO@@@std@@@util@@@std@@QAE@XZ 00406530 f i GameAgentInfoList.obj
 0001:00005530       ??0?$_Iterator@$00@?$list@U?$pair@$$CBKPAVGameAgentServerSession@@@std@@V?$CustomAllocator@U?$pair@$$CBKPAVGameAgentServerSession@@@std@@@util@@@std@@QAE@XZ 00406530 f i GameAgentManager.obj
 0001:00005550       ??0?$pair@V?$_Iterator@$00@?$list@U?$pair@$$CBKPAVGameAgentServerSession@@@std@@V?$CustomAllocator@U?$pair@$$CBKPAVGameAgentServerSession@@@std@@@util@@@std@@_N@std@@QAE@ABV?$_Iterator@$00@?$list@U?$pair@$$CBKPAVGameAgentServerSession@@@std@@V?$CustomAllocator@U?$pair@$$CBKPAVGameAgentServerSession@@@std@@@util@@@1@AB_N@Z 00406550 f i GameAgentManager.obj
 0001:00005550       ??0?$pair@V?$_Iterator@$00@?$list@U?$pair@$$CBGPAUsGAME_AGENT_INFO@@@std@@V?$CustomAllocator@U?$pair@$$CBGPAUsGAME_AGENT_INFO@@@std@@@util@@@std@@_N@std@@QAE@ABV?$_Iterator@$00@?$list@U?$pair@$$CBGPAUsGAME_AGENT_INFO@@@std@@V?$CustomAllocator@U?$pair@$$CBGPAUsGAME_AGENT_INFO@@@std@@@util@@@1@AB_N@Z 00406550 f i GameAgentInfoList.obj
 0001:00005580       ??0?$_Iterator@$0A@@?$list@U?$pair@$$CBKPAVGameAgentServerSession@@@std@@V?$CustomAllocator@U?$pair@$$CBKPAVGameAgentServerSession@@@std@@@util@@@std@@QAE@PAU_Node@?$_List_nod@U?$pair@$$CBKPAVGameAgentServerSession@@@std@@V?$CustomAllocator@U?$pair@$$CBKPAVGameAgentServerSession@@@std@@@util@@@2@PBV12@@Z 00406580 f i GameAgentManager.obj
 0001:00005580       ??0?$_Iterator@$0A@@?$list@U?$pair@$$CBGPAUsGAME_AGENT_INFO@@@std@@V?$CustomAllocator@U?$pair@$$CBGPAUsGAME_AGENT_INFO@@@std@@@util@@@std@@QAE@PAU_Node@?$_List_nod@U?$pair@$$CBGPAUsGAME_AGENT_INFO@@@std@@V?$CustomAllocator@U?$pair@$$CBGPAUsGAME_AGENT_INFO@@@std@@@util@@@2@PBV12@@Z 00406580 f i GameAgentInfoList.obj
 0001:000055a0       ??R?$less@G@std@@QBE_NABG0@Z 004065a0 f i GameAgentInfoList.obj
 0001:000055d0       ??0?$list@U?$pair@$$CBKPAVGameAgentServerSession@@@std@@V?$CustomAllocator@U?$pair@$$CBKPAVGameAgentServerSession@@@std@@@util@@@std@@QAE@ABV?$CustomAllocator@U?$pair@$$CBKPAVGameAgentServerSession@@@std@@@util@@@Z 004065d0 f i GameAgentManager.obj
 0001:000055d0       ??0?$list@U?$pair@$$CBGPAUsGAME_AGENT_INFO@@@std@@V?$CustomAllocator@U?$pair@$$CBGPAUsGAME_AGENT_INFO@@@std@@@util@@@std@@QAE@ABV?$CustomAllocator@U?$pair@$$CBGPAUsGAME_AGENT_INFO@@@std@@@util@@@Z 004065d0 f i GameAgentInfoList.obj
 0001:00005640       ?_Insert@?$list@U?$pair@$$CBGPAUsGAME_AGENT_INFO@@@std@@V?$CustomAllocator@U?$pair@$$CBGPAUsGAME_AGENT_INFO@@@std@@@util@@@std@@QAEXV?$_Const_iterator@$00@12@ABU?$pair@$$CBGPAUsGAME_AGENT_INFO@@@2@@Z 00406640 f i GameAgentInfoList.obj
 0001:00005640       ?_Insert@?$list@U?$pair@$$CBKPAVGameAgentServerSession@@@std@@V?$CustomAllocator@U?$pair@$$CBKPAVGameAgentServerSession@@@std@@@util@@@std@@QAEXV?$_Const_iterator@$00@12@ABU?$pair@$$CBKPAVGameAgentServerSession@@@2@@Z 00406640 f i GameAgentManager.obj
 0001:000056c0       ??0?$vector@U_List_position@?$_Hash@V?$_Hmap_traits@GPAUsGAME_AGENT_INFO@@V?$hash_compare@GU?$less@G@std@@@stdext@@V?$CustomAllocator@PAUsGAME_AGENT_INFO@@@util@@$0A@@stdext@@@stdext@@V?$CustomAllocator@U_List_position@?$_Hash@V?$_Hmap_traits@GPAUsGAME_AGENT_INFO@@V?$hash_compare@GU?$less@G@std@@@stdext@@V?$CustomAllocator@PAUsGAME_AGENT_INFO@@@util@@$0A@@stdext@@@stdext@@@util@@@std@@QAE@ABV?$CustomAllocator@U_List_position@?$_Hash@V?$_Hmap_traits@GPAUsGAME_AGENT_INFO@@V?$hash_compare@GU?$less@G@std@@@stdext@@V?$CustomAllocator@PAUsGAME_AGENT_INFO@@@util@@$0A@@stdext@@@stdext@@@util@@@Z 004066c0 f i GameAgentInfoList.obj
 0001:000056c0       ??0?$vector@U_List_position@?$_Hash@V?$_Hmap_traits@KPAVGameAgentServerSession@@V?$hash_compare@KU?$less@K@std@@@stdext@@V?$CustomAllocator@PAVGameAgentServerSession@@@util@@$0A@@stdext@@@stdext@@V?$CustomAllocator@U_List_position@?$_Hash@V?$_Hmap_traits@KPAVGameAgentServerSession@@V?$hash_compare@KU?$less@K@std@@@stdext@@V?$CustomAllocator@PAVGameAgentServerSession@@@util@@$0A@@stdext@@@stdext@@@util@@@std@@QAE@ABV?$CustomAllocator@U_List_position@?$_Hash@V?$_Hmap_traits@KPAVGameAgentServerSession@@V?$hash_compare@KU?$less@K@std@@@stdext@@V?$CustomAllocator@PAVGameAgentServerSession@@@util@@$0A@@stdext@@@stdext@@@util@@@Z 004066c0 f i GameAgentManager.obj
 0001:00005730       ?_Assign_n@?$vector@U_List_position@?$_Hash@V?$_Hmap_traits@GPAUsGAME_AGENT_INFO@@V?$hash_compare@GU?$less@G@std@@@stdext@@V?$CustomAllocator@PAUsGAME_AGENT_INFO@@@util@@$0A@@stdext@@@stdext@@V?$CustomAllocator@U_List_position@?$_Hash@V?$_Hmap_traits@GPAUsGAME_AGENT_INFO@@V?$hash_compare@GU?$less@G@std@@@stdext@@V?$CustomAllocator@PAUsGAME_AGENT_INFO@@@util@@$0A@@stdext@@@stdext@@@util@@@std@@IAEXIABU_List_position@?$_Hash@V?$_Hmap_traits@GPAUsGAME_AGENT_INFO@@V?$hash_compare@GU?$less@G@std@@@stdext@@V?$CustomAllocator@PAUsGAME_AGENT_INFO@@@util@@$0A@@stdext@@@stdext@@@Z 00406730 f i GameAgentInfoList.obj
 0001:00005730       ?_Assign_n@?$vector@U_List_position@?$_Hash@V?$_Hmap_traits@KPAVGameAgentServerSession@@V?$hash_compare@KU?$less@K@std@@@stdext@@V?$CustomAllocator@PAVGameAgentServerSession@@@util@@$0A@@stdext@@@stdext@@V?$CustomAllocator@U_List_position@?$_Hash@V?$_Hmap_traits@KPAVGameAgentServerSession@@V?$hash_compare@KU?$less@K@std@@@stdext@@V?$CustomAllocator@PAVGameAgentServerSession@@@util@@$0A@@stdext@@@stdext@@@util@@@std@@IAEXIABU_List_position@?$_Hash@V?$_Hmap_traits@KPAVGameAgentServerSession@@V?$hash_compare@KU?$less@K@std@@@stdext@@V?$CustomAllocator@PAVGameAgentServerSession@@@util@@$0A@@stdext@@@stdext@@@Z 00406730 f i GameAgentManager.obj
 0001:000057d0       ?_Destroy@?$vector@U_List_position@?$_Hash@V?$_Hmap_traits@KPAVGameAgentServerSession@@V?$hash_compare@KU?$less@K@std@@@stdext@@V?$CustomAllocator@PAVGameAgentServerSession@@@util@@$0A@@stdext@@@stdext@@V?$CustomAllocator@U_List_position@?$_Hash@V?$_Hmap_traits@KPAVGameAgentServerSession@@V?$hash_compare@KU?$less@K@std@@@stdext@@V?$CustomAllocator@PAVGameAgentServerSession@@@util@@$0A@@stdext@@@stdext@@@util@@@std@@IAEXPAU_List_position@?$_Hash@V?$_Hmap_traits@KPAVGameAgentServerSession@@V?$hash_compare@KU?$less@K@std@@@stdext@@V?$CustomAllocator@PAVGameAgentServerSession@@@util@@$0A@@stdext@@@stdext@@0@Z 004067d0 f i GameAgentManager.obj
 0001:000057d0       ?_Destroy@?$vector@U_List_position@?$_Hash@V?$_Hmap_traits@GPAUsGAME_AGENT_INFO@@V?$hash_compare@GU?$less@G@std@@@stdext@@V?$CustomAllocator@PAUsGAME_AGENT_INFO@@@util@@$0A@@stdext@@@stdext@@V?$CustomAllocator@U_List_position@?$_Hash@V?$_Hmap_traits@GPAUsGAME_AGENT_INFO@@V?$hash_compare@GU?$less@G@std@@@stdext@@V?$CustomAllocator@PAUsGAME_AGENT_INFO@@@util@@$0A@@stdext@@@stdext@@@util@@@std@@IAEXPAU_List_position@?$_Hash@V?$_Hmap_traits@GPAUsGAME_AGENT_INFO@@V?$hash_compare@GU?$less@G@std@@@stdext@@V?$CustomAllocator@PAUsGAME_AGENT_INFO@@@util@@$0A@@stdext@@@stdext@@0@Z 004067d0 f i GameAgentInfoList.obj
 0001:00005800       ??0?$_Const_iterator@$00@?$list@U?$pair@$$CBGPAUsGAME_AGENT_INFO@@@std@@V?$CustomAllocator@U?$pair@$$CBGPAUsGAME_AGENT_INFO@@@std@@@util@@@std@@QAE@XZ 00406800 f i GameAgentInfoList.obj
 0001:00005800       ??0?$_Const_iterator@$00@?$list@U?$pair@$$CBKPAVGameAgentServerSession@@@std@@V?$CustomAllocator@U?$pair@$$CBKPAVGameAgentServerSession@@@std@@@util@@@std@@QAE@XZ 00406800 f i GameAgentManager.obj
 0001:00005820       ??0?$_Const_iterator@$0A@@?$list@U?$pair@$$CBGPAUsGAME_AGENT_INFO@@@std@@V?$CustomAllocator@U?$pair@$$CBGPAUsGAME_AGENT_INFO@@@std@@@util@@@std@@QAE@PAU_Node@?$_List_nod@U?$pair@$$CBGPAUsGAME_AGENT_INFO@@@std@@V?$CustomAllocator@U?$pair@$$CBGPAUsGAME_AGENT_INFO@@@std@@@util@@@2@PBV12@@Z 00406820 f i GameAgentInfoList.obj
 0001:00005820       ??0?$_Const_iterator@$0A@@?$list@U?$pair@$$CBKPAVGameAgentServerSession@@@std@@V?$CustomAllocator@U?$pair@$$CBKPAVGameAgentServerSession@@@std@@@util@@@std@@QAE@PAU_Node@?$_List_nod@U?$pair@$$CBKPAVGameAgentServerSession@@@std@@V?$CustomAllocator@U?$pair@$$CBKPAVGameAgentServerSession@@@std@@@util@@@2@PBV12@@Z 00406820 f i GameAgentManager.obj
 0001:00005860       ?_Buynode@?$list@U?$pair@$$CBGPAUsGAME_AGENT_INFO@@@std@@V?$CustomAllocator@U?$pair@$$CBGPAUsGAME_AGENT_INFO@@@std@@@util@@@std@@IAEPAU_Node@?$_List_nod@U?$pair@$$CBGPAUsGAME_AGENT_INFO@@@std@@V?$CustomAllocator@U?$pair@$$CBGPAUsGAME_AGENT_INFO@@@std@@@util@@@2@XZ 00406860 f i GameAgentInfoList.obj
 0001:00005860       ?_Buynode@?$list@U?$pair@$$CBKPAVGameAgentServerSession@@@std@@V?$CustomAllocator@U?$pair@$$CBKPAVGameAgentServerSession@@@std@@@util@@@std@@IAEPAU_Node@?$_List_nod@U?$pair@$$CBKPAVGameAgentServerSession@@@std@@V?$CustomAllocator@U?$pair@$$CBKPAVGameAgentServerSession@@@std@@@util@@@2@XZ 00406860 f i GameAgentManager.obj
 0001:00005960       ?_Buynode@?$list@U?$pair@$$CBGPAUsGAME_AGENT_INFO@@@std@@V?$CustomAllocator@U?$pair@$$CBGPAUsGAME_AGENT_INFO@@@std@@@util@@@std@@IAEPAU_Node@?$_List_nod@U?$pair@$$CBGPAUsGAME_AGENT_INFO@@@std@@V?$CustomAllocator@U?$pair@$$CBGPAUsGAME_AGENT_INFO@@@std@@@util@@@2@PAU342@0ABU?$pair@$$CBGPAUsGAME_AGENT_INFO@@@2@@Z 00406960 f i GameAgentInfoList.obj
 0001:00005960       ?_Buynode@?$list@U?$pair@$$CBKPAVGameAgentServerSession@@@std@@V?$CustomAllocator@U?$pair@$$CBKPAVGameAgentServerSession@@@std@@@util@@@std@@IAEPAU_Node@?$_List_nod@U?$pair@$$CBKPAVGameAgentServerSession@@@std@@V?$CustomAllocator@U?$pair@$$CBKPAVGameAgentServerSession@@@std@@@util@@@2@PAU342@0ABU?$pair@$$CBKPAVGameAgentServerSession@@@2@@Z 00406960 f i GameAgentManager.obj
 0001:00005ab0       ?_Incsize@?$list@U?$pair@$$CBGPAUsGAME_AGENT_INFO@@@std@@V?$CustomAllocator@U?$pair@$$CBGPAUsGAME_AGENT_INFO@@@std@@@util@@@std@@IAEXI@Z 00406ab0 f i GameAgentInfoList.obj
 0001:00005ab0       ?_Incsize@?$list@U?$pair@$$CBKPAVGameAgentServerSession@@@std@@V?$CustomAllocator@U?$pair@$$CBKPAVGameAgentServerSession@@@std@@@util@@@std@@IAEXI@Z 00406ab0 f i GameAgentManager.obj
 0001:00005b50       ??0length_error@std@@QAE@ABV?$basic_string@DU?$char_traits@D@std@@V?$allocator@D@2@@1@@Z 00406b50 f i GameAgentInfoList.obj
 0001:00005b80       ??0logic_error@std@@QAE@ABV?$basic_string@DU?$char_traits@D@std@@V?$allocator@D@2@@1@@Z 00406b80 f i GameAgentInfoList.obj
 0001:00005bf0       ?what@logic_error@std@@UBEPBDXZ 00406bf0 f i GameAgentInfoList.obj
 0001:00005c10       ??_Glogic_error@std@@UAEPAXI@Z 00406c10 f i GameAgentInfoList.obj
 0001:00005c10       ??_Elogic_error@std@@UAEPAXI@Z 00406c10 f i GameAgentInfoList.obj
 0001:00005c40       ??1logic_error@std@@UAE@XZ 00406c40 f i GameAgentInfoList.obj
 0001:00005c70       ??1length_error@std@@UAE@XZ 00406c70 f i GameAgentInfoList.obj
 0001:00005c90       ??_Glength_error@std@@UAEPAXI@Z 00406c90 f i GameAgentInfoList.obj
 0001:00005c90       ??_Elength_error@std@@UAEPAXI@Z 00406c90 f i GameAgentInfoList.obj
 0001:00005cc0       ??0logic_error@std@@QAE@ABV01@@Z 00406cc0 f i GameAgentInfoList.obj
 0001:00005d30       ??0?$_List_val@U?$pair@$$CBGPAUsGAME_AGENT_INFO@@@std@@V?$CustomAllocator@U?$pair@$$CBGPAUsGAME_AGENT_INFO@@@std@@@util@@@std@@QAE@V?$CustomAllocator@U?$pair@$$CBGPAUsGAME_AGENT_INFO@@@std@@@util@@@Z 00406d30 f i GameAgentInfoList.obj
 0001:00005d30       ??0?$_List_val@U?$pair@$$CBKPAVGameAgentServerSession@@@std@@V?$CustomAllocator@U?$pair@$$CBKPAVGameAgentServerSession@@@std@@@util@@@std@@QAE@V?$CustomAllocator@U?$pair@$$CBKPAVGameAgentServerSession@@@std@@@util@@@Z 00406d30 f i GameAgentManager.obj
 0001:00005d50       ?end@?$vector@U_List_position@?$_Hash@V?$_Hmap_traits@KPAVGameAgentServerSession@@V?$hash_compare@KU?$less@K@std@@@stdext@@V?$CustomAllocator@PAVGameAgentServerSession@@@util@@$0A@@stdext@@@stdext@@V?$CustomAllocator@U_List_position@?$_Hash@V?$_Hmap_traits@KPAVGameAgentServerSession@@V?$hash_compare@KU?$less@K@std@@@stdext@@V?$CustomAllocator@PAVGameAgentServerSession@@@util@@$0A@@stdext@@@stdext@@@util@@@std@@QAE?AV?$_Vector_iterator@U_List_position@?$_Hash@V?$_Hmap_traits@KPAVGameAgentServerSession@@V?$hash_compare@KU?$less@K@std@@@stdext@@V?$CustomAllocator@PAVGameAgentServerSession@@@util@@$0A@@stdext@@@stdext@@V?$CustomAllocator@U_List_position@?$_Hash@V?$_Hmap_traits@KPAVGameAgentServerSession@@V?$hash_compare@KU?$less@K@std@@@stdext@@V?$CustomAllocator@PAVGameAgentServerSession@@@util@@$0A@@stdext@@@stdext@@@util@@@2@XZ 00406d50 f i GameAgentManager.obj
 0001:00005d50       ?end@?$vector@U_List_position@?$_Hash@V?$_Hmap_traits@GPAUsGAME_AGENT_INFO@@V?$hash_compare@GU?$less@G@std@@@stdext@@V?$CustomAllocator@PAUsGAME_AGENT_INFO@@@util@@$0A@@stdext@@@stdext@@V?$CustomAllocator@U_List_position@?$_Hash@V?$_Hmap_traits@GPAUsGAME_AGENT_INFO@@V?$hash_compare@GU?$less@G@std@@@stdext@@V?$CustomAllocator@PAUsGAME_AGENT_INFO@@@util@@$0A@@stdext@@@stdext@@@util@@@std@@QAE?AV?$_Vector_iterator@U_List_position@?$_Hash@V?$_Hmap_traits@GPAUsGAME_AGENT_INFO@@V?$hash_compare@GU?$less@G@std@@@stdext@@V?$CustomAllocator@PAUsGAME_AGENT_INFO@@@util@@$0A@@stdext@@@stdext@@V?$CustomAllocator@U_List_position@?$_Hash@V?$_Hmap_traits@GPAUsGAME_AGENT_INFO@@V?$hash_compare@GU?$less@G@std@@@stdext@@V?$CustomAllocator@PAUsGAME_AGENT_INFO@@@util@@$0A@@stdext@@@stdext@@@util@@@2@XZ 00406d50 f i GameAgentInfoList.obj
 0001:00005d80       ?insert@?$vector@U_List_position@?$_Hash@V?$_Hmap_traits@GPAUsGAME_AGENT_INFO@@V?$hash_compare@GU?$less@G@std@@@stdext@@V?$CustomAllocator@PAUsGAME_AGENT_INFO@@@util@@$0A@@stdext@@@stdext@@V?$CustomAllocator@U_List_position@?$_Hash@V?$_Hmap_traits@GPAUsGAME_AGENT_INFO@@V?$hash_compare@GU?$less@G@std@@@stdext@@V?$CustomAllocator@PAUsGAME_AGENT_INFO@@@util@@$0A@@stdext@@@stdext@@@util@@@std@@QAEXV?$_Vector_const_iterator@U_List_position@?$_Hash@V?$_Hmap_traits@GPAUsGAME_AGENT_INFO@@V?$hash_compare@GU?$less@G@std@@@stdext@@V?$CustomAllocator@PAUsGAME_AGENT_INFO@@@util@@$0A@@stdext@@@stdext@@V?$CustomAllocator@U_List_position@?$_Hash@V?$_Hmap_traits@GPAUsGAME_AGENT_INFO@@V?$hash_compare@GU?$less@G@std@@@stdext@@V?$CustomAllocator@PAUsGAME_AGENT_INFO@@@util@@$0A@@stdext@@@stdext@@@util@@@2@IABU_List_position@?$_Hash@V?$_Hmap_traits@GPAUsGAME_AGENT_INFO@@V?$hash_compare@GU?$less@G@std@@@stdext@@V?$CustomAllocator@PAUsGAME_AGENT_INFO@@@util@@$0A@@stdext@@@stdext@@@Z 00406d80 f i GameAgentInfoList.obj
 0001:00005d80       ?insert@?$vector@U_List_position@?$_Hash@V?$_Hmap_traits@KPAVGameAgentServerSession@@V?$hash_compare@KU?$less@K@std@@@stdext@@V?$CustomAllocator@PAVGameAgentServerSession@@@util@@$0A@@stdext@@@stdext@@V?$CustomAllocator@U_List_position@?$_Hash@V?$_Hmap_traits@KPAVGameAgentServerSession@@V?$hash_compare@KU?$less@K@std@@@stdext@@V?$CustomAllocator@PAVGameAgentServerSession@@@util@@$0A@@stdext@@@stdext@@@util@@@std@@QAEXV?$_Vector_const_iterator@U_List_position@?$_Hash@V?$_Hmap_traits@KPAVGameAgentServerSession@@V?$hash_compare@KU?$less@K@std@@@stdext@@V?$CustomAllocator@PAVGameAgentServerSession@@@util@@$0A@@stdext@@@stdext@@V?$CustomAllocator@U_List_position@?$_Hash@V?$_Hmap_traits@KPAVGameAgentServerSession@@V?$hash_compare@KU?$less@K@std@@@stdext@@V?$CustomAllocator@PAVGameAgentServerSession@@@util@@$0A@@stdext@@@stdext@@@util@@@2@IABU_List_position@?$_Hash@V?$_Hmap_traits@KPAVGameAgentServerSession@@V?$hash_compare@KU?$less@K@std@@@stdext@@V?$CustomAllocator@PAVGameAgentServerSession@@@util@@$0A@@stdext@@@stdext@@@Z 00406d80 f i GameAgentManager.obj
 0001:00005db0       ?_Buy@?$vector@U_List_position@?$_Hash@V?$_Hmap_traits@GPAUsGAME_AGENT_INFO@@V?$hash_compare@GU?$less@G@std@@@stdext@@V?$CustomAllocator@PAUsGAME_AGENT_INFO@@@util@@$0A@@stdext@@@stdext@@V?$CustomAllocator@U_List_position@?$_Hash@V?$_Hmap_traits@GPAUsGAME_AGENT_INFO@@V?$hash_compare@GU?$less@G@std@@@stdext@@V?$CustomAllocator@PAUsGAME_AGENT_INFO@@@util@@$0A@@stdext@@@stdext@@@util@@@std@@IAE_NI@Z 00406db0 f i GameAgentInfoList.obj
 0001:00005db0       ?_Buy@?$vector@U_List_position@?$_Hash@V?$_Hmap_traits@KPAVGameAgentServerSession@@V?$hash_compare@KU?$less@K@std@@@stdext@@V?$CustomAllocator@PAVGameAgentServerSession@@@util@@$0A@@stdext@@@stdext@@V?$CustomAllocator@U_List_position@?$_Hash@V?$_Hmap_traits@KPAVGameAgentServerSession@@V?$hash_compare@KU?$less@K@std@@@stdext@@V?$CustomAllocator@PAVGameAgentServerSession@@@util@@$0A@@stdext@@@stdext@@@util@@@std@@IAE_NI@Z 00406db0 f i GameAgentManager.obj
 0001:00005e40       ??0length_error@std@@QAE@ABV01@@Z 00406e40 f i GameAgentInfoList.obj
[...]
 0001:0002eba6       __unwindfunclet$?_Xran@_String_base@std@@SAXXZ$0 0042fba6 f   libcpmt:string.obj
 0001:0002eba6       __unwindfunclet$?_Xlen@_String_base@std@@SAXXZ$0 0042fba6 f   libcpmt:string.obj
 0001:0002ebae       __ehhandler$?_Xlen@_String_base@std@@SAXXZ 0042fbae f   libcpmt:string.obj
 0001:0002ebae       __ehhandler$?_Xran@_String_base@std@@SAXXZ 0042fbae f   libcpmt:string.obj
 0001:0002ebd0       __unwindfunclet$?system_category@system@boost@@YAABVerror_category@12@XZ$0 0042fbd0 f   libboost_system-vc90-mt-s-1_60:error_code.obj
 0001:0002ebde       __ehhandler$?system_category@system@boost@@YAABVerror_category@12@XZ 0042fbde f   libboost_system-vc90-mt-s-1_60:error_code.obj
 0001:0002ec00       __unwindfunclet$?generic_category@system@boost@@YAABVerror_category@12@XZ$0 0042fc00 f   libboost_system-vc90-mt-s-1_60:error_code.obj
 0001:0002ec0e       __ehhandler$?generic_category@system@boost@@YAABVerror_category@12@XZ 0042fc0e f   libboost_system-vc90-mt-s-1_60:error_code.obj
 0001:0002ec30       __unwindfunclet$?message@generic_error_category@?A0xa00a0bbd@system@boost@@UBE?AV?$basic_string@DU?$char_traits@D@std@@V?$allocator@D@2@@std@@H@Z$0 0042fc30 f   libboost_system-vc90-mt-s-1_60:error_code.obj
 0001:0002ec3e       __unwindfunclet$?message@generic_error_category@?A0xa00a0bbd@system@boost@@UBE?AV?$basic_string@DU?$char_traits@D@std@@V?$allocator@D@2@@std@@H@Z$1 0042fc3e f   libboost_system-vc90-mt-s-1_60:error_code.obj
 0001:0002ec57       __unwindfunclet$?message@generic_error_category@?A0xa00a0bbd@system@boost@@UBE?AV?$basic_string@DU?$char_traits@D@std@@V?$allocator@D@2@@std@@H@Z$2 0042fc57 f   libboost_system-vc90-mt-s-1_60:error_code.obj
 0001:0002ec70       __ehhandler$?message@generic_error_category@?A0xa00a0bbd@system@boost@@UBE?AV?$basic_string@DU?$char_traits@D@std@@V?$allocator@D@2@@std@@H@Z 0042fc70 f   libboost_system-vc90-mt-s-1_60:error_code.obj
 0001:0002ec90       __unwindfunclet$?message@system_error_category@?A0xa00a0bbd@system@boost@@UBE?AV?$basic_string@DU?$char_traits@D@std@@V?$allocator@D@2@@std@@H@Z$0 0042fc90 f   libboost_system-vc90-mt-s-1_60:error_code.obj
 0001:0002ec98       __unwindfunclet$?message@system_error_category@?A0xa00a0bbd@system@boost@@UBE?AV?$basic_string@DU?$char_traits@D@std@@V?$allocator@D@2@@std@@H@Z$1 0042fc98 f   libboost_system-vc90-mt-s-1_60:error_code.obj
 0001:0002ecb1       __unwindfunclet$?message@system_error_category@?A0xa00a0bbd@system@boost@@UBE?AV?$basic_string@DU?$char_traits@D@std@@V?$allocator@D@2@@std@@H@Z$2 0042fcb1 f   libboost_system-vc90-mt-s-1_60:error_code.obj
 0001:0002ecb9       __ehhandler$?message@system_error_category@?A0xa00a0bbd@system@boost@@UBE?AV?$basic_string@DU?$char_traits@D@std@@V?$allocator@D@2@@std@@H@Z 0042fcb9 f   libboost_system-vc90-mt-s-1_60:error_code.obj
 0001:0002ecf0       $L56596                    0042fcf0 f   CrashHandler:SMTPClient.obj
 0001:0002ecfb       $L56597                    0042fcfb f   CrashHandler:SMTPClient.obj
 0001:0002ed06       __ehhandler$??0SMTPClient@@QAE@XZ 0042fd06 f   CrashHandler:SMTPClient.obj
 0001:0002ed10       __unwindfunclet$?_Insert@?$_Tree@V?$_Tmap_traits@KPAVIoHandler@@U?$less@K@std@@V?$RedirectedAllocator@PAVIoHandler@@@module@@$0A@@std@@@std@@IAE?AViterator@12@_NPAU_Node@?$_Tree_nod@V?$_Tmap_traits@KPAVIoHandler@@U?$less@K@std@@V?$RedirectedAllocator@PAVIoHandler@@@module@@$0A@@std@@@2@ABU?$pair@$$CBKPAVIoHandler@@@2@@Z$0 0042fd10 f   Network:IOCPServer.obj
 0001:0002ed18       __ehhandler$?_Insert@?$_Tree@V?$_Tmap_traits@KPAVIoHandler@@U?$less@K@std@@V?$RedirectedAllocator@PAVIoHandler@@@module@@$0A@@std@@@std@@IAE?AViterator@12@_NPAU_Node@?$_Tree_nod@V?$_Tmap_traits@KPAVIoHandler@@U?$less@K@std@@V?$RedirectedAllocator@PAVIoHandler@@@module@@$0A@@std@@@2@ABU?$pair@$$CBKPAVIoHandler@@@2@@Z 0042fd18 f   Network:IOCPServer.obj
 0001:0002ed40       __unwindfunclet$?erase@?$_Tree@V?$_Tmap_traits@KPAVIoHandler@@U?$less@K@std@@V?$RedirectedAllocator@PAVIoHandler@@@module@@$0A@@std@@@std@@QAE?AViterator@12@Vconst_iterator@12@@Z$0 0042fd40 f   Network:IOCPServer.obj
 0001:0002ed48       __ehhandler$?erase@?$_Tree@V?$_Tmap_traits@KPAVIoHandler@@U?$less@K@std@@V?$RedirectedAllocator@PAVIoHandler@@@module@@$0A@@std@@@std@@QAE?AViterator@12@Vconst_iterator@12@@Z 0042fd48 f   Network:IOCPServer.obj
 0001:0002ed70       __unwindfunclet$?CreateIoHandler@IOCPServer@@AAEXPAUtagIOHANDLER_DESC@@@Z$0 0042fd70 f   Network:IOCPServer.obj
 0001:0002ed7b       __ehhandler$?CreateIoHandler@IOCPServer@@AAEXPAUtagIOHANDLER_DESC@@@Z 0042fd7b f   Network:IOCPServer.obj
 0001:0002ed96       __unwindfunclet$??0IOCPServer@@QAE@XZ$0 0042fd96 f   Network:IOCPServer.obj
 0001:0002eda1       __ehhandler$??0IOCPServer@@QAE@XZ 0042fda1 f   Network:IOCPServer.obj
 0001:0002edc0       __unwindfunclet$??1?$_Tree@V?$_Tmap_traits@KPAVIoHandler@@U?$less@K@std@@V?$RedirectedAllocator@PAVIoHandler@@@module@@$0A@@std@@@std@@QAE@XZ$0 0042fdc0 f   Network:IOCPServer.obj
 0001:0002edc8       __ehhandler$??1?$_Tree@V?$_Tmap_traits@KPAVIoHandler@@U?$less@K@std@@V?$RedirectedAllocator@PAVIoHandler@@@module@@$0A@@std@@@std@@QAE@XZ 0042fdc8 f   Network:IOCPServer.obj
 0001:0002edf0       __unwindfunclet$?Allocate@?$TAllocator@VSendBuffer@@@module@@SAPAVSendBuffer@@XZ$0 0042fdf0 f   Network:Session.obj
 0001:0002edf0       __unwindfunclet$?Allocate@?$TAllocator@VRecvBuffer@@@module@@SAPAVRecvBuffer@@XZ$0 0042fdf0 f   Network:Session.obj
 0001:0002edf0       __unwindfunclet$?Allocate@?$TAllocator@VSessionList@@@module@@SAPAVSessionList@@XZ$0 0042fdf0 f   Network:Session.obj
 0001:0002ee01       __ehhandler$?Allocate@?$TAllocator@VSendBuffer@@@module@@SAPAVSendBuffer@@XZ 0042fe01 f   Network:Session.obj
 0001:0002ee01       __ehhandler$?Allocate@?$TAllocator@VSessionList@@@module@@SAPAVSessionList@@XZ 0042fe01 f   Network:Session.obj
 0001:0002ee01       __ehhandler$?Allocate@?$TAllocator@VRecvBuffer@@@module@@SAPAVRecvBuffer@@XZ 0042fe01 f   Network:Session.obj
 0001:0002ee20       __unwindfunclet$?Create@SendBuffer@@QAEXKK@Z$0 0042fe20 f   Network:SendBuffer.obj
 0001:0002ee31       __ehhandler$?Create@SendBuffer@@QAEXKK@Z 0042fe31 f   Network:SendBuffer.obj
 0001:0002ee4c       __unwindfunclet$?UsePendingBuffer@SendBuffer@@QAE_NK@Z$0 0042fe4c f   Network:SendBuffer.obj
 0001:0002ee54       __unwindfunclet$?UsePendingBuffer@SendBuffer@@QAE_NK@Z$1 0042fe54 f   Network:SendBuffer.obj
 0001:0002ee65       __ehhandler$?UsePendingBuffer@SendBuffer@@QAE_NK@Z 0042fe65 f   Network:SendBuffer.obj
 0001:0002ee80       __unwindfunclet$?PrepareSend@SendBuffer@@QAE_NQAURingBufferInfo@module@@@Z$0 0042fe80 f   Network:SendBuffer.obj
 0001:0002ee88       __ehhandler$?PrepareSend@SendBuffer@@QAE_NQAURingBufferInfo@module@@@Z 0042fe88 f   Network:SendBuffer.obj
 0001:0002eeb0       __unwindfunclet$?Create@RecvBuffer@@QAEXHK@Z$0 0042feb0 f   Network:RecvBuffer.obj
 0001:0002eec1       __ehhandler$?Create@RecvBuffer@@QAEXHK@Z 0042fec1 f   Network:RecvBuffer.obj
 0001:0002eedc       __unwindfunclet$?UseDualBuffer@RecvBuffer@@QAE_NK@Z$0 0042fedc f   Network:RecvBuffer.obj
 0001:0002eee4       __unwindfunclet$?UseDualBuffer@RecvBuffer@@QAE_NK@Z$1 0042fee4 f   Network:RecvBuffer.obj
 0001:0002eef5       __ehhandler$?UseDualBuffer@RecvBuffer@@QAE_NK@Z 0042fef5 f   Network:RecvBuffer.obj
 0001:0002ef10       __unwindfunclet$?PrepareRecv@RecvBuffer@@QAE_NQAURingBufferInfo@module@@@Z$0 0042ff10 f   Network:RecvBuffer.obj
 0001:0002ef18       __ehhandler$?PrepareRecv@RecvBuffer@@QAE_NQAURingBufferInfo@module@@@Z 0042ff18 f   Network:RecvBuffer.obj
 0001:0002ef40       __unwindfunclet$?Init@IoHandler@@QAEXPAVIOCPServer@@PAUtagIOHANDLER_DESC@@@Z$0 0042ff40 f   Network:IoHandler.obj
 0001:0002ef4b       __unwindfunclet$?Init@IoHandler@@QAEXPAVIOCPServer@@PAUtagIOHANDLER_DESC@@@Z$1 0042ff4b f   Network:IoHandler.obj
 0001:0002ef56       __unwindfunclet$?Init@IoHandler@@QAEXPAVIOCPServer@@PAUtagIOHANDLER_DESC@@@Z$2 0042ff56 f   Network:IoHandler.obj
 0001:0002ef61       __unwindfunclet$?Init@IoHandler@@QAEXPAVIOCPServer@@PAUtagIOHANDLER_DESC@@@Z$3 0042ff61 f   Network:IoHandler.obj
 0001:0002ef6c       __unwindfunclet$?Init@IoHandler@@QAEXPAVIOCPServer@@PAUtagIOHANDLER_DESC@@@Z$4 0042ff6c f   Network:IoHandler.obj
 0001:0002ef77       __unwindfunclet$?Init@IoHandler@@QAEXPAVIOCPServer@@PAUtagIOHANDLER_DESC@@@Z$5 0042ff77 f   Network:IoHandler.obj
 0001:0002ef82       __unwindfunclet$?Init@IoHandler@@QAEXPAVIOCPServer@@PAUtagIOHANDLER_DESC@@@Z$6 0042ff82 f   Network:IoHandler.obj
 0001:0002ef8d       __unwindfunclet$?Init@IoHandler@@QAEXPAVIOCPServer@@PAUtagIOHANDLER_DESC@@@Z$7 0042ff8d f   Network:IoHandler.obj
 0001:0002ef98       __unwindfunclet$?Init@IoHandler@@QAEXPAVIOCPServer@@PAUtagIOHANDLER_DESC@@@Z$8 0042ff98 f   Network:IoHandler.obj
 0001:0002efa3       __unwindfunclet$?Init@IoHandler@@QAEXPAVIOCPServer@@PAUtagIOHANDLER_DESC@@@Z$9 0042ffa3 f   Network:IoHandler.obj
 0001:0002efae       __ehhandler$?Init@IoHandler@@QAEXPAVIOCPServer@@PAUtagIOHANDLER_DESC@@@Z 0042ffae f   Network:IoHandler.obj
 0001:0002efd0       __unwindfunclet$?_Incsize@?$list@PAVSession@@V?$RedirectedAllocator@PAVSession@@@module@@@std@@IAEXI@Z$0 0042ffd0 f   Network:IoHandler.obj
 0001:0002efd0       __unwindfunclet$?_Incsize@?$list@U?$pair@$$CBKPAVServerSession@@@std@@V?$CustomAllocator@U?$pair@$$CBKPAVServerSession@@@std@@@util@@@std@@IAEXI@Z$0 0042ffd0 f   Network:IoHandler.obj
 0001:0002efd8       __ehhandler$?_Incsize@?$list@PAVSession@@V?$RedirectedAllocator@PAVSession@@@module@@@std@@IAEXI@Z 0042ffd8 f   Network:IoHandler.obj
 0001:0002efd8       __ehhandler$?_Incsize@?$list@U?$pair@$$CBKPAVServerSession@@@std@@V?$CustomAllocator@U?$pair@$$CBKPAVServerSession@@@std@@@util@@@std@@IAEXI@Z 0042ffd8 f   Network:IoHandler.obj
 0001:0002f000       __ehhandler$??$_Insert@V?$_Const_iterator@$00@?$list@PAVSession@@V?$RedirectedAllocator@PAVSession@@@module@@@std@@@?$list@PAVSession@@V?$RedirectedAllocator@PAVSession@@@module@@@std@@QAEXV?$_Const_iterator@$00@01@00Uforward_iterator_tag@1@@Z 00430000 f   Network:IoHandler.obj
 0001:0002f020       __unwindfunclet$?Create@SessionPool@@AAEXKKKKKKH@Z$0 00430020 f   Network:SessionPool.obj
 0001:0002f031       __ehhandler$?Create@SessionPool@@AAEXKKKKKKH@Z 00430031 f   Network:SessionPool.obj
 0001:0002f050       __unwindfunclet$?Init@Connector@@QAEXPAVIoHandler@@K@Z$0 00430050 f   Network:Connector.obj
 0001:0002f05b       __ehhandler$?Init@Connector@@QAEXPAVIoHandler@@K@Z 0043005b f   Network:Connector.obj
 0001:0002f080       __unwindfunclet$??1SessionList@@QAE@XZ$0 00430080 f   Network:SessionList.obj
 0001:0002f088       __ehhandler$??1SessionList@@QAE@XZ 00430088 f   Network:SessionList.obj
 0001:0002f0a3       __ehhandler$?CallUnexpected@@YAXPBU_s_ESTypeList@@@Z 004300a3 f   LIBCMT:frame.obj
 0001:0002f0be       __ehhandler$??2@YAPAXIABUnothrow_t@std@@@Z 004300be f   LIBCMT:newopnt.obj
 0001:0002f0e0       ??__Eposix_category@system@boost@@YAXXZ 004300e0 f   AuthAgentFrame.obj
 0001:0002f0f0       ??__Eerrno_ecat@system@boost@@YAXXZ 004300f0 f   AuthAgentFrame.obj
 0001:0002f100       ??__Enative_ecat@system@boost@@YAXXZ 00430100 f   AuthAgentFrame.obj
 0001:0002f110       ??__E_1@placeholders@boost@@YAXXZ 00430110 f   AuthAgentFrame.obj
 0001:0002f120       ??__E_2@placeholders@boost@@YAXXZ 00430120 f   AuthAgentFrame.obj
 0001:0002f130       ??__E_3@placeholders@boost@@YAXXZ 00430130 f   AuthAgentFrame.obj
 0001:0002f140       ??__E_4@placeholders@boost@@YAXXZ 00430140 f   AuthAgentFrame.obj
 0001:0002f150       ??__E_5@placeholders@boost@@YAXXZ 00430150 f   AuthAgentFrame.obj
 0001:0002f160       ??__E_6@placeholders@boost@@YAXXZ 00430160 f   AuthAgentFrame.obj
 0001:0002f170       ??__E_7@placeholders@boost@@YAXXZ 00430170 f   AuthAgentFrame.obj
 0001:0002f180       ??__E_8@placeholders@boost@@YAXXZ 00430180 f   AuthAgentFrame.obj
 0001:0002f190       ??__E_9@placeholders@boost@@YAXXZ 00430190 f   AuthAgentFrame.obj
 0001:0002f1a0       ??__Eposix_category@system@boost@@YAXXZ 004301a0 f   main.obj
 0001:0002f1b0       ??__Eerrno_ecat@system@boost@@YAXXZ 004301b0 f   main.obj
 0001:0002f1c0       ??__Enative_ecat@system@boost@@YAXXZ 004301c0 f   main.obj
 0001:0002f1d0       ??__E_1@placeholders@boost@@YAXXZ 004301d0 f   main.obj
 0001:0002f1e0       ??__E_2@placeholders@boost@@YAXXZ 004301e0 f   main.obj
 0001:0002f1f0       ??__E_3@placeholders@boost@@YAXXZ 004301f0 f   main.obj
 0001:0002f200       ??__E_4@placeholders@boost@@YAXXZ 00430200 f   main.obj
 0001:0002f210       ??__E_5@placeholders@boost@@YAXXZ 00430210 f   main.obj
 0001:0002f220       ??__E_6@placeholders@boost@@YAXXZ 00430220 f   main.obj
 0001:0002f230       ??__E_7@placeholders@boost@@YAXXZ 00430230 f   main.obj
 0001:0002f240       ??__E_8@placeholders@boost@@YAXXZ 00430240 f   main.obj
 0001:0002f250       ??__E_9@placeholders@boost@@YAXXZ 00430250 f   main.obj
 0001:0002f260       ??__Eg_Console@@YAXXZ      00430260 f   main.obj
 0001:0002f280       ??__Eposix_category@system@boost@@YAXXZ 00430280 f   stdafx.obj
 0001:0002f290       ??__Eerrno_ecat@system@boost@@YAXXZ 00430290 f   stdafx.obj
 0001:0002f2a0       ??__Enative_ecat@system@boost@@YAXXZ 004302a0 f   stdafx.obj
 0001:0002f2b0       ??__E_1@placeholders@boost@@YAXXZ 004302b0 f   stdafx.obj
 0001:0002f2c0       ??__E_2@placeholders@boost@@YAXXZ 004302c0 f   stdafx.obj
 0001:0002f2d0       ??__E_3@placeholders@boost@@YAXXZ 004302d0 f   stdafx.obj
 0001:0002f2e0       ??__E_4@placeholders@boost@@YAXXZ 004302e0 f   stdafx.obj
 0001:0002f2f0       ??__E_5@placeholders@boost@@YAXXZ 004302f0 f   stdafx.obj
 0001:0002f300       ??__E_6@placeholders@boost@@YAXXZ 00430300 f   stdafx.obj
 0001:0002f310       ??__E_7@placeholders@boost@@YAXXZ 00430310 f   stdafx.obj
 0001:0002f320       ??__E_8@placeholders@boost@@YAXXZ 00430320 f   stdafx.obj
 0001:0002f330       ??__E_9@placeholders@boost@@YAXXZ 00430330 f   stdafx.obj
 0001:0002f340       ??__Eposix_category@system@boost@@YAXXZ 00430340 f   AuthServerSession.obj
 0001:0002f350       ??__Eerrno_ecat@system@boost@@YAXXZ 00430350 f   AuthServerSession.obj
 0001:0002f360       ??__Enative_ecat@system@boost@@YAXXZ 00430360 f   AuthServerSession.obj
 0001:0002f370       ??__E_1@placeholders@boost@@YAXXZ 00430370 f   AuthServerSession.obj
 0001:0002f380       ??__E_2@placeholders@boost@@YAXXZ 00430380 f   AuthServerSession.obj
 0001:0002f390       ??__E_3@placeholders@boost@@YAXXZ 00430390 f   AuthServerSession.obj
 0001:0002f3a0       ??__E_4@placeholders@boost@@YAXXZ 004303a0 f   AuthServerSession.obj
 0001:0002f3b0       ??__E_5@placeholders@boost@@YAXXZ 004303b0 f   AuthServerSession.obj
 0001:0002f3c0       ??__E_6@placeholders@boost@@YAXXZ 004303c0 f   AuthServerSession.obj
 0001:0002f3d0       ??__E_7@placeholders@boost@@YAXXZ 004303d0 f   AuthServerSession.obj
 0001:0002f3e0       ??__E_8@placeholders@boost@@YAXXZ 004303e0 f   AuthServerSession.obj
 0001:0002f3f0       ??__E_9@placeholders@boost@@YAXXZ 004303f0 f   AuthServerSession.obj
 0001:0002f400       ??__Eposix_category@system@boost@@YAXXZ 00430400 f   GameAgentServerSession.obj
 0001:0002f410       ??__Eerrno_ecat@system@boost@@YAXXZ 00430410 f   GameAgentServerSession.obj
 0001:0002f420       ??__Enative_ecat@system@boost@@YAXXZ 00430420 f   GameAgentServerSession.obj
 0001:0002f430       ??__E_1@placeholders@boost@@YAXXZ 00430430 f   GameAgentServerSession.obj
 0001:0002f440       ??__E_2@placeholders@boost@@YAXXZ 00430440 f   GameAgentServerSession.obj
 0001:0002f450       ??__E_3@placeholders@boost@@YAXXZ 00430450 f   GameAgentServerSession.obj
 0001:0002f460       ??__E_4@placeholders@boost@@YAXXZ 00430460 f   GameAgentServerSession.obj
 0001:0002f470       ??__E_5@placeholders@boost@@YAXXZ 00430470 f   GameAgentServerSession.obj
 0001:0002f480       ??__E_6@placeholders@boost@@YAXXZ 00430480 f   GameAgentServerSession.obj
 0001:0002f490       ??__E_7@placeholders@boost@@YAXXZ 00430490 f   GameAgentServerSession.obj
 0001:0002f4a0       ??__E_8@placeholders@boost@@YAXXZ 004304a0 f   GameAgentServerSession.obj
 0001:0002f4b0       ??__E_9@placeholders@boost@@YAXXZ 004304b0 f   GameAgentServerSession.obj
 0001:0002f4c0       ??__Eposix_category@system@boost@@YAXXZ 004304c0 f   GameAgentInfoList.obj
 0001:0002f4d0       ??__Eerrno_ecat@system@boost@@YAXXZ 004304d0 f   GameAgentInfoList.obj
 0001:0002f4e0       ??__Enative_ecat@system@boost@@YAXXZ 004304e0 f   GameAgentInfoList.obj
 0001:0002f4f0       ??__E_1@placeholders@boost@@YAXXZ 004304f0 f   GameAgentInfoList.obj
 0001:0002f500       ??__E_2@placeholders@boost@@YAXXZ 00430500 f   GameAgentInfoList.obj
 0001:0002f510       ??__E_3@placeholders@boost@@YAXXZ 00430510 f   GameAgentInfoList.obj
 0001:0002f520       ??__E_4@placeholders@boost@@YAXXZ 00430520 f   GameAgentInfoList.obj
 0001:0002f530       ??__E_5@placeholders@boost@@YAXXZ 00430530 f   GameAgentInfoList.obj
 0001:0002f540       ??__E_6@placeholders@boost@@YAXXZ 00430540 f   GameAgentInfoList.obj
 0001:0002f550       ??__E_7@placeholders@boost@@YAXXZ 00430550 f   GameAgentInfoList.obj
 0001:0002f560       ??__E_8@placeholders@boost@@YAXXZ 00430560 f   GameAgentInfoList.obj
 0001:0002f570       ??__E_9@placeholders@boost@@YAXXZ 00430570 f   GameAgentInfoList.obj
 0001:0002f580       ??__Eposix_category@system@boost@@YAXXZ 00430580 f   GameAgentManager.obj
 0001:0002f590       ??__Eerrno_ecat@system@boost@@YAXXZ 00430590 f   GameAgentManager.obj
 0001:0002f5a0       ??__Enative_ecat@system@boost@@YAXXZ 004305a0 f   GameAgentManager.obj
 0001:0002f5b0       ??__E_1@placeholders@boost@@YAXXZ 004305b0 f   GameAgentManager.obj
 0001:0002f5c0       ??__E_2@placeholders@boost@@YAXXZ 004305c0 f   GameAgentManager.obj
 0001:0002f5d0       ??__E_3@placeholders@boost@@YAXXZ 004305d0 f   GameAgentManager.obj
 0001:0002f5e0       ??__E_4@placeholders@boost@@YAXXZ 004305e0 f   GameAgentManager.obj
 0001:0002f5f0       ??__E_5@placeholders@boost@@YAXXZ 004305f0 f   GameAgentManager.obj
 0001:0002f600       ??__E_6@placeholders@boost@@YAXXZ 00430600 f   GameAgentManager.obj
 0001:0002f610       ??__E_7@placeholders@boost@@YAXXZ 00430610 f   GameAgentManager.obj
 0001:0002f620       ??__E_8@placeholders@boost@@YAXXZ 00430620 f   GameAgentManager.obj
 0001:0002f630       ??__E_9@placeholders@boost@@YAXXZ 00430630 f   GameAgentManager.obj
 0001:0002f640       ??__Eg_sSUNLOG@@YAXXZ      00430640 f   servercommon:SunLog.obj
 0001:0002f690       ??__Einterchecker_main_thread_id_static@util@@YAXXZ 00430690 f   utility_s:SolarDateTime.obj
 0001:0002f69c       ??__Einitlocks@std@@YAXXZ  0043069c f   libcpmt:xlock.obj
 0001:0002f6c0       ??__Eposix_category@system@boost@@YAXXZ 004306c0 f   libboost_system-vc90-mt-s-1_60:error_code.obj
 0001:0002f6d0       ??__Eerrno_ecat@system@boost@@YAXXZ 004306d0 f   libboost_system-vc90-mt-s-1_60:error_code.obj
 0001:0002f6e0       ??__Enative_ecat@system@boost@@YAXXZ 004306e0 f   libboost_system-vc90-mt-s-1_60:error_code.obj
 0001:0002f6f0       ??__Ethrows@system@boost@@YAXXZ 004306f0 f   libboost_system-vc90-mt-s-1_60:error_code.obj
 0001:0002f700       ??__Fg_Console@@YAXXZ      00430700 f   main.obj
 0001:0002f710       ??__Fg_sSUNLOG@@YAXXZ      00430710 f   servercommon:SunLog.obj
 0001:0002f761       ??__Finitlocks@std@@YAXXZ  00430761 f   libcpmt:xlock.obj
 0001:0002f770       ??__Fsystem_category_const@?1??system_category@system@boost@@YAABVerror_category@12@XZ@YAXXZ 00430770 f   libboost_system-vc90-mt-s-1_60:error_code.obj
 0001:0002f780       ??__Fgeneric_category_const@?1??generic_category@system@boost@@YAABVerror_category@12@XZ@YAXXZ 00430780 f   libboost_system-vc90-mt-s-1_60:error_code.obj
 0001:0002f790       ??__Funknown_err@?1??message@generic_error_category@?A0xa00a0bbd@system@boost@@UBE?AV?$basic_string@DU?$char_traits@D@std@@V?$allocator@D@2@@std@@H@Z@YAXXZ 00430790 f   libboost_system-vc90-mt-s-1_60:error_code.obj
 0001:0002f7be       ??__Fnomem@?5???2@YAPAXI@Z@YAXXZ 004307be f   LIBCMT:new.obj
