 LoginFront

 Timestamp is 6160c97f (Sat Oct 09 07:43:11 2021)

 Preferred load address is 00400000

 Start         Length     Name                   Class
 0001:00000000 00044914H .text                   CODE
 0001:00044920 00001829H .text$x                 CODE
 0001:00046150 0000066bH .text$yc                CODE
 0001:000467c0 00000132H .text$yd                CODE
 0002:00000000 00000284H .idata$5                DATA
 0002:00000284 00000004H .CRT$XCA                DATA
 0002:00000288 0000000cH .CRT$XCC                DATA
 0002:00000294 00000178H .CRT$XCU                DATA
 0002:0000040c 00000004H .CRT$XCZ                DATA
 0002:00000410 00000004H .CRT$XIA                DATA
 0002:00000414 00000010H .CRT$XIC                DATA
 0002:00000424 00000004H .CRT$XIY                DATA
 0002:00000428 00000004H .CRT$XIZ                DATA
 0002:0000042c 00000004H .CRT$XPA                DATA
 0002:00000430 00000004H .CRT$XPX                DATA
 0002:00000434 00000004H .CRT$XPXA               DATA
 0002:00000438 00000004H .CRT$XPZ                DATA
 0002:0000043c 00000004H .CRT$XTA                DATA
 0002:00000440 00000004H .CRT$XTZ                DATA
 0002:00000450 00007df0H .rdata                  DATA
 0002:00008240 00000051H .rdata$debug            DATA
 0002:00008294 00000fdcH .rdata$r                DATA
 0002:00009270 000001f4H .rdata$sxdata           DATA
 0002:00009464 00000004H .rtc$IAA                DATA
 0002:00009468 00000004H .rtc$IZZ                DATA
 0002:0000946c 00000004H .rtc$TAA                DATA
 0002:00009470 00000004H .rtc$TZZ                DATA
 0002:00009478 000025a4H .xdata$x                DATA
 0002:0000ba1c 00000064H .idata$2                DATA
 0002:0000ba80 00000014H .idata$3                DATA
 0002:0000ba94 00000284H .idata$4                DATA
 0002:0000bd18 00000a90H .idata$6                DATA
 0002:0000c7a8 00000000H .edata                  DATA
 0003:00000000 00001f78H .data                   DATA
 0003:00001f80 0007a4e8H .bss                    DATA

  Address         Publics by Value              Rva+Base       Lib:Object

 0000:00000000       __except_list              00000000     <absolute>
 0000:0000007d       ___safe_se_handler_count   0000007d     <absolute>
 0000:00000000       ___ImageBase               00400000     <linker-defined>
 0001:00000000       ?DoAllocServerSession@LoginFrontFrame@@SAPAVNetworkObject@@XZ 00401000 f   LoginFrontFrame.obj
 0001:00000020       ?DoFreeServerSession@LoginFrontFrame@@SAXPAVNetworkObject@@@Z 00401020 f   LoginFrontFrame.obj
 0001:00000050       ?DoFreeConnectSession@LoginFrontFrame@@SAXPAVNetworkObject@@@Z 00401050 f   LoginFrontFrame.obj
 0001:00000060       ?DoAllocClient@LoginFrontFrame@@SAPAVNetworkObject@@XZ 00401060 f   LoginFrontFrame.obj
 0001:00000080       ?DoFreeClient@LoginFrontFrame@@SAXPAVNetworkObject@@@Z 00401080 f   LoginFrontFrame.obj
 0001:000000b0       ?DoFreeConnect_NotUsed@LoginFrontFrame@@SAXPAVNetworkObject@@@Z 004010b0 f   LoginFrontFrame.obj
 0001:000000c0       ??0LoginFrontFrame@@QAE@XZ 004010c0 f   LoginFrontFrame.obj
 0001:00000170       ??1LoginFrontFrame@@UAE@XZ 00401170 f   LoginFrontFrame.obj
 0001:00000200       ?Init@LoginFrontFrame@@MAEHXZ 00401200 f   LoginFrontFrame.obj
 0001:00000300       ?InitServerData@LoginFrontFrame@@AAEXE@Z 00401300 f   LoginFrontFrame.obj
 0001:00000330       ?SetServiceControl@LoginFrontFrame@@QAEXW4eService@1@@Z 00401330 f   LoginFrontFrame.obj
 0001:00000350       ?Update@LoginFrontFrame@@MAEHK@Z 00401350 f   LoginFrontFrame.obj
 0001:00000390       ?Release@LoginFrontFrame@@MAEXXZ 00401390 f   LoginFrontFrame.obj
 0001:000003f0       ?SendAuthServer@LoginFrontFrame@@QAEHPAUMSG_BASE_INTERNAL@@G@Z 004013f0 f   LoginFrontFrame.obj
 0001:00000430       ?IsAuthServerConnected@LoginFrontFrame@@QAEHXZ 00401430 f   LoginFrontFrame.obj
 0001:00000470       ?AllocServerSession@LoginFrontFrame@@MAEPAVServerSession@@W4eSERVER_TYPE@@@Z 00401470 f   LoginFrontFrame.obj
 0001:00000510       ?FreeServerSession@LoginFrontFrame@@MAEXPAVServerSession@@@Z 00401510 f   LoginFrontFrame.obj
 0001:000005c0       ?KeyEvent@LoginFrontFrame@@MAEHD@Z 004015c0 f   LoginFrontFrame.obj
 0001:00000620       ?DisplayServerInfo@LoginFrontFrame@@IAEXXZ 00401620 f   LoginFrontFrame.obj
 0001:00000640       ?DisplayVersionInfo@LoginFrontFrame@@QAEXXZ 00401640 f   LoginFrontFrame.obj
 0001:00000840       ?GetSession@LoginFrontFrame@@QAEPAVServerSession@@W4eSERVER_TYPE@@@Z 00401840 f   LoginFrontFrame.obj
 0001:00000870       ?ConnectTo@LoginFrontFrame@@QAEHW4eSERVER_TYPE@@@Z 00401870 f   LoginFrontFrame.obj
 0001:00000920       ?CreateSunLog@LoginFrontFrame@@IAEHXZ 00401920 f   LoginFrontFrame.obj
 0001:00000a80       ?GetServerType@LoginFrontFrame@@UAE?AW4eSERVER_TYPE@@XZ 00401a80 f i LoginFrontFrame.obj
 0001:00000a90       ??_GLoginFrontFrame@@UAEPAXI@Z 00401a90 f i LoginFrontFrame.obj
 0001:00000a90       ??_ELoginFrontFrame@@UAEPAXI@Z 00401a90 f i LoginFrontFrame.obj
 0001:00000ac0       ?GetReadyState@ServerFrame@@QAEAAVReadyState@@XZ 00401ac0 f i LoginFrontFrame.obj
 0001:00000ae0       ?GetDescFileName@ServerFrame@@IAEPBDXZ 00401ae0 f i LoginFrontFrame.obj
 0001:00000b00       ?SetPool@ClientSession@@SAXPAV?$CMemoryPoolFactory@VClientSession@@@util@@@Z 00401b00 f i LoginFrontFrame.obj
 0001:00000b20       ?SetPool@AuthServerSession@@SAXPAV?$CMemoryPoolFactory@VAuthServerSession@@@util@@@Z 00401b20 f i LoginFrontFrame.obj
 0001:00000b40       ??_GCSunLog@@QAEPAXI@Z     00401b40 f i LoginFrontFrame.obj
 0001:00000b70       ?IsConnected@ServerSession@@QBE_NXZ 00401b70 f i LoginFrontFrame.obj
 0001:00000b90       ?Init@ServerSession@@QAEXPAVServerFrame@@@Z 00401b90 f i LoginFrontFrame.obj
 0001:00000bc0       ?ALLOC@ClientSession@@SAPAV1@XZ 00401bc0 f i LoginFrontFrame.obj
 0001:00000be0       ?ALLOC@AuthServerSession@@SAPAV1@XZ 00401be0 f i LoginFrontFrame.obj
 0001:00000c00       ?FREE@ClientSession@@SAXPAV1@@Z 00401c00 f i LoginFrontFrame.obj
 0001:00000c20       ?FREE@AuthServerSession@@SAXPAV1@@Z 00401c20 f i LoginFrontFrame.obj
 0001:00000c40       ?GetVerProtocol@LoginFrontFrame@@QBE?AUGAME_VERSION@@XZ 00401c40 f i LoginFrontFrame.obj
 0001:00000c60       ?GetVerLauncher@LoginFrontFrame@@QBE?AUGAME_VERSION@@XZ 00401c60 f i LoginFrontFrame.obj
 0001:00000c80       ?GetVerMajor@LoginFrontFrame@@QBE?AUGAME_VERSION@@XZ 00401c80 f i LoginFrontFrame.obj
 0001:00000ca0       ?GetVerMinor@LoginFrontFrame@@QBE?AUGAME_VERSION@@XZ 00401ca0 f i LoginFrontFrame.obj
 0001:00000cc0       ?IsConnecting@ServerSession@@QBE_NXZ 00401cc0 f i LoginFrontFrame.obj
 0001:00000ce0       ?clear@?$basic_string@DU?$char_traits@D@std@@V?$allocator@D@2@@std@@QAEXXZ 00401ce0 f i LoginFrontFrame.obj
 0001:00000d40       ??0?$CMemoryPoolFactory@VClientSession@@@util@@QAE@XZ 00401d40 f i LoginFrontFrame.obj
 0001:00000db0       ??1?$CMemoryPoolFactory@VClientSession@@@util@@UAE@XZ 00401db0 f i LoginFrontFrame.obj
 0001:00000e10       ?Initialize@?$CMemoryPoolFactory@VClientSession@@@util@@UAE_NIIPBDPAX@Z 00401e10 f i LoginFrontFrame.obj
 0001:00000e60       ?SetTypeName@?$CMemoryPoolFactory@VAuthServerSession@@@util@@QAEXPBD@Z 00401e60 f i LoginFrontFrame.obj
 0001:00000e60       ?SetTypeName@?$CMemoryPoolFactory@VClientSession@@@util@@QAEXPBD@Z 00401e60 f i LoginFrontFrame.obj
 0001:00000e90       ??0?$CMemoryPoolFactory@VAuthServerSession@@@util@@QAE@XZ 00401e90 f i LoginFrontFrame.obj
 0001:00000f00       ??1?$CMemoryPoolFactory@VAuthServerSession@@@util@@UAE@XZ 00401f00 f i LoginFrontFrame.obj
 0001:00000f60       ?Initialize@?$CMemoryPoolFactory@VAuthServerSession@@@util@@UAE_NIIPBDPAX@Z 00401f60 f i LoginFrontFrame.obj
 0001:00000fb0       ?Alloc@?$CMemoryPoolFactory@VAuthServerSession@@@util@@UAEPAXXZ 00401fb0 f i LoginFrontFrame.obj
 0001:00000fb0       ?Alloc@?$CMemoryPoolFactory@VClientSession@@@util@@UAEPAXXZ 00401fb0 f i LoginFrontFrame.obj
 0001:00000fe0       ?Free@?$CMemoryPoolFactory@VAuthServerSession@@@util@@UAEHPAX@Z 00401fe0 f i LoginFrontFrame.obj
 0001:00000fe0       ?Free@?$CMemoryPoolFactory@VClientSession@@@util@@UAEHPAX@Z 00401fe0 f i LoginFrontFrame.obj
 0001:00001020       ?Release@?$CMemoryPoolFactory@VClientSession@@@util@@UAEXXZ 00402020 f i LoginFrontFrame.obj
 0001:00001020       ?Release@?$CMemoryPoolFactory@VAuthServerSession@@@util@@UAEXXZ 00402020 f i LoginFrontFrame.obj
 0001:00001050       ?Instance@?$Singleton@VLoginFrontFrame@@$00@util@@SAPAVLoginFrontFrame@@XZ 00402050 f i LoginFrontFrame.obj
 0001:000010e0       ?Instance@?$Singleton@VClientManager@@$00@util@@SAPAVClientManager@@XZ 004020e0 f i LoginFrontFrame.obj
 0001:00001170       ?DestroyInstance@?$Singleton@VClientManager@@$00@util@@SAXXZ 00402170 f i LoginFrontFrame.obj
 0001:000011c0       ?Instance@?$Singleton@VServerDataManager@@$00@util@@SAPAVServerDataManager@@XZ 004021c0 f i LoginFrontFrame.obj
 0001:00001250       ?DestroyInstance@?$Singleton@VServerDataManager@@$00@util@@SAXXZ 00402250 f i LoginFrontFrame.obj
 0001:000012a0       ??_G?$CMemoryPoolFactory@VClientSession@@@util@@UAEPAXI@Z 004022a0 f i LoginFrontFrame.obj
 0001:000012a0       ??_E?$CMemoryPoolFactory@VClientSession@@@util@@UAEPAXI@Z 004022a0 f i LoginFrontFrame.obj
 0001:000012d0       ??0IVMemoryPool@util@@QAE@XZ 004022d0 f i LoginFrontFrame.obj
 0001:000012f0       ??_E?$CMemoryPoolFactory@VAuthServerSession@@@util@@UAEPAXI@Z 004022f0 f i LoginFrontFrame.obj
 0001:000012f0       ??_G?$CMemoryPoolFactory@VAuthServerSession@@@util@@UAEPAXI@Z 004022f0 f i LoginFrontFrame.obj
 0001:00001320       ??_GClientManager@@QAEPAXI@Z 00402320 f i LoginFrontFrame.obj
 0001:00001350       ??_GServerDataManager@@QAEPAXI@Z 00402350 f i LoginFrontFrame.obj
 0001:00001380       ?erase@?$basic_string@DU?$char_traits@D@std@@V?$allocator@D@2@@std@@QAE?AV?$_String_iterator@DU?$char_traits@D@std@@V?$allocator@D@2@@2@V?$_String_const_iterator@DU?$char_traits@D@std@@V?$allocator@D@2@@2@0@Z 00402380 f i LoginFrontFrame.obj
 0001:00001410       ?begin@?$basic_string@DU?$char_traits@D@std@@V?$allocator@D@2@@std@@QAE?AV?$_String_iterator@DU?$char_traits@D@std@@V?$allocator@D@2@@2@XZ 00402410 f i LoginFrontFrame.obj
 0001:00001440       ?end@?$basic_string@DU?$char_traits@D@std@@V?$allocator@D@2@@std@@QAE?AV?$_String_iterator@DU?$char_traits@D@std@@V?$allocator@D@2@@2@XZ 00402440 f i LoginFrontFrame.obj
 0001:00001470       ??0?$scoped_ptr@VIMemoryPoolFactoryImpl@internal@util@@@boost@@QAE@PAVIMemoryPoolFactoryImpl@internal@util@@@Z 00402470 f i LoginFrontFrame.obj
 0001:00001470       ??0_Aux_cont@std@@QAE@QBV_Container_base_aux@1@@Z 00402470 f i ClientManager.obj
 0001:00001470       ??0id@locale@std@@QAE@I@Z  00402470 f i authcommon:csvlib.obj
 0001:00001490       ??1?$scoped_ptr@VIMemoryPoolFactoryImpl@internal@util@@@boost@@QAE@XZ 00402490 f i LoginFrontFrame.obj
 0001:000014b0       ?begin@?$PODptr@I@details@boost@@QBEPADXZ 004024b0 f i LoginFrontFrame.obj
 0001:000014b0       ?_Getcont@_Aux_cont@std@@QBEPBV_Container_base_aux@2@XZ 004024b0 f i ClientManager.obj
 0001:000014b0       ??C?$scoped_ptr@VIMemoryPoolFactoryImpl@internal@util@@@boost@@QBEPAVIMemoryPoolFactoryImpl@internal@util@@XZ 004024b0 f i LoginFrontFrame.obj
 0001:000014c0       ?CreateImpl@?$CMemoryPoolFactory@VClientSession@@@util@@QAEXH@Z 004024c0 f i LoginFrontFrame.obj
 0001:00001650       ?CreateImpl@?$CMemoryPoolFactory@VAuthServerSession@@@util@@QAEXH@Z 00402650 f i LoginFrontFrame.obj
 0001:000017e0       ?_Pdif@?$basic_string@DU?$char_traits@D@std@@V?$allocator@D@2@@std@@KAIV?$_String_const_iterator@DU?$char_traits@D@std@@V?$allocator@D@2@@2@0@Z 004027e0 f i LoginFrontFrame.obj
 0001:00001810       ?reset@?$scoped_ptr@VIMemoryPoolFactoryImpl@internal@util@@@boost@@QAEXPAVIMemoryPoolFactoryImpl@internal@util@@@Z 00402810 f i LoginFrontFrame.obj
 0001:00001880       ??0?$_String_iterator@DU?$char_traits@D@std@@V?$allocator@D@2@@std@@QAE@PADPBV_Container_base_secure@1@@Z 00402880 f i LoginFrontFrame.obj
 0001:000018a0       ??0?$NotUseChunkImpl@VClientSession@@@internal@util@@QAE@XZ 004028a0 f i LoginFrontFrame.obj
 0001:000018c0       ?Alloc@?$NotUseChunkImpl@VClientSession@@@internal@util@@UAEPAXXZ 004028c0 f i LoginFrontFrame.obj
 0001:00001960       ??2@YAPAXIPAX@Z            00402960 f i LoginFrontFrame.obj
 0001:00001970       ??0?$VariableSizeChunkImpl@VClientSession@@@internal@util@@QAE@XZ 00402970 f i LoginFrontFrame.obj
 0001:000019f0       ?Initialize@?$VariableSizeChunkImpl@VAuthServerSession@@@internal@util@@UAE_NIIPBD@Z 004029f0 f i LoginFrontFrame.obj
 0001:000019f0       ?Initialize@?$VariableSizeChunkImpl@VClientSession@@@internal@util@@UAE_NIIPBD@Z 004029f0 f i LoginFrontFrame.obj
 0001:00001a20       ?Release@?$VariableSizeChunkImpl@VAuthServerSession@@@internal@util@@UAEXXZ 00402a20 f i LoginFrontFrame.obj
 0001:00001a20       ?Release@?$VariableSizeChunkImpl@VClientSession@@@internal@util@@UAEXXZ 00402a20 f i LoginFrontFrame.obj
 0001:00001a40       ?Free@?$VariableSizeChunkImpl@VAuthServerSession@@@internal@util@@UAEXQAX@Z 00402a40 f i LoginFrontFrame.obj
 0001:00001a40       ?Free@?$VariableSizeChunkImpl@VClientSession@@@internal@util@@UAEXQAX@Z 00402a40 f i LoginFrontFrame.obj
 0001:00001a60       ?GetNumberOfBands@?$VariableSizeChunkImpl@VAuthServerSession@@@internal@util@@UBEHXZ 00402a60 f i LoginFrontFrame.obj
 0001:00001a60       ?GetNumberOfBands@?$VariableSizeChunkImpl@VClientSession@@@internal@util@@UBEHXZ 00402a60 f i LoginFrontFrame.obj
 0001:00001a80       ??0?$FixedSizeChunkImpl@VClientSession@@@internal@util@@QAE@XZ 00402a80 f i LoginFrontFrame.obj
 0001:00001af0       ?Release@?$FixedSizeChunkImpl@VClientSession@@@internal@util@@UAEXXZ 00402af0 f i LoginFrontFrame.obj
 0001:00001af0       ?Release@?$FixedSizeChunkImpl@VAuthServerSession@@@internal@util@@UAEXXZ 00402af0 f i LoginFrontFrame.obj
 0001:00001b10       ?Alloc@?$FixedSizeChunkImpl@VClientSession@@@internal@util@@UAEPAXXZ 00402b10 f i LoginFrontFrame.obj
 0001:00001ba0       ?Free@?$FixedSizeChunkImpl@VAuthServerSession@@@internal@util@@UAEXQAX@Z 00402ba0 f i LoginFrontFrame.obj
 0001:00001ba0       ?Free@?$FixedSizeChunkImpl@VClientSession@@@internal@util@@UAEXQAX@Z 00402ba0 f i LoginFrontFrame.obj
 0001:00001bd0       ??0?$NotUseChunkImpl@VAuthServerSession@@@internal@util@@QAE@XZ 00402bd0 f i LoginFrontFrame.obj
 0001:00001bf0       ?Alloc@?$NotUseChunkImpl@VAuthServerSession@@@internal@util@@UAEPAXXZ 00402bf0 f i LoginFrontFrame.obj
 0001:00001c80       ?Free@?$NotUseChunkImpl@VClientSession@@@internal@util@@UAEXQAX@Z 00402c80 f i LoginFrontFrame.obj
 0001:00001c80       ?Free@?$NotUseChunkImpl@VAuthServerSession@@@internal@util@@UAEXQAX@Z 00402c80 f i LoginFrontFrame.obj
 0001:00001cb0       ??0?$VariableSizeChunkImpl@VAuthServerSession@@@internal@util@@QAE@XZ 00402cb0 f i LoginFrontFrame.obj
 0001:00001d20       ?Alloc@?$VariableSizeChunkImpl@VAuthServerSession@@@internal@util@@UAEPAXXZ 00402d20 f i LoginFrontFrame.obj
 0001:00001d20       ?Alloc@?$VariableSizeChunkImpl@VClientSession@@@internal@util@@UAEPAXXZ 00402d20 f i LoginFrontFrame.obj
 0001:00001d40       ?SetTypeName@?$VariableSizeChunkImpl@VClientSession@@@internal@util@@UAEXPBD@Z 00402d40 f i LoginFrontFrame.obj
 0001:00001d40       ?SetTypeName@?$VariableSizeChunkImpl@VAuthServerSession@@@internal@util@@UAEXPBD@Z 00402d40 f i LoginFrontFrame.obj
 0001:00001d60       ?GetAvailableNumberOfTypes@?$VariableSizeChunkImpl@VAuthServerSession@@@internal@util@@UBEHXZ 00402d60 f i LoginFrontFrame.obj
 0001:00001d60       ?GetAvailableNumberOfTypes@?$VariableSizeChunkImpl@VClientSession@@@internal@util@@UBEHXZ 00402d60 f i LoginFrontFrame.obj
 0001:00001d80       ??0?$FixedSizeChunkImpl@VAuthServerSession@@@internal@util@@QAE@XZ 00402d80 f i LoginFrontFrame.obj
 0001:00001df0       ?Alloc@?$FixedSizeChunkImpl@VAuthServerSession@@@internal@util@@UAEPAXXZ 00402df0 f i LoginFrontFrame.obj
 0001:00001e80       ??_E?$NotUseChunkImpl@VClientSession@@@internal@util@@UAEPAXI@Z 00402e80 f i LoginFrontFrame.obj
 0001:00001e80       ??_G?$NotUseChunkImpl@VClientSession@@@internal@util@@UAEPAXI@Z 00402e80 f i LoginFrontFrame.obj
 0001:00001eb0       ??1?$NotUseChunkImpl@VClientSession@@@internal@util@@UAE@XZ 00402eb0 f i LoginFrontFrame.obj
 0001:00001ed0       ??_E?$VariableSizeChunkImpl@VClientSession@@@internal@util@@UAEPAXI@Z 00402ed0 f i LoginFrontFrame.obj
 0001:00001ed0       ??_G?$VariableSizeChunkImpl@VClientSession@@@internal@util@@UAEPAXI@Z 00402ed0 f i LoginFrontFrame.obj
 0001:00001f00       ??1?$VariableSizeChunkImpl@VClientSession@@@internal@util@@UAE@XZ 00402f00 f i LoginFrontFrame.obj
 0001:00001f70       ??_G?$FixedSizeChunkImpl@VClientSession@@@internal@util@@UAEPAXI@Z 00402f70 f i LoginFrontFrame.obj
 0001:00001f70       ??_E?$FixedSizeChunkImpl@VClientSession@@@internal@util@@UAEPAXI@Z 00402f70 f i LoginFrontFrame.obj
 0001:00001fa0       ??1?$FixedSizeChunkImpl@VClientSession@@@internal@util@@UAE@XZ 00402fa0 f i LoginFrontFrame.obj
 0001:00002000       ??_G?$NotUseChunkImpl@VAuthServerSession@@@internal@util@@UAEPAXI@Z 00403000 f i LoginFrontFrame.obj
 0001:00002000       ??_E?$NotUseChunkImpl@VAuthServerSession@@@internal@util@@UAEPAXI@Z 00403000 f i LoginFrontFrame.obj
 0001:00002030       ??1?$NotUseChunkImpl@VAuthServerSession@@@internal@util@@UAE@XZ 00403030 f i LoginFrontFrame.obj
 0001:00002050       ??_G?$VariableSizeChunkImpl@VAuthServerSession@@@internal@util@@UAEPAXI@Z 00403050 f i LoginFrontFrame.obj
 0001:00002050       ??_E?$VariableSizeChunkImpl@VAuthServerSession@@@internal@util@@UAEPAXI@Z 00403050 f i LoginFrontFrame.obj
 0001:00002080       ??1?$VariableSizeChunkImpl@VAuthServerSession@@@internal@util@@UAE@XZ 00403080 f i LoginFrontFrame.obj
 0001:000020f0       ??_E?$FixedSizeChunkImpl@VAuthServerSession@@@internal@util@@UAEPAXI@Z 004030f0 f i LoginFrontFrame.obj
 0001:000020f0       ??_G?$FixedSizeChunkImpl@VAuthServerSession@@@internal@util@@UAEPAXI@Z 004030f0 f i LoginFrontFrame.obj
 0001:00002120       ??1?$FixedSizeChunkImpl@VAuthServerSession@@@internal@util@@UAE@XZ 00403120 f i LoginFrontFrame.obj
 0001:00002180       ??0?$pool@Udefault_user_allocator_new_delete@boost@@@boost@@QAE@III@Z 00403180 f i LoginFrontFrame.obj
 0001:000021d0       ??1?$pool@Udefault_user_allocator_new_delete@boost@@@boost@@QAE@XZ 004031d0 f i LoginFrontFrame.obj
 0001:000021f0       ?malloc@?$pool@Udefault_user_allocator_new_delete@boost@@@boost@@QAEPAXXZ 004031f0 f i LoginFrontFrame.obj
 0001:00002230       ?free@?$pool@Udefault_user_allocator_new_delete@boost@@@boost@@QAEXQAX@Z 00403230 f i LoginFrontFrame.obj
 0001:00002250       ?swap@?$scoped_ptr@VIMemoryPoolFactoryImpl@internal@util@@@boost@@QAEXAAV12@@Z 00403250 f i LoginFrontFrame.obj
 0001:00002280       ??0?$_String_const_iterator@DU?$char_traits@D@std@@V?$allocator@D@2@@std@@QAE@PBDPBV_Container_base_secure@1@@Z 00403280 f i LoginFrontFrame.obj
 0001:000022e0       ??G?$_String_const_iterator@DU?$char_traits@D@std@@V?$allocator@D@2@@std@@QBEHABV01@@Z 004032e0 f i LoginFrontFrame.obj
 0001:00002330       ?Create@?$VariableSizeChunkImpl@VClientSession@@@internal@util@@CAXPAX@Z 00403330 f i LoginFrontFrame.obj
 0001:000023b0       ?Destroy@?$VariableSizeChunkImpl@VClientSession@@@internal@util@@CAXPAX@Z 004033b0 f i LoginFrontFrame.obj
 0001:000023b0       ?Destroy@?$VariableSizeChunkImpl@VAuthServerSession@@@internal@util@@CAXPAX@Z 004033b0 f i LoginFrontFrame.obj
 0001:000023d0       ?Create@?$VariableSizeChunkImpl@VAuthServerSession@@@internal@util@@CAXPAX@Z 004033d0 f i LoginFrontFrame.obj
 0001:00002450       ?empty@?$simple_segregated_storage@I@boost@@QBE_NXZ 00403450 f i LoginFrontFrame.obj
 0001:00002470       ?malloc@?$simple_segregated_storage@I@boost@@QAEPAXXZ 00403470 f i LoginFrontFrame.obj
 0001:000024a0       ?free@?$simple_segregated_storage@I@boost@@QAEXQAX@Z 004034a0 f i LoginFrontFrame.obj
 0001:000024d0       ??0?$PODptr@I@details@boost@@QAE@QADI@Z 004034d0 f i LoginFrontFrame.obj
 0001:00002500       ??$checked_delete@VIMemoryPoolFactoryImpl@internal@util@@@boost@@YAXPAVIMemoryPoolFactoryImpl@internal@util@@@Z 00403500 f i LoginFrontFrame.obj
 0001:00002540       ?malloc_need_resize@?$pool@Udefault_user_allocator_new_delete@boost@@@boost@@AAEPAXXZ 00403540 f i LoginFrontFrame.obj
 0001:000026b0       ?release_memory@?$pool@Udefault_user_allocator_new_delete@boost@@@boost@@QAE_NXZ 004036b0 f i LoginFrontFrame.obj
 0001:00002880       ?purge_memory@?$pool@Udefault_user_allocator_new_delete@boost@@@boost@@QAE_NXZ 00403880 f i LoginFrontFrame.obj
 0001:00002910       ?is_from@?$pool@Udefault_user_allocator_new_delete@boost@@@boost@@KA_NQAXQADI@Z 00403910 f i LoginFrontFrame.obj
 0001:00002970       ?alloc_size@?$pool@Udefault_user_allocator_new_delete@boost@@@boost@@IBEIXZ 00403970 f i LoginFrontFrame.obj
 0001:000029c0       ?add_block@?$simple_segregated_storage@I@boost@@QAEXQAXII@Z 004039c0 f i LoginFrontFrame.obj
 0001:000029f0       ??0?$PODptr@I@details@boost@@QAE@XZ 004039f0 f i LoginFrontFrame.obj
 0001:00002a20       ?valid@?$PODptr@I@details@boost@@QBE_NXZ 00403a20 f i LoginFrontFrame.obj
 0001:00002a40       ?invalidate@?$PODptr@I@details@boost@@QAEXXZ 00403a40 f i LoginFrontFrame.obj
 0001:00002a60       ?element_size@?$PODptr@I@details@boost@@QBEIXZ 00403a60 f i LoginFrontFrame.obj
 0001:00002a80       ?next@?$PODptr@I@details@boost@@QBE?AV123@XZ 00403a80 f i LoginFrontFrame.obj
 0001:00002ab0       ?next@?$PODptr@I@details@boost@@QBEXABV123@@Z 00403ab0 f i LoginFrontFrame.obj
 0001:00002af0       ?ptr_next_ptr@?$PODptr@I@details@boost@@ABEPADXZ 00403af0 f i LoginFrontFrame.obj
 0001:00002b10       ?next_size@?$PODptr@I@details@boost@@QBEAAIXZ 00403b10 f i LoginFrontFrame.obj
 0001:00002b30       ?end@?$PODptr@I@details@boost@@QBEPADXZ 00403b30 f i LoginFrontFrame.obj
 0001:00002b30       ?next_ptr@?$PODptr@I@details@boost@@QBEAAPADXZ 00403b30 f i LoginFrontFrame.obj
 0001:00002b50       ??R?$less_equal@PAX@std@@QBE_NABQAX0@Z 00403b50 f i LoginFrontFrame.obj
 0001:00002b70       ?ptr_next_size@?$PODptr@I@details@boost@@ABEPADXZ 00403b70 f i LoginFrontFrame.obj
 0001:00002b90       ??$min@I@std@@YAABIABI0@Z  00403b90 f i LoginFrontFrame.obj
 0001:00002bc0       ?segregate@?$simple_segregated_storage@I@boost@@SAPAXPAXII0@Z 00403bc0 f i LoginFrontFrame.obj
 0001:00002c50       ??$max@I@std@@YAABIABI0@Z  00403c50 f i LoginFrontFrame.obj
 0001:00002c80       ?malloc@default_user_allocator_new_delete@boost@@SAPADI@Z 00403c80 f i LoginFrontFrame.obj
 0001:00002ca0       ?free@default_user_allocator_new_delete@boost@@SAXQAD@Z 00403ca0 f i LoginFrontFrame.obj
 0001:00002cc0       ?FCAssert@FlowControl@@SAEPAD0K@Z 00403cc0 f i LoginFrontFrame.obj
 0001:00002ce0       ?_Interceptor@FlowControl@@SAEE@Z 00403ce0 f i LoginFrontFrame.obj
 0001:00002cf0       ?SetTypeName@MemoryPoolSizeBased@internal@util@@QAEXPBD@Z 00403cf0 f i LoginFrontFrame.obj
 0001:00002d10       ?GetStatistics@MemoryPoolSizeBased@internal@util@@QBEABUStatistics@123@XZ 00403d10 f i LoginFrontFrame.obj
 0001:00002d30       ??0IMemoryPoolFactoryImpl@internal@util@@QAE@XZ 00403d30 f i LoginFrontFrame.obj
 0001:00002d50       ??1IMemoryPoolFactoryImpl@internal@util@@UAE@XZ 00403d50 f i LoginFrontFrame.obj
 0001:00002d70       ?Initialize@IMemoryPoolFactoryImpl@internal@util@@UAE_NIIPBD@Z 00403d70 f i LoginFrontFrame.obj
 0001:00002d80       ??_GIMemoryPoolFactoryImpl@internal@util@@UAEPAXI@Z 00403d80 f i LoginFrontFrame.obj
 0001:00002d80       ??_EIMemoryPoolFactoryImpl@internal@util@@UAEPAXI@Z 00403d80 f i LoginFrontFrame.obj
 0001:00002db0       ?SetFileOutDelayOption@CSunLog@@QAEXH@Z 00403db0 f i LoginFrontFrame.obj
 0001:00002dd0       ??0?$basic_string@DU?$char_traits@D@std@@V?$allocator@D@2@@std@@QAE@XZ 00403dd0 f i LoginFrontFrame.obj
 0001:00002e00       ??4?$basic_string@DU?$char_traits@D@std@@V?$allocator@D@2@@std@@QAEAAV01@PBD@Z 00403e00 f i LoginFrontFrame.obj
 0001:00002e20       ??Y?$basic_string@DU?$char_traits@D@std@@V?$allocator@D@2@@std@@QAEAAV01@PBD@Z 00403e20 f i LoginFrontFrame.obj
 0001:00002e40       ?c_str@?$basic_string@DU?$char_traits@D@std@@V?$allocator@D@2@@std@@QBEPBDXZ 00403e40 f i LoginFrontFrame.obj
 0001:00002e60       ?append@?$basic_string@DU?$char_traits@D@std@@V?$allocator@D@2@@std@@QAEAAV12@PBD@Z 00403e60 f i LoginFrontFrame.obj
 0001:00002e90       ?length@?$char_traits@D@std@@SAIPBD@Z 00403e90 f i LoginFrontFrame.obj
 0001:00002ed0       ?assign@?$basic_string@DU?$char_traits@D@std@@V?$allocator@D@2@@std@@QAEAAV12@PBD@Z 00403ed0 f i LoginFrontFrame.obj
 0001:00002f00       ?_Tidy@?$basic_string@DU?$char_traits@D@std@@V?$allocator@D@2@@std@@IAEX_NI@Z 00403f00 f i LoginFrontFrame.obj
 0001:00002f80       ?_Myptr@?$basic_string@DU?$char_traits@D@std@@V?$allocator@D@2@@std@@IBEPBDXZ 00403f80 f i LoginFrontFrame.obj
 0001:00002f80       ?_Myptr@?$basic_string@DU?$char_traits@D@std@@V?$allocator@D@2@@std@@IAEPADXZ 00403f80 f i LoginFrontFrame.obj
 0001:00002fb0       ??0?$_String_val@DV?$allocator@D@std@@@std@@IAE@V?$allocator@D@1@@Z 00403fb0 f i LoginFrontFrame.obj
 0001:00002fd0       ?append@?$basic_string@DU?$char_traits@D@std@@V?$allocator@D@2@@std@@QAEAAV12@PBDI@Z 00403fd0 f i LoginFrontFrame.obj
 0001:000030a0       ?append@?$basic_string@DU?$char_traits@D@std@@V?$allocator@D@2@@std@@QAEAAV12@ABV12@II@Z 004040a0 f i LoginFrontFrame.obj
 0001:00003170       ?size@?$basic_string@DU?$char_traits@D@std@@V?$allocator@D@2@@std@@QBEIXZ 00404170 f i LoginFrontFrame.obj
 0001:00003190       ?assign@?$basic_string@DU?$char_traits@D@std@@V?$allocator@D@2@@std@@QAEAAV12@PBDI@Z 00404190 f i LoginFrontFrame.obj
 0001:00003220       ?assign@?$basic_string@DU?$char_traits@D@std@@V?$allocator@D@2@@std@@QAEAAV12@ABV12@II@Z 00404220 f i LoginFrontFrame.obj
 0001:000032e0       ?erase@?$basic_string@DU?$char_traits@D@std@@V?$allocator@D@2@@std@@QAEAAV12@II@Z 004042e0 f i LoginFrontFrame.obj
 0001:00003380       ?_Eos@?$basic_string@DU?$char_traits@D@std@@V?$allocator@D@2@@std@@IAEXI@Z 00404380 f i LoginFrontFrame.obj
 0001:000033c0       ?assign@?$char_traits@D@std@@SAXAADABD@Z 004043c0 f i LoginFrontFrame.obj
 0001:000033d0       ?_Grow@?$basic_string@DU?$char_traits@D@std@@V?$allocator@D@2@@std@@IAE_NI_N@Z 004043d0 f i LoginFrontFrame.obj
 0001:00003470       ?max_size@?$basic_string@DU?$char_traits@D@std@@V?$allocator@D@2@@std@@QBEIXZ 00404470 f i LoginFrontFrame.obj
 0001:000034b0       ?_Copy@?$basic_string@DU?$char_traits@D@std@@V?$allocator@D@2@@std@@IAEXII@Z 004044b0 f i LoginFrontFrame.obj
 0001:00003630       ?_Inside@?$basic_string@DU?$char_traits@D@std@@V?$allocator@D@2@@std@@IAE_NPBD@Z 00404630 f i LoginFrontFrame.obj
 0001:00003670       ?allocate@?$allocator@D@std@@QAEPADI@Z 00404670 f i LoginFrontFrame.obj
 0001:00003690       ?max_size@?$allocator@D@std@@QBEIXZ 00404690 f i LoginFrontFrame.obj
 0001:000036c0       ??$copy_s@U?$char_traits@D@std@@@_Traits_helper@std@@YAPADPADIPBDI@Z 004046c0 f i LoginFrontFrame.obj
 0001:000036f0       ??$move_s@U?$char_traits@D@std@@@_Traits_helper@std@@YAPADPADIPBDI@Z 004046f0 f i LoginFrontFrame.obj
 0001:00003720       ??$_Allocate@D@std@@YAPADIPAD@Z 00404720 f i LoginFrontFrame.obj
 0001:00003770       ??0bad_alloc@std@@QAE@PBD@Z 00404770 f i LoginFrontFrame.obj
 0001:000037a0       ??1bad_alloc@std@@UAE@XZ   004047a0 f i LoginFrontFrame.obj
 0001:000037c0       ??_Ebad_alloc@std@@UAEPAXI@Z 004047c0 f i LoginFrontFrame.obj
 0001:000037c0       ??_Gbad_alloc@std@@UAEPAXI@Z 004047c0 f i LoginFrontFrame.obj
 0001:000037f0       ??0bad_alloc@std@@QAE@ABV01@@Z 004047f0 f i LoginFrontFrame.obj
 0001:00003820       ??$_Ptr_cat@PAV?$basic_string@DU?$char_traits@D@std@@V?$allocator@D@2@@std@@PAV12@@std@@YA?AU_Nonscalar_ptr_iterator_tag@0@AAPAV?$basic_string@DU?$char_traits@D@std@@V?$allocator@D@2@@0@0@Z 00404820 f i authcommon:csvlib.obj
 0001:00003820       ??$_Move_cat@PAU_List_position@?$_Hash@V?$_Hmap_traits@KPAVClientSession@@V?$hash_compare@KU?$less@K@std@@@stdext@@V?$CustomAllocator@PAVClientSession@@@util@@$0A@@stdext@@@stdext@@@std@@YA?AU_Undefined_move_tag@0@ABQAU_List_position@?$_Hash@V?$_Hmap_traits@KPAVClientSession@@V?$hash_compare@KU?$less@K@std@@@stdext@@V?$CustomAllocator@PAVClientSession@@@util@@$0A@@stdext@@@stdext@@@Z 00404820 f i ClientManager.obj
 0001:00003820       ??$_Ptr_cat@PAU_List_position@?$_Hash@V?$_Hmap_traits@KPAVClientSession@@V?$hash_compare@KU?$less@K@std@@@stdext@@V?$CustomAllocator@PAVClientSession@@@util@@$0A@@stdext@@@stdext@@PAU123@@std@@YA?AU_Nonscalar_ptr_iterator_tag@0@AAPAU_List_position@?$_Hash@V?$_Hmap_traits@KPAVClientSession@@V?$hash_compare@KU?$less@K@std@@@stdext@@V?$CustomAllocator@PAVClientSession@@@util@@$0A@@stdext@@@stdext@@0@Z 00404820 f i ClientManager.obj
 0001:00003820       ??$_Move_cat@PAV?$basic_string@DU?$char_traits@D@std@@V?$allocator@D@2@@std@@@std@@YA?AU_Swap_move_tag@0@ABQAV?$basic_string@DU?$char_traits@D@std@@V?$allocator@D@2@@0@@Z 00404820 f i authcommon:csvlib.obj
 0001:00003820       ??$_Char_traits_cat@U?$char_traits@D@std@@@std@@YA?AU_Secure_char_traits_tag@0@XZ 00404820 f i LoginFrontFrame.obj
 0001:00003830       ??$copy_s@U?$char_traits@D@std@@@_Traits_helper@std@@YAPADPADIPBDIU_Secure_char_traits_tag@1@@Z 00404830 f i LoginFrontFrame.obj
 0001:00003850       ?_Copy_s@?$char_traits@D@std@@SAPADPADIPBDI@Z 00404850 f i LoginFrontFrame.obj
 0001:00003870       ??$move_s@U?$char_traits@D@std@@@_Traits_helper@std@@YAPADPADIPBDIU_Secure_char_traits_tag@1@@Z 00404870 f i LoginFrontFrame.obj
 0001:00003890       ?_Move_s@?$char_traits@D@std@@SAPADPADIPBDI@Z 00404890 f i LoginFrontFrame.obj
 0001:000038b0       ??0_Container_base_aux@std@@QAE@XZ 004048b0 f i ClientManager.obj
 0001:000038b0       ?store@?$pool@Udefault_user_allocator_new_delete@boost@@@boost@@IAEAAV?$simple_segregated_storage@I@2@XZ 004048b0 f i LoginFrontFrame.obj
 0001:000038b0       ??0?$CustomAllocator@U?$pair@$$CBKK@std@@@util@@QAE@XZ 004048b0 f i ClientManager.obj
 0001:000038b0       ??0?$Singleton@VLoginFrontFrame@@$00@util@@IAE@XZ 004048b0 f i LoginFrontFrame.obj
 0001:000038b0       ??0?$arg@$05@boost@@QAE@XZ 004048b0 f i LoginFrontFrame.obj
 0001:000038b0       ??0?$CustomAllocator@U?$pair@$$CBKPAVClientSession@@@std@@@util@@QAE@XZ 004048b0 f i ClientManager.obj
 0001:000038b0       ??0?$hash_compare@KU?$less@K@std@@@stdext@@QAE@XZ 004048b0 f i ClientManager.obj
 0001:000038b0       ??0?$Singleton@VServerDataManager@@$00@util@@IAE@XZ 004048b0 f i authcommon:ServerDataManager.obj
 0001:000038b0       ??0?$arg@$01@boost@@QAE@XZ 004048b0 f i LoginFrontFrame.obj
 0001:000038b0       ??0?$arg@$08@boost@@QAE@XZ 004048b0 f i LoginFrontFrame.obj
 0001:000038b0       ??0?$allocator@U?$pair@$$CBV?$basic_string@DU?$char_traits@D@std@@V?$allocator@D@2@@std@@E@std@@@std@@QAE@XZ 004048b0 f i authcommon:csvlib.obj
 0001:000038b0       ??0?$allocator@V?$basic_string@DU?$char_traits@D@std@@V?$allocator@D@2@@std@@@std@@QAE@XZ 004048b0 f i authcommon:csvlib.obj
 0001:000038b0       ??0?$allocator@D@std@@QAE@XZ 004048b0 f i LoginFrontFrame.obj
 0001:000038b0       ??0?$arg@$06@boost@@QAE@XZ 004048b0 f i LoginFrontFrame.obj
 0001:000038b0       ??0?$arg@$03@boost@@QAE@XZ 004048b0 f i LoginFrontFrame.obj
 0001:000038b0       ?GetBaseServerData@ServerData@@QBEABUSERVER_DATA@@XZ 004048b0 f i authcommon:ServerDataManager.obj
 0001:000038b0       ??0?$arg@$07@boost@@QAE@XZ 004048b0 f i LoginFrontFrame.obj
 0001:000038b0       ??0?$Singleton@VClientManager@@$00@util@@IAE@XZ 004048b0 f i ClientManager.obj
 0001:000038b0       ??0?$CustomAllocator@U?$pair@$$CBKPAUGROUP_DATA@@@std@@@util@@QAE@XZ 004048b0 f i authcommon:ServerDataManager.obj
 0001:000038b0       ??0?$arg@$04@boost@@QAE@XZ 004048b0 f i LoginFrontFrame.obj
 0001:000038b0       ??0?$arg@$00@boost@@QAE@XZ 004048b0 f i LoginFrontFrame.obj
 0001:000038b0       ??0?$arg@$02@boost@@QAE@XZ 004048b0 f i LoginFrontFrame.obj
 0001:000038b0       ??0?$CustomAllocator@U?$pair@$$CBKPAVServerData@@@std@@@util@@QAE@XZ 004048b0 f i authcommon:ServerDataManager.obj
 0001:000038b0       ?begin@?$PODptr@I@details@boost@@QAEAAPADXZ 004048b0 f i LoginFrontFrame.obj
 0001:000038c0       ??1?$basic_string@DU?$char_traits@D@std@@V?$allocator@D@2@@std@@QAE@XZ 004048c0 f i LoginFrontFrame.obj
 0001:000038e0       ?ProcCrashHandling@@YAXPBD0@Z 004048e0 f   main.obj
 0001:00003a70       ?GenerateDmpName@@YAPBDXZ  00404a70 f   main.obj
 0001:00003ac0       ?ErrorHandler@@YAXKPAD@Z   00404ac0 f   main.obj
 0001:00003ae0       ?OnServiceStart@@YA_NXZ    00404ae0 f   main.obj
 0001:00003b60       ?OnServiceProcess@@YAXXZ   00404b60 f   main.obj
 0001:00003b80       ?OnServiceUpdate@@YA_NXZ   00404b80 f   main.obj
 0001:00003ba0       ?OnServiceStop@@YAXXZ      00404ba0 f   main.obj
 0001:00003bc0       _main                      00404bc0 f   main.obj
 0001:00003cf0       ?DestroyInstance@?$Singleton@VLoginFrontFrame@@$00@util@@SAXXZ 00404cf0 f i main.obj
 0001:00003d40       ??0ClientManager@@QAE@XZ   00404d40 f   ClientManager.obj
 0001:00003e20       ??1ClientManager@@QAE@XZ   00404e20 f   ClientManager.obj
 0001:00003ec0       ?AddSession@ClientManager@@QAEHKPAVClientSession@@@Z 00404ec0 f   ClientManager.obj
 0001:00003f10       ?RemoveSession@ClientManager@@QAEXK@Z 00404f10 f   ClientManager.obj
 0001:00003f90       ?FindSession@ClientManager@@QAEPAVClientSession@@K@Z 00404f90 f   ClientManager.obj
 0001:00003fe0       ?UpdateSession@ClientManager@@QAEXXZ 00404fe0 f   ClientManager.obj
 0001:00004040       ?IsAllowIp@ClientManager@@QAE_NK@Z 00405040 f   ClientManager.obj
 0001:000041c0       ?IsOfficeIp@ClientManager@@QAE_NK@Z 004051c0 f   ClientManager.obj
 0001:00004270       ?GetControlIpSize@ClientManager@@QAEKXZ 00405270 f   ClientManager.obj
 0001:000042c0       ?ClearControlIp@ClientManager@@QAEXXZ 004052c0 f   ClientManager.obj
 0001:00004380       ?AddControlIp@ClientManager@@QAEXW4eIPTYPE@@KK@Z 00405380 f   ClientManager.obj
 0001:00004450       ?DisplayControlIPInfo@ClientManager@@QAEXXZ 00405450 f   ClientManager.obj
 0001:00004710       ??1?$chunk_hash_map@KPAVClientSession@@V?$hash_compare@KU?$less@K@std@@@stdext@@@util@@QAE@XZ 00405710 f i ClientManager.obj
 0001:00004730       ??1?$chunk_map@KKU?$less@K@std@@@util@@QAE@XZ 00405730 f i ClientManager.obj
 0001:00004750       ??1?$hash_map@KPAVClientSession@@V?$hash_compare@KU?$less@K@std@@@stdext@@V?$CustomAllocator@PAVClientSession@@@util@@@stdext@@QAE@XZ 00405750 f i ClientManager.obj
 0001:00004770       ??1?$map@KKU?$less@K@std@@V?$CustomAllocator@K@util@@@std@@QAE@XZ 00405770 f i ClientManager.obj
 0001:00004790       ?ConvertDWORD2StrIP@IPOperation@@SAPADK@Z 00405790 f i ClientManager.obj
 0001:000047b0       ??0?$chunk_hash_map@KPAVClientSession@@V?$hash_compare@KU?$less@K@std@@@stdext@@@util@@QAE@ABV?$hash_compare@KU?$less@K@std@@@stdext@@ABV?$CustomAllocator@U?$pair@$$CBKPAVClientSession@@@std@@@1@@Z 004057b0 f i ClientManager.obj
 0001:000047d0       ??1?$_Hash@V?$_Hmap_traits@KPAVClientSession@@V?$hash_compare@KU?$less@K@std@@@stdext@@V?$CustomAllocator@PAVClientSession@@@util@@$0A@@stdext@@@stdext@@QAE@XZ 004057d0 f i ClientManager.obj
 0001:00004840       ?begin@?$_Hash@V?$_Hmap_traits@KPAVClientSession@@V?$hash_compare@KU?$less@K@std@@@stdext@@V?$CustomAllocator@PAVClientSession@@@util@@$0A@@stdext@@@stdext@@QAE?AV?$_Iterator@$00@?$list@U?$pair@$$CBKPAVClientSession@@@std@@V?$CustomAllocator@U?$pair@$$CBKPAVClientSession@@@std@@@util@@@std@@XZ 00405840 f i ClientManager.obj
 0001:00004860       ?end@?$_Hash@V?$_Hmap_traits@KPAVClientSession@@V?$hash_compare@KU?$less@K@std@@@stdext@@V?$CustomAllocator@PAVClientSession@@@util@@$0A@@stdext@@@stdext@@QAE?AV?$_Iterator@$00@?$list@U?$pair@$$CBKPAVClientSession@@@std@@V?$CustomAllocator@U?$pair@$$CBKPAVClientSession@@@std@@@util@@@std@@XZ 00405860 f i ClientManager.obj
 0001:00004880       ?insert@?$_Hash@V?$_Hmap_traits@KPAVClientSession@@V?$hash_compare@KU?$less@K@std@@@stdext@@V?$CustomAllocator@PAVClientSession@@@util@@$0A@@stdext@@@stdext@@QAE?AU?$pair@V?$_Iterator@$00@?$list@U?$pair@$$CBKPAVClientSession@@@std@@V?$CustomAllocator@U?$pair@$$CBKPAVClientSession@@@std@@@util@@@std@@_N@std@@ABU?$pair@$$CBKPAVClientSession@@@4@@Z 00405880 f i ClientManager.obj
 0001:000048c0       ?erase@?$_Hash@V?$_Hmap_traits@KPAVClientSession@@V?$hash_compare@KU?$less@K@std@@@stdext@@V?$CustomAllocator@PAVClientSession@@@util@@$0A@@stdext@@@stdext@@QAE?AV?$_Iterator@$00@?$list@U?$pair@$$CBKPAVClientSession@@@std@@V?$CustomAllocator@U?$pair@$$CBKPAVClientSession@@@std@@@util@@@std@@V?$_Const_iterator@$00@45@@Z 004058c0 f i ClientManager.obj
 0001:00004990       ?find@?$_Hash@V?$_Hmap_traits@KPAVClientSession@@V?$hash_compare@KU?$less@K@std@@@stdext@@V?$CustomAllocator@PAVClientSession@@@util@@$0A@@stdext@@@stdext@@QAE?AV?$_Iterator@$00@?$list@U?$pair@$$CBKPAVClientSession@@@std@@V?$CustomAllocator@U?$pair@$$CBKPAVClientSession@@@std@@@util@@@std@@ABK@Z 00405990 f i ClientManager.obj
 0001:000049b0       ??A?$map@KKU?$less@K@std@@V?$CustomAllocator@K@util@@@std@@QAEAAKABK@Z 004059b0 f i ClientManager.obj
 0001:00004a70       ??1?$_Tree@V?$_Tmap_traits@KKU?$less@K@std@@V?$CustomAllocator@K@util@@$0A@@std@@@std@@QAE@XZ 00405a70 f i ClientManager.obj
 0001:00004ad0       ?begin@?$_Tree@V?$_Tmap_traits@KKU?$less@K@std@@V?$CustomAllocator@K@util@@$0A@@std@@@std@@QAE?AViterator@12@XZ 00405ad0 f i ClientManager.obj
 0001:00004b00       ?end@?$_Tree@V?$_Tmap_traits@KKU?$less@K@std@@V?$CustomAllocator@K@util@@$0A@@std@@@std@@QAE?AViterator@12@XZ 00405b00 f i ClientManager.obj
 0001:00004b30       ?size@?$_Tree@V?$_Tmap_traits@V?$basic_string@DU?$char_traits@D@std@@V?$allocator@D@2@@std@@EU?$less@V?$basic_string@DU?$char_traits@D@std@@V?$allocator@D@2@@std@@@2@V?$allocator@U?$pair@$$CBV?$basic_string@DU?$char_traits@D@std@@V?$allocator@D@2@@std@@E@std@@@2@$0A@@std@@@std@@QBEIXZ 00405b30 f i authcommon:csvlib.obj
 0001:00004b30       ?size@?$_Tree@V?$_Tmap_traits@KKU?$less@K@std@@V?$CustomAllocator@K@util@@$0A@@std@@@std@@QBEIXZ 00405b30 f i ClientManager.obj
 0001:00004b30       ?size@?$_Tree@V?$_Tmap_traits@KPAVServerData@@U?$less@K@std@@V?$CustomAllocator@PAVServerData@@@util@@$0A@@std@@@std@@QBEIXZ 00405b30 f i authcommon:ServerDataManager.obj
 0001:00004b50       ?clear@?$_Tree@V?$_Tmap_traits@KPAUGROUP_DATA@@U?$less@K@std@@V?$CustomAllocator@PAUGROUP_DATA@@@util@@$0A@@std@@@std@@QAEXXZ 00405b50 f i authcommon:ServerDataManager.obj
 0001:00004b50       ?clear@?$_Tree@V?$_Tmap_traits@KKU?$less@K@std@@V?$CustomAllocator@K@util@@$0A@@std@@@std@@QAEXXZ 00405b50 f i ClientManager.obj
 0001:00004b50       ?clear@?$_Tree@V?$_Tmap_traits@KPAVServerData@@U?$less@K@std@@V?$CustomAllocator@PAVServerData@@@util@@$0A@@std@@@std@@QAEXXZ 00405b50 f i authcommon:ServerDataManager.obj
 0001:00004bb0       ?upper_bound@?$_Tree@V?$_Tmap_traits@KKU?$less@K@std@@V?$CustomAllocator@K@util@@$0A@@std@@@std@@QAE?AViterator@12@ABK@Z 00405bb0 f i ClientManager.obj
 0001:00004be0       ??C?$_Iterator@$00@?$list@U?$pair@$$CBKPAVClientSession@@@std@@V?$CustomAllocator@U?$pair@$$CBKPAVClientSession@@@std@@@util@@@std@@QBEPAU?$pair@$$CBKPAVClientSession@@@2@XZ 00405be0 f i ClientManager.obj
 0001:00004c00       ??E?$_Iterator@$00@?$list@U?$pair@$$CBKPAVClientSession@@@std@@V?$CustomAllocator@U?$pair@$$CBKPAVClientSession@@@std@@@util@@@std@@QAEAAV012@XZ 00405c00 f i ClientManager.obj
 0001:00004c20       ??8?$_Const_iterator@$00@?$list@U?$pair@$$CBKPAVClientSession@@@std@@V?$CustomAllocator@U?$pair@$$CBKPAVClientSession@@@std@@@util@@@std@@QBE_NABV012@@Z 00405c20 f i ClientManager.obj
 0001:00004c70       ?_Same_container@_Iterator_base_secure@std@@QBE_NABV12@@Z 00405c70 f i LoginFrontFrame.obj
 0001:00004c70       ?_Same_container@_Iterator_base_aux@std@@QBE_NABV12@@Z 00405c70 f i ClientManager.obj
 0001:00004c90       ?_Has_container@_Iterator_base_secure@std@@QBE_NXZ 00405c90 f i LoginFrontFrame.obj
 0001:00004c90       ?_Has_container@_Iterator_base_aux@std@@QBE_NXZ 00405c90 f i ClientManager.obj
 0001:00004cb0       ??9?$_Const_iterator@$00@?$list@U?$pair@$$CBKPAVClientSession@@@std@@V?$CustomAllocator@U?$pair@$$CBKPAVClientSession@@@std@@@util@@@std@@QBE_NABV012@@Z 00405cb0 f i ClientManager.obj
 0001:00004ce0       ??0?$_Iterator@$00@?$list@U?$pair@$$CBKPAVClientSession@@@std@@V?$CustomAllocator@U?$pair@$$CBKPAVClientSession@@@std@@@util@@@std@@QAE@XZ 00405ce0 f i ClientManager.obj
 0001:00004ce0       ??0iterator@?$_Tree@V?$_Tmap_traits@KKU?$less@K@std@@V?$CustomAllocator@K@util@@$0A@@std@@@std@@QAE@XZ 00405ce0 f i ClientManager.obj
 0001:00004ce0       ??0iterator@?$_Tree@V?$_Tmap_traits@V?$basic_string@DU?$char_traits@D@std@@V?$allocator@D@2@@std@@EU?$less@V?$basic_string@DU?$char_traits@D@std@@V?$allocator@D@2@@std@@@2@V?$allocator@U?$pair@$$CBV?$basic_string@DU?$char_traits@D@std@@V?$allocator@D@2@@std@@E@std@@@2@$0A@@std@@@std@@QAE@XZ 00405ce0 f i authcommon:csvlib.obj
 0001:00004d00       ??Citerator@?$_Tree@V?$_Tmap_traits@KKU?$less@K@std@@V?$CustomAllocator@K@util@@$0A@@std@@@std@@QBEPAU?$pair@$$CBKK@2@XZ 00405d00 f i ClientManager.obj
 0001:00004d20       ??Eiterator@?$_Tree@V?$_Tmap_traits@KKU?$less@K@std@@V?$CustomAllocator@K@util@@$0A@@std@@@std@@QAE?AV012@H@Z 00405d20 f i ClientManager.obj
 0001:00004d60       ??Fiterator@?$_Tree@V?$_Tmap_traits@KKU?$less@K@std@@V?$CustomAllocator@K@util@@$0A@@std@@@std@@QAE?AV012@H@Z 00405d60 f i ClientManager.obj
 0001:00004da0       ??1?$_Hmap_traits@KPAVClientSession@@V?$hash_compare@KU?$less@K@std@@@stdext@@V?$CustomAllocator@PAVClientSession@@@util@@$0A@@stdext@@QAE@XZ 00405da0 f i ClientManager.obj
 0001:00004dc0       ??0?$hash_map@KPAVClientSession@@V?$hash_compare@KU?$less@K@std@@@stdext@@V?$CustomAllocator@PAVClientSession@@@util@@@stdext@@QAE@ABV?$hash_compare@KU?$less@K@std@@@1@ABV?$CustomAllocator@U?$pair@$$CBKPAVClientSession@@@std@@@util@@@Z 00405dc0 f i ClientManager.obj
 0001:00004de0       ?_Get_iter_from_vec@?$_Hash@V?$_Hmap_traits@KPAVClientSession@@V?$hash_compare@KU?$less@K@std@@@stdext@@V?$CustomAllocator@PAVClientSession@@@util@@$0A@@stdext@@@stdext@@QBE?AV?$_Iterator@$00@?$list@U?$pair@$$CBKPAVClientSession@@@std@@V?$CustomAllocator@U?$pair@$$CBKPAVClientSession@@@std@@@util@@@std@@ABU_List_position@12@@Z 00405de0 f i ClientManager.obj
 0001:00004e10       ?lower_bound@?$_Hash@V?$_Hmap_traits@KPAVClientSession@@V?$hash_compare@KU?$less@K@std@@@stdext@@V?$CustomAllocator@PAVClientSession@@@util@@$0A@@stdext@@@stdext@@QAE?AV?$_Iterator@$00@?$list@U?$pair@$$CBKPAVClientSession@@@std@@V?$CustomAllocator@U?$pair@$$CBKPAVClientSession@@@std@@@util@@@std@@ABK@Z 00405e10 f i ClientManager.obj
 0001:00004f30       ?_Hashval@?$_Hash@V?$_Hmap_traits@KPAVClientSession@@V?$hash_compare@KU?$less@K@std@@@stdext@@V?$CustomAllocator@PAVClientSession@@@util@@$0A@@stdext@@@stdext@@IBEIABK@Z 00405f30 f i ClientManager.obj
 0001:00004f80       ?_Insert@?$_Hash@V?$_Hmap_traits@KPAVClientSession@@V?$hash_compare@KU?$less@K@std@@@stdext@@V?$CustomAllocator@PAVClientSession@@@util@@$0A@@stdext@@@stdext@@IAE?AU?$pair@V?$_Iterator@$00@?$list@U?$pair@$$CBKPAVClientSession@@@std@@V?$CustomAllocator@U?$pair@$$CBKPAVClientSession@@@std@@@util@@@std@@_N@std@@ABU?$pair@$$CBKPAVClientSession@@@4@V?$_Iterator@$00@?$list@U?$pair@$$CBKPAVClientSession@@@std@@V?$CustomAllocator@U?$pair@$$CBKPAVClientSession@@@std@@@util@@@4@@Z 00405f80 f i ClientManager.obj
 0001:00005260       ??R?$less@PAX@std@@QBE_NABQAX0@Z 00406260 f i LoginFrontFrame.obj
 0001:00005260       ??R?$less@K@std@@QBE_NABK0@Z 00406260 f i ClientManager.obj
 0001:00005280       ??1?$list@U?$pair@$$CBKPAVClientSession@@@std@@V?$CustomAllocator@U?$pair@$$CBKPAVClientSession@@@std@@@util@@@std@@QAE@XZ 00406280 f i ClientManager.obj
 0001:000052e0       ?begin@?$list@U?$pair@$$CBKPAVClientSession@@@std@@V?$CustomAllocator@U?$pair@$$CBKPAVClientSession@@@std@@@util@@@std@@QAE?AV?$_Iterator@$00@12@XZ 004062e0 f i ClientManager.obj
 0001:00005310       ?end@?$list@U?$pair@$$CBKPAVClientSession@@@std@@V?$CustomAllocator@U?$pair@$$CBKPAVClientSession@@@std@@@util@@@std@@QAE?AV?$_Iterator@$00@12@XZ 00406310 f i ClientManager.obj
 0001:00005340       ?erase@?$list@U?$pair@$$CBKPAVClientSession@@@std@@V?$CustomAllocator@U?$pair@$$CBKPAVClientSession@@@std@@@util@@@std@@QAE?AV?$_Iterator@$00@12@V?$_Const_iterator@$00@12@@Z 00406340 f i ClientManager.obj
 0001:00005410       ??1?$vector@U_List_position@?$_Hash@V?$_Hmap_traits@KPAVClientSession@@V?$hash_compare@KU?$less@K@std@@@stdext@@V?$CustomAllocator@PAVClientSession@@@util@@$0A@@stdext@@@stdext@@V?$CustomAllocator@U_List_position@?$_Hash@V?$_Hmap_traits@KPAVClientSession@@V?$hash_compare@KU?$less@K@std@@@stdext@@V?$CustomAllocator@PAVClientSession@@@util@@$0A@@stdext@@@stdext@@@util@@@std@@QAE@XZ 00406410 f i ClientManager.obj
 0001:00005470       ??A?$vector@U_List_position@?$_Hash@V?$_Hmap_traits@KPAVClientSession@@V?$hash_compare@KU?$less@K@std@@@stdext@@V?$CustomAllocator@PAVClientSession@@@util@@$0A@@stdext@@@stdext@@V?$CustomAllocator@U_List_position@?$_Hash@V?$_Hmap_traits@KPAVClientSession@@V?$hash_compare@KU?$less@K@std@@@stdext@@V?$CustomAllocator@PAVClientSession@@@util@@$0A@@stdext@@@stdext@@@util@@@std@@QAEAAU_List_position@?$_Hash@V?$_Hmap_traits@KPAVClientSession@@V?$hash_compare@KU?$less@K@std@@@stdext@@V?$CustomAllocator@PAVClientSession@@@util@@$0A@@stdext@@@stdext@@I@Z 00406470 f i ClientManager.obj
 0001:000054a0       ?_Key@?$_Tree@V?$_Tmap_traits@KPAUGROUP_DATA@@U?$less@K@std@@V?$CustomAllocator@PAUGROUP_DATA@@@util@@$0A@@std@@@std@@KAABKPAU_Node@?$_Tree_nod@V?$_Tmap_traits@KPAUGROUP_DATA@@U?$less@K@std@@V?$CustomAllocator@PAUGROUP_DATA@@@util@@$0A@@std@@@2@@Z 004064a0 f i authcommon:ServerDataManager.obj
 0001:000054a0       ?_Key@?$_Tree@V?$_Tmap_traits@V?$basic_string@DU?$char_traits@D@std@@V?$allocator@D@2@@std@@EU?$less@V?$basic_string@DU?$char_traits@D@std@@V?$allocator@D@2@@std@@@2@V?$allocator@U?$pair@$$CBV?$basic_string@DU?$char_traits@D@std@@V?$allocator@D@2@@std@@E@std@@@2@$0A@@std@@@std@@KAABV?$basic_string@DU?$char_traits@D@std@@V?$allocator@D@2@@2@PAU_Node@?$_Tree_nod@V?$_Tmap_traits@V?$basic_string@DU?$char_traits@D@std@@V?$allocator@D@2@@std@@EU?$less@V?$basic_string@DU?$char_traits@D@std@@V?$allocator@D@2@@std@@@2@V?$allocator@U?$pair@$$CBV?$basic_string@DU?$char_traits@D@std@@V?$allocator@D@2@@std@@E@std@@@2@$0A@@std@@@2@@Z 004064a0 f i authcommon:csvlib.obj
 0001:000054a0       ?_Key@?$_Tree@V?$_Tmap_traits@KKU?$less@K@std@@V?$CustomAllocator@K@util@@$0A@@std@@@std@@KAABKPAU_Node@?$_Tree_nod@V?$_Tmap_traits@KKU?$less@K@std@@V?$CustomAllocator@K@util@@$0A@@std@@@2@@Z 004064a0 f i ClientManager.obj
 0001:000054a0       ?_Key@?$_Tree@V?$_Tmap_traits@KPAVServerData@@U?$less@K@std@@V?$CustomAllocator@PAVServerData@@@util@@$0A@@std@@@std@@KAABKPAU_Node@?$_Tree_nod@V?$_Tmap_traits@KPAVServerData@@U?$less@K@std@@V?$CustomAllocator@PAVServerData@@@util@@$0A@@std@@@2@@Z 004064a0 f i authcommon:ServerDataManager.obj
 0001:000054c0       ?insert@?$_Tree@V?$_Tmap_traits@KKU?$less@K@std@@V?$CustomAllocator@K@util@@$0A@@std@@@std@@QAE?AViterator@12@Vconst_iterator@12@ABU?$pair@$$CBKK@2@@Z 004064c0 f i ClientManager.obj
 0001:00005ae0       ?lower_bound@?$_Tree@V?$_Tmap_traits@KKU?$less@K@std@@V?$CustomAllocator@K@util@@$0A@@std@@@std@@QAE?AViterator@12@ABK@Z 00406ae0 f i ClientManager.obj
 0001:00005b10       ?_Erase@?$_Tree@V?$_Tmap_traits@KPAUGROUP_DATA@@U?$less@K@std@@V?$CustomAllocator@PAUGROUP_DATA@@@util@@$0A@@std@@@std@@IAEXPAU_Node@?$_Tree_nod@V?$_Tmap_traits@KPAUGROUP_DATA@@U?$less@K@std@@V?$CustomAllocator@PAUGROUP_DATA@@@util@@$0A@@std@@@2@@Z 00406b10 f i authcommon:ServerDataManager.obj
 0001:00005b10       ?_Erase@?$_Tree@V?$_Tmap_traits@KPAVServerData@@U?$less@K@std@@V?$CustomAllocator@PAVServerData@@@util@@$0A@@std@@@std@@IAEXPAU_Node@?$_Tree_nod@V?$_Tmap_traits@KPAVServerData@@U?$less@K@std@@V?$CustomAllocator@PAVServerData@@@util@@$0A@@std@@@2@@Z 00406b10 f i authcommon:ServerDataManager.obj
 0001:00005b10       ?_Erase@?$_Tree@V?$_Tmap_traits@KKU?$less@K@std@@V?$CustomAllocator@K@util@@$0A@@std@@@std@@IAEXPAU_Node@?$_Tree_nod@V?$_Tmap_traits@KKU?$less@K@std@@V?$CustomAllocator@K@util@@$0A@@std@@@2@@Z 00406b10 f i ClientManager.obj
 0001:00005b90       ?_Ubound@?$_Tree@V?$_Tmap_traits@KKU?$less@K@std@@V?$CustomAllocator@K@util@@$0A@@std@@@std@@IBEPAU_Node@?$_Tree_nod@V?$_Tmap_traits@KKU?$less@K@std@@V?$CustomAllocator@K@util@@$0A@@std@@@2@ABK@Z 00406b90 f i ClientManager.obj
 0001:00005c20       ?_Tidy@?$_Tree@V?$_Tmap_traits@KKU?$less@K@std@@V?$CustomAllocator@K@util@@$0A@@std@@@std@@IAEXXZ 00406c20 f i ClientManager.obj
 0001:00005cf0       ??D?$_Iterator@$00@?$list@U?$pair@$$CBKPAVClientSession@@@std@@V?$CustomAllocator@U?$pair@$$CBKPAVClientSession@@@std@@@util@@@std@@QBEAAU?$pair@$$CBKPAVClientSession@@@2@XZ 00406cf0 f i ClientManager.obj
 0001:00005d10       ??D?$_Const_iterator@$00@?$list@U?$pair@$$CBKPAVClientSession@@@std@@V?$CustomAllocator@U?$pair@$$CBKPAVClientSession@@@std@@@util@@@std@@QBEABU?$pair@$$CBKPAVClientSession@@@2@XZ 00406d10 f i ClientManager.obj
 0001:00005d70       ?_Getmycont@_Iterator_base_aux@std@@QBEPBV_Container_base_aux@2@XZ 00406d70 f i ClientManager.obj
 0001:00005da0       ??E?$_Const_iterator@$00@?$list@U?$pair@$$CBKPAVClientSession@@@std@@V?$CustomAllocator@U?$pair@$$CBKPAVClientSession@@@std@@@util@@@std@@QAEAAV012@XZ 00406da0 f i ClientManager.obj
 0001:00005e10       ??0iterator@?$_Tree@V?$_Tmap_traits@KKU?$less@K@std@@V?$CustomAllocator@K@util@@$0A@@std@@@std@@QAE@PAU_Node@?$_Tree_nod@V?$_Tmap_traits@KKU?$less@K@std@@V?$CustomAllocator@K@util@@$0A@@std@@@2@PBV12@@Z 00406e10 f i ClientManager.obj
 0001:00005e30       ??Diterator@?$_Tree@V?$_Tmap_traits@KKU?$less@K@std@@V?$CustomAllocator@K@util@@$0A@@std@@@std@@QBEAAU?$pair@$$CBKK@2@XZ 00406e30 f i ClientManager.obj
 0001:00005e50       ??Eiterator@?$_Tree@V?$_Tmap_traits@KKU?$less@K@std@@V?$CustomAllocator@K@util@@$0A@@std@@@std@@QAEAAV012@XZ 00406e50 f i ClientManager.obj
 0001:00005e70       ??Fiterator@?$_Tree@V?$_Tmap_traits@KKU?$less@K@std@@V?$CustomAllocator@K@util@@$0A@@std@@@std@@QAEAAV012@XZ 00406e70 f i ClientManager.obj
 0001:00005e90       ??0const_iterator@?$_Tree@V?$_Tmap_traits@V?$basic_string@DU?$char_traits@D@std@@V?$allocator@D@2@@std@@EU?$less@V?$basic_string@DU?$char_traits@D@std@@V?$allocator@D@2@@std@@@2@V?$allocator@U?$pair@$$CBV?$basic_string@DU?$char_traits@D@std@@V?$allocator@D@2@@std@@E@std@@@2@$0A@@std@@@std@@QAE@XZ 00406e90 f i authcommon:csvlib.obj
 0001:00005e90       ??0const_iterator@?$_Tree@V?$_Tmap_traits@KKU?$less@K@std@@V?$CustomAllocator@K@util@@$0A@@std@@@std@@QAE@XZ 00406e90 f i ClientManager.obj
 0001:00005e90       ??0?$_Const_iterator@$00@?$list@U?$pair@$$CBKPAVClientSession@@@std@@V?$CustomAllocator@U?$pair@$$CBKPAVClientSession@@@std@@@util@@@std@@QAE@XZ 00406e90 f i ClientManager.obj
 0001:00005eb0       ??0?$pair@$$CBKPAVServerData@@@std@@QAE@ABKABQAVServerData@@@Z 00406eb0 f i authcommon:ServerDataManager.obj
 0001:00005eb0       ??0?$pair@$$CBKPAUGROUP_DATA@@@std@@QAE@ABKABQAUGROUP_DATA@@@Z 00406eb0 f i authcommon:ServerDataManager.obj
 0001:00005eb0       ??0?$pair@$$CBKK@std@@QAE@ABK0@Z 00406eb0 f i ClientManager.obj
 0001:00005eb0       ??0?$pair@$$CBKPAVClientSession@@@std@@QAE@ABKABQAVClientSession@@@Z 00406eb0 f i ClientManager.obj
 0001:00005ee0       ??0_List_position@?$_Hash@V?$_Hmap_traits@KPAVClientSession@@V?$hash_compare@KU?$less@K@std@@@stdext@@V?$CustomAllocator@PAVClientSession@@@util@@$0A@@stdext@@@stdext@@QAE@V?$_Iterator@$00@?$list@U?$pair@$$CBKPAVClientSession@@@std@@V?$CustomAllocator@U?$pair@$$CBKPAVClientSession@@@std@@@util@@@std@@@Z 00406ee0 f i ClientManager.obj
 0001:00005f10       ??8_List_position@?$_Hash@V?$_Hmap_traits@KPAVClientSession@@V?$hash_compare@KU?$less@K@std@@@stdext@@V?$CustomAllocator@PAVClientSession@@@util@@$0A@@stdext@@@stdext@@QBE_NABV?$_Const_iterator@$00@?$list@U?$pair@$$CBKPAVClientSession@@@std@@V?$CustomAllocator@U?$pair@$$CBKPAVClientSession@@@std@@@util@@@std@@@Z 00406f10 f i ClientManager.obj
 0001:00005f40       ??1?$_List_nod@U?$pair@$$CBKPAVClientSession@@@std@@V?$CustomAllocator@U?$pair@$$CBKPAVClientSession@@@std@@@util@@@std@@QAE@XZ 00406f40 f i ClientManager.obj
 0001:00005f40       ??1?$_Vector_val@U_List_position@?$_Hash@V?$_Hmap_traits@KPAVClientSession@@V?$hash_compare@KU?$less@K@std@@@stdext@@V?$CustomAllocator@PAVClientSession@@@util@@$0A@@stdext@@@stdext@@V?$CustomAllocator@U_List_position@?$_Hash@V?$_Hmap_traits@KPAVClientSession@@V?$hash_compare@KU?$less@K@std@@@stdext@@V?$CustomAllocator@PAVClientSession@@@util@@$0A@@stdext@@@stdext@@@util@@@std@@QAE@XZ 00406f40 f i ClientManager.obj
 0001:00005f40       ??1?$_Tmap_traits@KPAVServerData@@U?$less@K@std@@V?$CustomAllocator@PAVServerData@@@util@@$0A@@std@@QAE@XZ 00406f40 f i authcommon:ServerDataManager.obj
 0001:00005f40       ??1?$_Tmap_traits@KPAUGROUP_DATA@@U?$less@K@std@@V?$CustomAllocator@PAUGROUP_DATA@@@util@@$0A@@std@@QAE@XZ 00406f40 f i authcommon:ServerDataManager.obj
 0001:00005f40       ??1?$_Tmap_traits@KKU?$less@K@std@@V?$CustomAllocator@K@util@@$0A@@std@@QAE@XZ 00406f40 f i ClientManager.obj
 0001:00005f60       ??0?$_Bidit@U?$pair@$$CBKPAVServerData@@@std@@HPBU12@ABU12@@std@@QAE@XZ 00406f60 f i authcommon:ServerDataManager.obj
 0001:00005f60       ??0?$_Bidit@U?$pair@$$CBKK@std@@HPBU12@ABU12@@std@@QAE@XZ 00406f60 f i ClientManager.obj
 0001:00005f60       ??0?$_Ranit@V?$basic_string@DU?$char_traits@D@std@@V?$allocator@D@2@@std@@HPBV12@ABV12@@std@@QAE@XZ 00406f60 f i authcommon:csvlib.obj
 0001:00005f60       ??0?$_Ranit@U_List_position@?$_Hash@V?$_Hmap_traits@KPAVClientSession@@V?$hash_compare@KU?$less@K@std@@@stdext@@V?$CustomAllocator@PAVClientSession@@@util@@$0A@@stdext@@@stdext@@HPBU123@ABU123@@std@@QAE@XZ 00406f60 f i ClientManager.obj
 0001:00005f60       ??0?$_Bidit@U?$pair@$$CBKPAVClientSession@@@std@@HPBU12@ABU12@@std@@QAE@XZ 00406f60 f i ClientManager.obj
 0001:00005f60       ??0?$_Bidit@U?$pair@$$CBV?$basic_string@DU?$char_traits@D@std@@V?$allocator@D@2@@std@@E@std@@HPBU12@ABU12@@std@@QAE@XZ 00406f60 f i authcommon:csvlib.obj
 0001:00005f60       ??0?$_Bidit@U?$pair@$$CBKPAUGROUP_DATA@@@std@@HPBU12@ABU12@@std@@QAE@XZ 00406f60 f i authcommon:ServerDataManager.obj
 0001:00005f80       ??0?$simple_segregated_storage@I@boost@@QAE@XZ 00406f80 f i LoginFrontFrame.obj
 0001:00005f80       ??0_Iterator_base_aux@std@@QAE@XZ 00406f80 f i ClientManager.obj
 0001:00005f80       ??0_Iterator_base_secure@std@@QAE@XZ 00406f80 f i LoginFrontFrame.obj
 0001:00005fa0       ??0?$_Hash@V?$_Hmap_traits@KPAVClientSession@@V?$hash_compare@KU?$less@K@std@@@stdext@@V?$CustomAllocator@PAVClientSession@@@util@@$0A@@stdext@@@stdext@@QAE@ABV?$hash_compare@KU?$less@K@std@@@1@ABV?$CustomAllocator@U?$pair@$$CBKPAVClientSession@@@std@@@util@@@Z 00406fa0 f i ClientManager.obj
 0001:00006050       ?bucket_count@?$_Hash@V?$_Hmap_traits@KPAVClientSession@@V?$hash_compare@KU?$less@K@std@@@stdext@@V?$CustomAllocator@PAVClientSession@@@util@@$0A@@stdext@@@stdext@@QBEIXZ 00407050 f i ClientManager.obj
 0001:00006070       ?load_factor@?$_Hash@V?$_Hmap_traits@KPAVClientSession@@V?$hash_compare@KU?$less@K@std@@@stdext@@V?$CustomAllocator@PAVClientSession@@@util@@$0A@@stdext@@@stdext@@QBEMXZ 00407070 f i ClientManager.obj
 0001:000060c0       ?max_load_factor@?$_Hash@V?$_Hmap_traits@KPAVClientSession@@V?$hash_compare@KU?$less@K@std@@@stdext@@V?$CustomAllocator@PAVClientSession@@@util@@$0A@@stdext@@@stdext@@QBEMXZ 004070c0 f i ClientManager.obj
 0001:000060e0       ?_Init@?$_Hash@V?$_Hmap_traits@KPAVClientSession@@V?$hash_compare@KU?$less@K@std@@@stdext@@V?$CustomAllocator@PAVClientSession@@@util@@$0A@@stdext@@@stdext@@IAEXI@Z 004070e0 f i ClientManager.obj
 0001:00006140       ?_Reinsert@?$_Hash@V?$_Hmap_traits@KPAVClientSession@@V?$hash_compare@KU?$less@K@std@@@stdext@@V?$CustomAllocator@PAVClientSession@@@util@@$0A@@stdext@@@stdext@@IAEXXZ 00407140 f i ClientManager.obj
 0001:000061c0       ??R?$hash_compare@KU?$less@K@std@@@stdext@@QBEIABK@Z 004071c0 f i ClientManager.obj
 0001:00006230       ??R?$hash_compare@KU?$less@K@std@@@stdext@@QBE_NABK0@Z 00407230 f i ClientManager.obj
 0001:00006250       ?_Make_iter@?$list@U?$pair@$$CBKPAVClientSession@@@std@@V?$CustomAllocator@U?$pair@$$CBKPAVClientSession@@@std@@@util@@@std@@QBE?AV?$_Iterator@$00@12@V?$_Const_iterator@$00@12@@Z 00407250 f i ClientManager.obj
 0001:00006270       ?insert@?$list@U?$pair@$$CBKPAVClientSession@@@std@@V?$CustomAllocator@U?$pair@$$CBKPAVClientSession@@@std@@@util@@@std@@QAE?AV?$_Iterator@$00@12@V?$_Const_iterator@$00@12@ABU?$pair@$$CBKPAVClientSession@@@2@@Z 00407270 f i ClientManager.obj
 0001:000062b0       ?splice@?$list@U?$pair@$$CBKPAVClientSession@@@std@@V?$CustomAllocator@U?$pair@$$CBKPAVClientSession@@@std@@@util@@@std@@QAEXV?$_Const_iterator@$00@12@AAV12@0@Z 004072b0 f i ClientManager.obj
 0001:00006350       ?_Tidy@?$list@U?$pair@$$CBKPAVClientSession@@@std@@V?$CustomAllocator@U?$pair@$$CBKPAVClientSession@@@std@@@util@@@std@@IAEXXZ 00407350 f i ClientManager.obj
 0001:000063c0       ?size@?$vector@U_List_position@?$_Hash@V?$_Hmap_traits@KPAVClientSession@@V?$hash_compare@KU?$less@K@std@@@stdext@@V?$CustomAllocator@PAVClientSession@@@util@@$0A@@stdext@@@stdext@@V?$CustomAllocator@U_List_position@?$_Hash@V?$_Hmap_traits@KPAVClientSession@@V?$hash_compare@KU?$less@K@std@@@stdext@@V?$CustomAllocator@PAVClientSession@@@util@@$0A@@stdext@@@stdext@@@util@@@std@@QBEIXZ 004073c0 f i ClientManager.obj
 0001:000063e0       ?max_size@?$vector@U_List_position@?$_Hash@V?$_Hmap_traits@KPAVClientSession@@V?$hash_compare@KU?$less@K@std@@@stdext@@V?$CustomAllocator@PAVClientSession@@@util@@$0A@@stdext@@@stdext@@V?$CustomAllocator@U_List_position@?$_Hash@V?$_Hmap_traits@KPAVClientSession@@V?$hash_compare@KU?$less@K@std@@@stdext@@V?$CustomAllocator@PAVClientSession@@@util@@$0A@@stdext@@@stdext@@@util@@@std@@QBEIXZ 004073e0 f i ClientManager.obj
 0001:00006400       ?_Tidy@?$vector@U_List_position@?$_Hash@V?$_Hmap_traits@KPAVClientSession@@V?$hash_compare@KU?$less@K@std@@@stdext@@V?$CustomAllocator@PAVClientSession@@@util@@$0A@@stdext@@@stdext@@V?$CustomAllocator@U_List_position@?$_Hash@V?$_Hmap_traits@KPAVClientSession@@V?$hash_compare@KU?$less@K@std@@@stdext@@V?$CustomAllocator@PAVClientSession@@@util@@$0A@@stdext@@@stdext@@@util@@@std@@IAEXXZ 00407400 f i ClientManager.obj
 0001:00006470       ??1?$_Container_base_aux_alloc_real@V?$CustomAllocator@K@util@@@std@@IAE@XZ 00407470 f i ClientManager.obj
 0001:00006470       ??1?$_Container_base_aux_alloc_real@V?$CustomAllocator@PAVServerData@@@util@@@std@@IAE@XZ 00407470 f i authcommon:ServerDataManager.obj
 0001:00006470       ??1?$_Container_base_aux_alloc_real@V?$CustomAllocator@U_List_position@?$_Hash@V?$_Hmap_traits@KPAVClientSession@@V?$hash_compare@KU?$less@K@std@@@stdext@@V?$CustomAllocator@PAVClientSession@@@util@@$0A@@stdext@@@stdext@@@util@@@std@@IAE@XZ 00407470 f i ClientManager.obj
 0001:00006470       ??1?$_Container_base_aux_alloc_real@V?$CustomAllocator@PAUGROUP_DATA@@@util@@@std@@IAE@XZ 00407470 f i authcommon:ServerDataManager.obj
 0001:00006470       ??1?$_Container_base_aux_alloc_real@V?$CustomAllocator@U?$pair@$$CBKPAVClientSession@@@std@@@util@@@std@@IAE@XZ 00407470 f i ClientManager.obj
 0001:000064d0       ?insert@?$_Tree@V?$_Tmap_traits@KKU?$less@K@std@@V?$CustomAllocator@K@util@@$0A@@std@@@std@@QAE?AU?$pair@Viterator@?$_Tree@V?$_Tmap_traits@KKU?$less@K@std@@V?$CustomAllocator@K@util@@$0A@@std@@@std@@_N@2@ABU?$pair@$$CBKK@2@@Z 004074d0 f i ClientManager.obj
 0001:000066a0       ?erase@?$_Tree@V?$_Tmap_traits@KKU?$less@K@std@@V?$CustomAllocator@K@util@@$0A@@std@@@std@@QAE?AViterator@12@Vconst_iterator@12@0@Z 004076a0 f i ClientManager.obj
 0001:00006750       ?_Insert@?$_Tree@V?$_Tmap_traits@KKU?$less@K@std@@V?$CustomAllocator@K@util@@$0A@@std@@@std@@IAE?AViterator@12@_NPAU_Node@?$_Tree_nod@V?$_Tmap_traits@KKU?$less@K@std@@V?$CustomAllocator@K@util@@$0A@@std@@@2@ABU?$pair@$$CBKK@2@@Z 00407750 f i ClientManager.obj
 0001:00006bd0       ??0length_error@std@@QAE@ABV?$basic_string@DU?$char_traits@D@std@@V?$allocator@D@2@@1@@Z 00407bd0 f i ClientManager.obj
 0001:00006c00       ??0logic_error@std@@QAE@ABV?$basic_string@DU?$char_traits@D@std@@V?$allocator@D@2@@1@@Z 00407c00 f i ClientManager.obj
 0001:00006c70       ?what@runtime_error@std@@UBEPBDXZ 00407c70 f i authcommon:csvlib.obj
 0001:00006c70       ?what@logic_error@std@@UBEPBDXZ 00407c70 f i ClientManager.obj
 0001:00006c90       ??_Glogic_error@std@@UAEPAXI@Z 00407c90 f i ClientManager.obj
 0001:00006c90       ??_Elogic_error@std@@UAEPAXI@Z 00407c90 f i ClientManager.obj
 0001:00006cc0       ??1logic_error@std@@UAE@XZ 00407cc0 f i ClientManager.obj
 0001:00006cf0       ??1length_error@std@@UAE@XZ 00407cf0 f i ClientManager.obj
 0001:00006d10       ??_Elength_error@std@@UAEPAXI@Z 00407d10 f i ClientManager.obj
 0001:00006d10       ??_Glength_error@std@@UAEPAXI@Z 00407d10 f i ClientManager.obj
 0001:00006d40       ??0logic_error@std@@QAE@ABV01@@Z 00407d40 f i ClientManager.obj
 0001:00006db0       ?_Lbound@?$_Tree@V?$_Tmap_traits@KPAVServerData@@U?$less@K@std@@V?$CustomAllocator@PAVServerData@@@util@@$0A@@std@@@std@@IBEPAU_Node@?$_Tree_nod@V?$_Tmap_traits@KPAVServerData@@U?$less@K@std@@V?$CustomAllocator@PAVServerData@@@util@@$0A@@std@@@2@ABK@Z 00407db0 f i authcommon:ServerDataManager.obj
 0001:00006db0       ?_Lbound@?$_Tree@V?$_Tmap_traits@KPAUGROUP_DATA@@U?$less@K@std@@V?$CustomAllocator@PAUGROUP_DATA@@@util@@$0A@@std@@@std@@IBEPAU_Node@?$_Tree_nod@V?$_Tmap_traits@KPAUGROUP_DATA@@U?$less@K@std@@V?$CustomAllocator@PAUGROUP_DATA@@@util@@$0A@@std@@@2@ABK@Z 00407db0 f i authcommon:ServerDataManager.obj
 0001:00006db0       ?_Lbound@?$_Tree@V?$_Tmap_traits@KKU?$less@K@std@@V?$CustomAllocator@K@util@@$0A@@std@@@std@@IBEPAU_Node@?$_Tree_nod@V?$_Tmap_traits@KKU?$less@K@std@@V?$CustomAllocator@K@util@@$0A@@std@@@2@ABK@Z 00407db0 f i ClientManager.obj
 0001:00006e40       ??0?$_Iterator@$00@?$list@U?$pair@$$CBKPAVClientSession@@@std@@V?$CustomAllocator@U?$pair@$$CBKPAVClientSession@@@std@@@util@@@std@@QAE@PAU_Node@?$_List_nod@U?$pair@$$CBKPAVClientSession@@@std@@V?$CustomAllocator@U?$pair@$$CBKPAVClientSession@@@std@@@util@@@2@PBV12@@Z 00407e40 f i ClientManager.obj
 0001:00006e60       ??F?$_Iterator@$00@?$list@U?$pair@$$CBKPAVClientSession@@@std@@V?$CustomAllocator@U?$pair@$$CBKPAVClientSession@@@std@@@util@@@std@@QAEAAV012@XZ 00407e60 f i ClientManager.obj
 0001:00006e80       ??E?$_Const_iterator@$00@?$list@U?$pair@$$CBKPAVClientSession@@@std@@V?$CustomAllocator@U?$pair@$$CBKPAVClientSession@@@std@@@util@@@std@@QAE?AV012@H@Z 00407e80 f i ClientManager.obj
 0001:00006ec0       ?_Mynode@?$_Const_iterator@$0A@@?$list@U?$pair@$$CBKPAVClientSession@@@std@@V?$CustomAllocator@U?$pair@$$CBKPAVClientSession@@@std@@@util@@@std@@QBEPAU_Node@?$_List_nod@U?$pair@$$CBKPAVClientSession@@@std@@V?$CustomAllocator@U?$pair@$$CBKPAVClientSession@@@std@@@util@@@3@XZ 00407ec0 f i ClientManager.obj
 0001:00006ec0       ?total_size@?$PODptr@I@details@boost@@QBEIXZ 00407ec0 f i LoginFrontFrame.obj
 0001:00006ec0       ?_Mynode@const_iterator@?$_Tree@V?$_Tmap_traits@V?$basic_string@DU?$char_traits@D@std@@V?$allocator@D@2@@std@@EU?$less@V?$basic_string@DU?$char_traits@D@std@@V?$allocator@D@2@@std@@@2@V?$allocator@U?$pair@$$CBV?$basic_string@DU?$char_traits@D@std@@V?$allocator@D@2@@std@@E@std@@@2@$0A@@std@@@std@@QBEPAU_Node@?$_Tree_nod@V?$_Tmap_traits@V?$basic_string@DU?$char_traits@D@std@@V?$allocator@D@2@@std@@EU?$less@V?$basic_string@DU?$char_traits@D@std@@V?$allocator@D@2@@std@@@2@V?$allocator@U?$pair@$$CBV?$basic_string@DU?$char_traits@D@std@@V?$allocator@D@2@@std@@E@std@@@2@$0A@@std@@@3@XZ 00407ec0 f i authcommon:csvlib.obj
 0001:00006ec0       ?_Mynode@const_iterator@?$_Tree@V?$_Tmap_traits@KPAUGROUP_DATA@@U?$less@K@std@@V?$CustomAllocator@PAUGROUP_DATA@@@util@@$0A@@std@@@std@@QBEPAU_Node@?$_Tree_nod@V?$_Tmap_traits@KPAUGROUP_DATA@@U?$less@K@std@@V?$CustomAllocator@PAUGROUP_DATA@@@util@@$0A@@std@@@3@XZ 00407ec0 f i authcommon:ServerDataManager.obj
 0001:00006ec0       ?_Mynode@?$_Const_iterator@$00@?$list@U?$pair@$$CBKPAVClientSession@@@std@@V?$CustomAllocator@U?$pair@$$CBKPAVClientSession@@@std@@@util@@@std@@QBEPAU_Node@?$_List_nod@U?$pair@$$CBKPAVClientSession@@@std@@V?$CustomAllocator@U?$pair@$$CBKPAVClientSession@@@std@@@util@@@3@XZ 00407ec0 f i ClientManager.obj
 0001:00006ec0       ?_Mynode@const_iterator@?$_Tree@V?$_Tmap_traits@KKU?$less@K@std@@V?$CustomAllocator@K@util@@$0A@@std@@@std@@QBEPAU_Node@?$_Tree_nod@V?$_Tmap_traits@KKU?$less@K@std@@V?$CustomAllocator@K@util@@$0A@@std@@@3@XZ 00407ec0 f i ClientManager.obj
 0001:00006ec0       ?_Mynode@const_iterator@?$_Tree@V?$_Tmap_traits@KPAVServerData@@U?$less@K@std@@V?$CustomAllocator@PAVServerData@@@util@@$0A@@std@@@std@@QBEPAU_Node@?$_Tree_nod@V?$_Tmap_traits@KPAVServerData@@U?$less@K@std@@V?$CustomAllocator@PAVServerData@@@util@@$0A@@std@@@3@XZ 00407ec0 f i authcommon:ServerDataManager.obj
 0001:00006ee0       ??0const_iterator@?$_Tree@V?$_Tmap_traits@KKU?$less@K@std@@V?$CustomAllocator@K@util@@$0A@@std@@@std@@QAE@PAU_Node@?$_Tree_nod@V?$_Tmap_traits@KKU?$less@K@std@@V?$CustomAllocator@K@util@@$0A@@std@@@2@PBV12@@Z 00407ee0 f i ClientManager.obj
 0001:00006f20       ?_Set_container@_Iterator_base_aux@std@@QAEXQBV_Container_base_aux@2@@Z 00407f20 f i ClientManager.obj
 0001:00006f40       ??Dconst_iterator@?$_Tree@V?$_Tmap_traits@KKU?$less@K@std@@V?$CustomAllocator@K@util@@$0A@@std@@@std@@QBEABU?$pair@$$CBKK@2@XZ 00407f40 f i ClientManager.obj
 0001:00006f90       ??Econst_iterator@?$_Tree@V?$_Tmap_traits@KKU?$less@K@std@@V?$CustomAllocator@K@util@@$0A@@std@@@std@@QAEAAV012@XZ 00407f90 f i ClientManager.obj
 0001:00006fb0       ??Fconst_iterator@?$_Tree@V?$_Tmap_traits@KKU?$less@K@std@@V?$CustomAllocator@K@util@@$0A@@std@@@std@@QAEAAV012@XZ 00407fb0 f i ClientManager.obj
 0001:00006fd0       ?_Get_iter@_List_position@?$_Hash@V?$_Hmap_traits@KPAVClientSession@@V?$hash_compare@KU?$less@K@std@@@stdext@@V?$CustomAllocator@PAVClientSession@@@util@@$0A@@stdext@@@stdext@@QBE?AV?$_Iterator@$00@?$list@U?$pair@$$CBKPAVClientSession@@@std@@V?$CustomAllocator@U?$pair@$$CBKPAVClientSession@@@std@@@util@@@std@@ABV56@@Z 00407fd0 f i ClientManager.obj
 0001:00007000       ??9_List_position@?$_Hash@V?$_Hmap_traits@KPAVClientSession@@V?$hash_compare@KU?$less@K@std@@@stdext@@V?$CustomAllocator@PAVClientSession@@@util@@$0A@@stdext@@@stdext@@QBE_NABV?$_Const_iterator@$00@?$list@U?$pair@$$CBKPAVClientSession@@@std@@V?$CustomAllocator@U?$pair@$$CBKPAVClientSession@@@std@@@util@@@std@@@Z 00408000 f i ClientManager.obj
 0001:00007030       ??0?$_Iterator@$0A@@?$list@U?$pair@$$CBKPAVClientSession@@@std@@V?$CustomAllocator@U?$pair@$$CBKPAVClientSession@@@std@@@util@@@std@@QAE@PAU_Node@?$_List_nod@U?$pair@$$CBKPAVClientSession@@@std@@V?$CustomAllocator@U?$pair@$$CBKPAVClientSession@@@std@@@util@@@2@PBV12@@Z 00408030 f i ClientManager.obj
 0001:00007050       ??0length_error@std@@QAE@ABV01@@Z 00408050 f i ClientManager.obj
 0001:00007080       ?size@?$_Hash@V?$_Hmap_traits@KPAVClientSession@@V?$hash_compare@KU?$less@K@std@@@stdext@@V?$CustomAllocator@PAVClientSession@@@util@@$0A@@stdext@@@stdext@@QBEIXZ 00408080 f i ClientManager.obj
 0001:000070a0       ??0?$_Hmap_traits@KPAVClientSession@@V?$hash_compare@KU?$less@K@std@@@stdext@@V?$CustomAllocator@PAVClientSession@@@util@@$0A@@stdext@@QAE@ABV?$hash_compare@KU?$less@K@std@@@1@@Z 004080a0 f i ClientManager.obj
 0001:000070d0       ??0?$list@U?$pair@$$CBKPAVClientSession@@@std@@V?$CustomAllocator@U?$pair@$$CBKPAVClientSession@@@std@@@util@@@std@@QAE@ABV?$CustomAllocator@U?$pair@$$CBKPAVClientSession@@@std@@@util@@@Z 004080d0 f i ClientManager.obj
 0001:00007140       ?_Insert@?$list@U?$pair@$$CBKPAVClientSession@@@std@@V?$CustomAllocator@U?$pair@$$CBKPAVClientSession@@@std@@@util@@@std@@QAEXV?$_Const_iterator@$00@12@ABU?$pair@$$CBKPAVClientSession@@@2@@Z 00408140 f i ClientManager.obj
 0001:000071c0       ?clear@?$list@U?$pair@$$CBKPAVClientSession@@@std@@V?$CustomAllocator@U?$pair@$$CBKPAVClientSession@@@std@@@util@@@std@@QAEXXZ 004081c0 f i ClientManager.obj
 0001:00007260       ?_Splice@?$list@U?$pair@$$CBKPAVClientSession@@@std@@V?$CustomAllocator@U?$pair@$$CBKPAVClientSession@@@std@@@util@@@std@@QAEXV?$_Const_iterator@$00@12@AAV12@00I_N@Z 00408260 f i ClientManager.obj
 0001:000073f0       ??0?$vector@U_List_position@?$_Hash@V?$_Hmap_traits@KPAVClientSession@@V?$hash_compare@KU?$less@K@std@@@stdext@@V?$CustomAllocator@PAVClientSession@@@util@@$0A@@stdext@@@stdext@@V?$CustomAllocator@U_List_position@?$_Hash@V?$_Hmap_traits@KPAVClientSession@@V?$hash_compare@KU?$less@K@std@@@stdext@@V?$CustomAllocator@PAVClientSession@@@util@@$0A@@stdext@@@stdext@@@util@@@std@@QAE@ABV?$CustomAllocator@U_List_position@?$_Hash@V?$_Hmap_traits@KPAVClientSession@@V?$hash_compare@KU?$less@K@std@@@stdext@@V?$CustomAllocator@PAVClientSession@@@util@@$0A@@stdext@@@stdext@@@util@@@Z 004083f0 f i ClientManager.obj
 0001:00007460       ?assign@?$vector@U_List_position@?$_Hash@V?$_Hmap_traits@KPAVClientSession@@V?$hash_compare@KU?$less@K@std@@@stdext@@V?$CustomAllocator@PAVClientSession@@@util@@$0A@@stdext@@@stdext@@V?$CustomAllocator@U_List_position@?$_Hash@V?$_Hmap_traits@KPAVClientSession@@V?$hash_compare@KU?$less@K@std@@@stdext@@V?$CustomAllocator@PAVClientSession@@@util@@$0A@@stdext@@@stdext@@@util@@@std@@QAEXIABU_List_position@?$_Hash@V?$_Hmap_traits@KPAVClientSession@@V?$hash_compare@KU?$less@K@std@@@stdext@@V?$CustomAllocator@PAVClientSession@@@util@@$0A@@stdext@@@stdext@@@Z 00408460 f i ClientManager.obj
 0001:00007480       ?_Destroy@?$vector@U_List_position@?$_Hash@V?$_Hmap_traits@KPAVClientSession@@V?$hash_compare@KU?$less@K@std@@@stdext@@V?$CustomAllocator@PAVClientSession@@@util@@$0A@@stdext@@@stdext@@V?$CustomAllocator@U_List_position@?$_Hash@V?$_Hmap_traits@KPAVClientSession@@V?$hash_compare@KU?$less@K@std@@@stdext@@V?$CustomAllocator@PAVClientSession@@@util@@$0A@@stdext@@@stdext@@@util@@@std@@IAEXPAU_List_position@?$_Hash@V?$_Hmap_traits@KPAVClientSession@@V?$hash_compare@KU?$less@K@std@@@stdext@@V?$CustomAllocator@PAVClientSession@@@util@@$0A@@stdext@@@stdext@@0@Z 00408480 f i ClientManager.obj
 0001:000074b0       ?_Make_iter@?$_Tree@V?$_Tmap_traits@KKU?$less@K@std@@V?$CustomAllocator@K@util@@$0A@@std@@@std@@QBE?AViterator@12@Vconst_iterator@12@@Z 004084b0 f i ClientManager.obj
 0001:000074e0       ?erase@?$_Tree@V?$_Tmap_traits@KKU?$less@K@std@@V?$CustomAllocator@K@util@@$0A@@std@@@std@@QAE?AViterator@12@Vconst_iterator@12@@Z 004084e0 f i ClientManager.obj
 0001:00007cc0       ??0out_of_range@std@@QAE@ABV?$basic_string@DU?$char_traits@D@std@@V?$allocator@D@2@@1@@Z 00408cc0 f i ClientManager.obj
 0001:00007cf0       ??1out_of_range@std@@UAE@XZ 00408cf0 f i ClientManager.obj
 0001:00007d10       ??_Gout_of_range@std@@UAEPAXI@Z 00408d10 f i ClientManager.obj
 0001:00007d10       ??_Eout_of_range@std@@UAEPAXI@Z 00408d10 f i ClientManager.obj
 0001:00007d40       ??0out_of_range@std@@QAE@ABV01@@Z 00408d40 f i ClientManager.obj
 0001:00007d70       ?_Lrotate@?$_Tree@V?$_Tmap_traits@KPAVServerData@@U?$less@K@std@@V?$CustomAllocator@PAVServerData@@@util@@$0A@@std@@@std@@IAEXPAU_Node@?$_Tree_nod@V?$_Tmap_traits@KPAVServerData@@U?$less@K@std@@V?$CustomAllocator@PAVServerData@@@util@@$0A@@std@@@2@@Z 00408d70 f i authcommon:ServerDataManager.obj
 0001:00007d70       ?_Lrotate@?$_Tree@V?$_Tmap_traits@KPAUGROUP_DATA@@U?$less@K@std@@V?$CustomAllocator@PAUGROUP_DATA@@@util@@$0A@@std@@@std@@IAEXPAU_Node@?$_Tree_nod@V?$_Tmap_traits@KPAUGROUP_DATA@@U?$less@K@std@@V?$CustomAllocator@PAUGROUP_DATA@@@util@@$0A@@std@@@2@@Z 00408d70 f i authcommon:ServerDataManager.obj
 0001:00007d70       ?_Lrotate@?$_Tree@V?$_Tmap_traits@KKU?$less@K@std@@V?$CustomAllocator@K@util@@$0A@@std@@@std@@IAEXPAU_Node@?$_Tree_nod@V?$_Tmap_traits@KKU?$less@K@std@@V?$CustomAllocator@K@util@@$0A@@std@@@2@@Z 00408d70 f i ClientManager.obj
 0001:00007ea0       ?_Rrotate@?$_Tree@V?$_Tmap_traits@KPAVServerData@@U?$less@K@std@@V?$CustomAllocator@PAVServerData@@@util@@$0A@@std@@@std@@IAEXPAU_Node@?$_Tree_nod@V?$_Tmap_traits@KPAVServerData@@U?$less@K@std@@V?$CustomAllocator@PAVServerData@@@util@@$0A@@std@@@2@@Z 00408ea0 f i authcommon:ServerDataManager.obj
 0001:00007ea0       ?_Rrotate@?$_Tree@V?$_Tmap_traits@KPAUGROUP_DATA@@U?$less@K@std@@V?$CustomAllocator@PAUGROUP_DATA@@@util@@$0A@@std@@@std@@IAEXPAU_Node@?$_Tree_nod@V?$_Tmap_traits@KPAUGROUP_DATA@@U?$less@K@std@@V?$CustomAllocator@PAUGROUP_DATA@@@util@@$0A@@std@@@2@@Z 00408ea0 f i authcommon:ServerDataManager.obj
 0001:00007ea0       ?_Rrotate@?$_Tree@V?$_Tmap_traits@KKU?$less@K@std@@V?$CustomAllocator@K@util@@$0A@@std@@@std@@IAEXPAU_Node@?$_Tree_nod@V?$_Tmap_traits@KKU?$less@K@std@@V?$CustomAllocator@K@util@@$0A@@std@@@2@@Z 00408ea0 f i ClientManager.obj
 0001:00007fd0       ?_Buynode@?$_Tree@V?$_Tmap_traits@KKU?$less@K@std@@V?$CustomAllocator@K@util@@$0A@@std@@@std@@IAEPAU_Node@?$_Tree_nod@V?$_Tmap_traits@KKU?$less@K@std@@V?$CustomAllocator@K@util@@$0A@@std@@@2@PAU342@00ABU?$pair@$$CBKK@2@D@Z 00408fd0 f i ClientManager.obj
 0001:00007fd0       ?_Buynode@?$_Tree@V?$_Tmap_traits@KPAUGROUP_DATA@@U?$less@K@std@@V?$CustomAllocator@PAUGROUP_DATA@@@util@@$0A@@std@@@std@@IAEPAU_Node@?$_Tree_nod@V?$_Tmap_traits@KPAUGROUP_DATA@@U?$less@K@std@@V?$CustomAllocator@PAUGROUP_DATA@@@util@@$0A@@std@@@2@PAU342@00ABU?$pair@$$CBKPAUGROUP_DATA@@@2@D@Z 00408fd0 f i authcommon:ServerDataManager.obj
 0001:00007fd0       ?_Buynode@?$_Tree@V?$_Tmap_traits@KPAVServerData@@U?$less@K@std@@V?$CustomAllocator@PAVServerData@@@util@@$0A@@std@@@std@@IAEPAU_Node@?$_Tree_nod@V?$_Tmap_traits@KPAVServerData@@U?$less@K@std@@V?$CustomAllocator@PAVServerData@@@util@@$0A@@std@@@2@PAU342@00ABU?$pair@$$CBKPAVServerData@@@2@D@Z 00408fd0 f i authcommon:ServerDataManager.obj
 0001:000080c0       ??0?$_Const_iterator@$00@?$list@U?$pair@$$CBKPAVClientSession@@@std@@V?$CustomAllocator@U?$pair@$$CBKPAVClientSession@@@std@@@util@@@std@@QAE@PAU_Node@?$_List_nod@U?$pair@$$CBKPAVClientSession@@@std@@V?$CustomAllocator@U?$pair@$$CBKPAVClientSession@@@std@@@util@@@2@PBV12@@Z 004090c0 f i ClientManager.obj
 0001:00008110       ??F?$_Const_iterator@$00@?$list@U?$pair@$$CBKPAVClientSession@@@std@@V?$CustomAllocator@U?$pair@$$CBKPAVClientSession@@@std@@@util@@@std@@QAEAAV012@XZ 00409110 f i ClientManager.obj
 0001:00008180       ??Econst_iterator@?$_Tree@V?$_Tmap_traits@KKU?$less@K@std@@V?$CustomAllocator@K@util@@$0A@@std@@@std@@QAE?AV012@H@Z 00409180 f i ClientManager.obj
 0001:000081c0       ?_Dec@const_iterator@?$_Tree@V?$_Tmap_traits@KKU?$less@K@std@@V?$CustomAllocator@K@util@@$0A@@std@@@std@@QAEXXZ 004091c0 f i ClientManager.obj
 0001:000082e0       ?_Inc@const_iterator@?$_Tree@V?$_Tmap_traits@KKU?$less@K@std@@V?$CustomAllocator@K@util@@$0A@@std@@@std@@QAEXXZ 004092e0 f i ClientManager.obj
 0001:000083c0       ??0?$_Const_iterator@$0A@@?$list@U?$pair@$$CBKPAVClientSession@@@std@@V?$CustomAllocator@U?$pair@$$CBKPAVClientSession@@@std@@@util@@@std@@QAE@PAU_Node@?$_List_nod@U?$pair@$$CBKPAVClientSession@@@std@@V?$CustomAllocator@U?$pair@$$CBKPAVClientSession@@@std@@@util@@@2@PBV12@@Z 004093c0 f i ClientManager.obj
 0001:00008400       ?size@?$list@U?$pair@$$CBKPAVClientSession@@@std@@V?$CustomAllocator@U?$pair@$$CBKPAVClientSession@@@std@@@util@@@std@@QBEIXZ 00409400 f i ClientManager.obj
 0001:00008420       ?erase@?$list@U?$pair@$$CBKPAVClientSession@@@std@@V?$CustomAllocator@U?$pair@$$CBKPAVClientSession@@@std@@@util@@@std@@QAE?AV?$_Iterator@$00@12@V?$_Const_iterator@$00@12@0@Z 00409420 f i ClientManager.obj
 0001:000084d0       ?_Buynode@?$list@U?$pair@$$CBKPAVClientSession@@@std@@V?$CustomAllocator@U?$pair@$$CBKPAVClientSession@@@std@@@util@@@std@@IAEPAU_Node@?$_List_nod@U?$pair@$$CBKPAVClientSession@@@std@@V?$CustomAllocator@U?$pair@$$CBKPAVClientSession@@@std@@@util@@@2@XZ 004094d0 f i ClientManager.obj
 0001:000085d0       ?_Buynode@?$list@U?$pair@$$CBKPAVClientSession@@@std@@V?$CustomAllocator@U?$pair@$$CBKPAVClientSession@@@std@@@util@@@std@@IAEPAU_Node@?$_List_nod@U?$pair@$$CBKPAVClientSession@@@std@@V?$CustomAllocator@U?$pair@$$CBKPAVClientSession@@@std@@@util@@@2@PAU342@0ABU?$pair@$$CBKPAVClientSession@@@2@@Z 004095d0 f i ClientManager.obj
 0001:00008720       ?_Incsize@?$list@U?$pair@$$CBKPAVClientSession@@@std@@V?$CustomAllocator@U?$pair@$$CBKPAVClientSession@@@std@@@util@@@std@@IAEXI@Z 00409720 f i ClientManager.obj
 0001:000087c0       ??0?$_List_val@U?$pair@$$CBKPAVClientSession@@@std@@V?$CustomAllocator@U?$pair@$$CBKPAVClientSession@@@std@@@util@@@std@@QAE@V?$CustomAllocator@U?$pair@$$CBKPAVClientSession@@@std@@@util@@@Z 004097c0 f i ClientManager.obj
 0001:000087e0       ?_Assign_n@?$vector@U_List_position@?$_Hash@V?$_Hmap_traits@KPAVClientSession@@V?$hash_compare@KU?$less@K@std@@@stdext@@V?$CustomAllocator@PAVClientSession@@@util@@$0A@@stdext@@@stdext@@V?$CustomAllocator@U_List_position@?$_Hash@V?$_Hmap_traits@KPAVClientSession@@V?$hash_compare@KU?$less@K@std@@@stdext@@V?$CustomAllocator@PAVClientSession@@@util@@$0A@@stdext@@@stdext@@@util@@@std@@IAEXIABU_List_position@?$_Hash@V?$_Hmap_traits@KPAVClientSession@@V?$hash_compare@KU?$less@K@std@@@stdext@@V?$CustomAllocator@PAVClientSession@@@util@@$0A@@stdext@@@stdext@@@Z 004097e0 f i ClientManager.obj
 0001:00008880       ?_Buy@?$vector@U_List_position@?$_Hash@V?$_Hmap_traits@KPAVClientSession@@V?$hash_compare@KU?$less@K@std@@@stdext@@V?$CustomAllocator@PAVClientSession@@@util@@$0A@@stdext@@@stdext@@V?$CustomAllocator@U_List_position@?$_Hash@V?$_Hmap_traits@KPAVClientSession@@V?$hash_compare@KU?$less@K@std@@@stdext@@V?$CustomAllocator@PAVClientSession@@@util@@$0A@@stdext@@@stdext@@@util@@@std@@IAE_NI@Z 00409880 f i ClientManager.obj
 0001:00008910       ??0?$_Vector_val@U_List_position@?$_Hash@V?$_Hmap_traits@KPAVClientSession@@V?$hash_compare@KU?$less@K@std@@@stdext@@V?$CustomAllocator@PAVClientSession@@@util@@$0A@@stdext@@@stdext@@V?$CustomAllocator@U_List_position@?$_Hash@V?$_Hmap_traits@KPAVClientSession@@V?$hash_compare@KU?$less@K@std@@@stdext@@V?$CustomAllocator@PAVClientSession@@@util@@$0A@@stdext@@@stdext@@@util@@@std@@IAE@V?$CustomAllocator@U_List_position@?$_Hash@V?$_Hmap_traits@KPAVClientSession@@V?$hash_compare@KU?$less@K@std@@@stdext@@V?$CustomAllocator@PAVClientSession@@@util@@$0A@@stdext@@@stdext@@@util@@@Z 00409910 f i ClientManager.obj
 0001:00008930       ?_Max@?$_Tree@V?$_Tmap_traits@KKU?$less@K@std@@V?$CustomAllocator@K@util@@$0A@@std@@@std@@KAPAU_Node@?$_Tree_nod@V?$_Tmap_traits@KKU?$less@K@std@@V?$CustomAllocator@K@util@@$0A@@std@@@2@PAU342@@Z 00409930 f i ClientManager.obj
 0001:00008930       ?_Max@?$_Tree@V?$_Tmap_traits@KPAUGROUP_DATA@@U?$less@K@std@@V?$CustomAllocator@PAUGROUP_DATA@@@util@@$0A@@std@@@std@@KAPAU_Node@?$_Tree_nod@V?$_Tmap_traits@KPAUGROUP_DATA@@U?$less@K@std@@V?$CustomAllocator@PAUGROUP_DATA@@@util@@$0A@@std@@@2@PAU342@@Z 00409930 f i authcommon:ServerDataManager.obj
 0001:00008930       ?_Max@?$_Tree@V?$_Tmap_traits@KPAVServerData@@U?$less@K@std@@V?$CustomAllocator@PAVServerData@@@util@@$0A@@std@@@std@@KAPAU_Node@?$_Tree_nod@V?$_Tmap_traits@KPAVServerData@@U?$less@K@std@@V?$CustomAllocator@PAVServerData@@@util@@$0A@@std@@@2@PAU342@@Z 00409930 f i authcommon:ServerDataManager.obj
 0001:00008970       ??0_Node@?$_Tree_nod@V?$_Tmap_traits@KKU?$less@K@std@@V?$CustomAllocator@K@util@@$0A@@std@@@std@@QAE@PAU012@00ABU?$pair@$$CBKK@2@D@Z 00409970 f i ClientManager.obj
 0001:00008970       ??0_Node@?$_Tree_nod@V?$_Tmap_traits@KPAUGROUP_DATA@@U?$less@K@std@@V?$CustomAllocator@PAUGROUP_DATA@@@util@@$0A@@std@@@std@@QAE@PAU012@00ABU?$pair@$$CBKPAUGROUP_DATA@@@2@D@Z 00409970 f i authcommon:ServerDataManager.obj
 0001:00008970       ??0_Node@?$_Tree_nod@V?$_Tmap_traits@KPAVServerData@@U?$less@K@std@@V?$CustomAllocator@PAVServerData@@@util@@$0A@@std@@@std@@QAE@PAU012@00ABU?$pair@$$CBKPAVServerData@@@2@D@Z 00409970 f i authcommon:ServerDataManager.obj
 0001:000089c0       ?max_size@?$list@U?$pair@$$CBKPAVClientSession@@@std@@V?$CustomAllocator@U?$pair@$$CBKPAVClientSession@@@std@@@util@@@std@@QBEIXZ 004099c0 f i ClientManager.obj
[...]
 0001:00045d60       $L56596                    00446d60 f   CrashHandler:SMTPClient.obj
 0001:00045d6b       $L56597                    00446d6b f   CrashHandler:SMTPClient.obj
 0001:00045d76       __ehhandler$??0SMTPClient@@QAE@XZ 00446d76 f   CrashHandler:SMTPClient.obj
 0001:00045d80       __unwindfunclet$??0?$_Tree@V?$_Tmap_traits@KPAVIoHandler@@U?$less@K@std@@V?$RedirectedAllocator@PAVIoHandler@@@module@@$0A@@std@@@std@@QAE@ABU?$less@K@1@ABV?$RedirectedAllocator@U?$pair@$$CBKPAVIoHandler@@@std@@@module@@@Z$0 00446d80 f   Network:IOCPServer.obj
 0001:00045d80       __unwindfunclet$??0?$list@PAVSession@@V?$RedirectedAllocator@PAVSession@@@module@@@std@@QAE@XZ$0 00446d80 f   Network:IOCPServer.obj
 0001:00045d80       __unwindfunclet$??0?$vector@U_List_position@?$_Hash@V?$_Hmap_traits@KPAVServerSession@@V?$hash_compare@KU?$less@K@std@@@stdext@@V?$CustomAllocator@PAVServerSession@@@util@@$0A@@stdext@@@stdext@@V?$CustomAllocator@U_List_position@?$_Hash@V?$_Hmap_traits@KPAVServerSession@@V?$hash_compare@KU?$less@K@std@@@stdext@@V?$CustomAllocator@PAVServerSession@@@util@@$0A@@stdext@@@stdext@@@util@@@std@@QAE@ABV?$CustomAllocator@U_List_position@?$_Hash@V?$_Hmap_traits@KPAVServerSession@@V?$hash_compare@KU?$less@K@std@@@stdext@@V?$CustomAllocator@PAVServerSession@@@util@@$0A@@stdext@@@stdext@@@util@@@Z$0 00446d80 f   Network:IOCPServer.obj
 0001:00045d80       __unwindfunclet$??0?$list@U?$pair@$$CBKPAVServerSession@@@std@@V?$CustomAllocator@U?$pair@$$CBKPAVServerSession@@@std@@@util@@@std@@QAE@ABV?$CustomAllocator@U?$pair@$$CBKPAVServerSession@@@std@@@util@@@Z$0 00446d80 f   Network:IOCPServer.obj
 0001:00045d88       __ehhandler$??0?$_Tree@V?$_Tmap_traits@KPAVIoHandler@@U?$less@K@std@@V?$RedirectedAllocator@PAVIoHandler@@@module@@$0A@@std@@@std@@QAE@ABU?$less@K@1@ABV?$RedirectedAllocator@U?$pair@$$CBKPAVIoHandler@@@std@@@module@@@Z 00446d88 f   Network:IOCPServer.obj
 0001:00045d88       __ehhandler$??0?$vector@U_List_position@?$_Hash@V?$_Hmap_traits@KPAVServerSession@@V?$hash_compare@KU?$less@K@std@@@stdext@@V?$CustomAllocator@PAVServerSession@@@util@@$0A@@stdext@@@stdext@@V?$CustomAllocator@U_List_position@?$_Hash@V?$_Hmap_traits@KPAVServerSession@@V?$hash_compare@KU?$less@K@std@@@stdext@@V?$CustomAllocator@PAVServerSession@@@util@@$0A@@stdext@@@stdext@@@util@@@std@@QAE@ABV?$CustomAllocator@U_List_position@?$_Hash@V?$_Hmap_traits@KPAVServerSession@@V?$hash_compare@KU?$less@K@std@@@stdext@@V?$CustomAllocator@PAVServerSession@@@util@@$0A@@stdext@@@stdext@@@util@@@Z 00446d88 f   Network:IOCPServer.obj
 0001:00045d88       __ehhandler$??0?$list@U?$pair@$$CBKPAVServerSession@@@std@@V?$CustomAllocator@U?$pair@$$CBKPAVServerSession@@@std@@@util@@@std@@QAE@ABV?$CustomAllocator@U?$pair@$$CBKPAVServerSession@@@std@@@util@@@Z 00446d88 f   Network:IOCPServer.obj
 0001:00045d88       __ehhandler$??0?$list@PAVSession@@V?$RedirectedAllocator@PAVSession@@@module@@@std@@QAE@XZ 00446d88 f   Network:IOCPServer.obj
 0001:00045db0       __unwindfunclet$?_Insert@?$_Tree@V?$_Tmap_traits@KPAVIoHandler@@U?$less@K@std@@V?$RedirectedAllocator@PAVIoHandler@@@module@@$0A@@std@@@std@@IAE?AViterator@12@_NPAU_Node@?$_Tree_nod@V?$_Tmap_traits@KPAVIoHandler@@U?$less@K@std@@V?$RedirectedAllocator@PAVIoHandler@@@module@@$0A@@std@@@2@ABU?$pair@$$CBKPAVIoHandler@@@2@@Z$0 00446db0 f   Network:IOCPServer.obj
 0001:00045db8       __ehhandler$?_Insert@?$_Tree@V?$_Tmap_traits@KPAVIoHandler@@U?$less@K@std@@V?$RedirectedAllocator@PAVIoHandler@@@module@@$0A@@std@@@std@@IAE?AViterator@12@_NPAU_Node@?$_Tree_nod@V?$_Tmap_traits@KPAVIoHandler@@U?$less@K@std@@V?$RedirectedAllocator@PAVIoHandler@@@module@@$0A@@std@@@2@ABU?$pair@$$CBKPAVIoHandler@@@2@@Z 00446db8 f   Network:IOCPServer.obj
 0001:00045de0       __unwindfunclet$?erase@?$_Tree@V?$_Tmap_traits@KPAVIoHandler@@U?$less@K@std@@V?$RedirectedAllocator@PAVIoHandler@@@module@@$0A@@std@@@std@@QAE?AViterator@12@Vconst_iterator@12@@Z$0 00446de0 f   Network:IOCPServer.obj
 0001:00045de8       __ehhandler$?erase@?$_Tree@V?$_Tmap_traits@KPAVIoHandler@@U?$less@K@std@@V?$RedirectedAllocator@PAVIoHandler@@@module@@$0A@@std@@@std@@QAE?AViterator@12@Vconst_iterator@12@@Z 00446de8 f   Network:IOCPServer.obj
 0001:00045e10       __unwindfunclet$?CreateIoHandler@IOCPServer@@AAEXPAUtagIOHANDLER_DESC@@@Z$0 00446e10 f   Network:IOCPServer.obj
 0001:00045e1b       __ehhandler$?CreateIoHandler@IOCPServer@@AAEXPAUtagIOHANDLER_DESC@@@Z 00446e1b f   Network:IOCPServer.obj
 0001:00045e36       __unwindfunclet$??0IOCPServer@@QAE@XZ$0 00446e36 f   Network:IOCPServer.obj
 0001:00045e41       __ehhandler$??0IOCPServer@@QAE@XZ 00446e41 f   Network:IOCPServer.obj
 0001:00045e60       __unwindfunclet$??1?$_Tree@V?$_Tmap_traits@KPAVIoHandler@@U?$less@K@std@@V?$RedirectedAllocator@PAVIoHandler@@@module@@$0A@@std@@@std@@QAE@XZ$0 00446e60 f   Network:IOCPServer.obj
 0001:00045e68       __ehhandler$??1?$_Tree@V?$_Tmap_traits@KPAVIoHandler@@U?$less@K@std@@V?$RedirectedAllocator@PAVIoHandler@@@module@@$0A@@std@@@std@@QAE@XZ 00446e68 f   Network:IOCPServer.obj
 0001:00045e90       __unwindfunclet$?Allocate@?$TAllocator@VRecvBuffer@@@module@@SAPAVRecvBuffer@@XZ$0 00446e90 f   Network:Session.obj
 0001:00045e90       __unwindfunclet$?Allocate@?$TAllocator@VSessionList@@@module@@SAPAVSessionList@@XZ$0 00446e90 f   Network:Session.obj
 0001:00045e90       __unwindfunclet$?Allocate@?$TAllocator@VSendBuffer@@@module@@SAPAVSendBuffer@@XZ$0 00446e90 f   Network:Session.obj
 0001:00045ea1       __ehhandler$?Allocate@?$TAllocator@VSendBuffer@@@module@@SAPAVSendBuffer@@XZ 00446ea1 f   Network:Session.obj
 0001:00045ea1       __ehhandler$?Allocate@?$TAllocator@VSessionList@@@module@@SAPAVSessionList@@XZ 00446ea1 f   Network:Session.obj
 0001:00045ea1       __ehhandler$?Allocate@?$TAllocator@VRecvBuffer@@@module@@SAPAVRecvBuffer@@XZ 00446ea1 f   Network:Session.obj
 0001:00045ec0       __unwindfunclet$?Create@SendBuffer@@QAEXKK@Z$0 00446ec0 f   Network:SendBuffer.obj
 0001:00045ed1       __ehhandler$?Create@SendBuffer@@QAEXKK@Z 00446ed1 f   Network:SendBuffer.obj
 0001:00045eec       __unwindfunclet$?UsePendingBuffer@SendBuffer@@QAE_NK@Z$0 00446eec f   Network:SendBuffer.obj
 0001:00045ef4       __unwindfunclet$?UsePendingBuffer@SendBuffer@@QAE_NK@Z$1 00446ef4 f   Network:SendBuffer.obj
 0001:00045f05       __ehhandler$?UsePendingBuffer@SendBuffer@@QAE_NK@Z 00446f05 f   Network:SendBuffer.obj
 0001:00045f20       __unwindfunclet$?PrepareSend@SendBuffer@@QAE_NQAURingBufferInfo@module@@@Z$0 00446f20 f   Network:SendBuffer.obj
 0001:00045f28       __ehhandler$?PrepareSend@SendBuffer@@QAE_NQAURingBufferInfo@module@@@Z 00446f28 f   Network:SendBuffer.obj
 0001:00045f50       __unwindfunclet$?Create@RecvBuffer@@QAEXHK@Z$0 00446f50 f   Network:RecvBuffer.obj
 0001:00045f61       __ehhandler$?Create@RecvBuffer@@QAEXHK@Z 00446f61 f   Network:RecvBuffer.obj
 0001:00045f7c       __unwindfunclet$?UseDualBuffer@RecvBuffer@@QAE_NK@Z$0 00446f7c f   Network:RecvBuffer.obj
 0001:00045f84       __unwindfunclet$?UseDualBuffer@RecvBuffer@@QAE_NK@Z$1 00446f84 f   Network:RecvBuffer.obj
 0001:00045f95       __ehhandler$?UseDualBuffer@RecvBuffer@@QAE_NK@Z 00446f95 f   Network:RecvBuffer.obj
 0001:00045fb0       __unwindfunclet$?PrepareRecv@RecvBuffer@@QAE_NQAURingBufferInfo@module@@@Z$0 00446fb0 f   Network:RecvBuffer.obj
 0001:00045fb8       __ehhandler$?PrepareRecv@RecvBuffer@@QAE_NQAURingBufferInfo@module@@@Z 00446fb8 f   Network:RecvBuffer.obj
 0001:00045fe0       __unwindfunclet$?Init@IoHandler@@QAEXPAVIOCPServer@@PAUtagIOHANDLER_DESC@@@Z$0 00446fe0 f   Network:IoHandler.obj
 0001:00045feb       __unwindfunclet$?Init@IoHandler@@QAEXPAVIOCPServer@@PAUtagIOHANDLER_DESC@@@Z$1 00446feb f   Network:IoHandler.obj
 0001:00045ff6       __unwindfunclet$?Init@IoHandler@@QAEXPAVIOCPServer@@PAUtagIOHANDLER_DESC@@@Z$2 00446ff6 f   Network:IoHandler.obj
 0001:00046001       __unwindfunclet$?Init@IoHandler@@QAEXPAVIOCPServer@@PAUtagIOHANDLER_DESC@@@Z$3 00447001 f   Network:IoHandler.obj
 0001:0004600c       __unwindfunclet$?Init@IoHandler@@QAEXPAVIOCPServer@@PAUtagIOHANDLER_DESC@@@Z$4 0044700c f   Network:IoHandler.obj
 0001:00046017       __unwindfunclet$?Init@IoHandler@@QAEXPAVIOCPServer@@PAUtagIOHANDLER_DESC@@@Z$5 00447017 f   Network:IoHandler.obj
 0001:00046022       __unwindfunclet$?Init@IoHandler@@QAEXPAVIOCPServer@@PAUtagIOHANDLER_DESC@@@Z$6 00447022 f   Network:IoHandler.obj
 0001:0004602d       __unwindfunclet$?Init@IoHandler@@QAEXPAVIOCPServer@@PAUtagIOHANDLER_DESC@@@Z$7 0044702d f   Network:IoHandler.obj
 0001:00046038       __unwindfunclet$?Init@IoHandler@@QAEXPAVIOCPServer@@PAUtagIOHANDLER_DESC@@@Z$8 00447038 f   Network:IoHandler.obj
 0001:00046043       __unwindfunclet$?Init@IoHandler@@QAEXPAVIOCPServer@@PAUtagIOHANDLER_DESC@@@Z$9 00447043 f   Network:IoHandler.obj
 0001:0004604e       __ehhandler$?Init@IoHandler@@QAEXPAVIOCPServer@@PAUtagIOHANDLER_DESC@@@Z 0044704e f   Network:IoHandler.obj
 0001:00046070       __ehhandler$??$_Insert@V?$_Const_iterator@$00@?$list@PAVSession@@V?$RedirectedAllocator@PAVSession@@@module@@@std@@@?$list@PAVSession@@V?$RedirectedAllocator@PAVSession@@@module@@@std@@QAEXV?$_Const_iterator@$00@01@00Uforward_iterator_tag@1@@Z 00447070 f   Network:IoHandler.obj
 0001:00046090       __unwindfunclet$?Create@SessionPool@@AAEXKKKKKKH@Z$0 00447090 f   Network:SessionPool.obj
 0001:000460a1       __ehhandler$?Create@SessionPool@@AAEXKKKKKKH@Z 004470a1 f   Network:SessionPool.obj
 0001:000460c0       __unwindfunclet$?Init@Connector@@QAEXPAVIoHandler@@K@Z$0 004470c0 f   Network:Connector.obj
 0001:000460cb       __ehhandler$?Init@Connector@@QAEXPAVIoHandler@@K@Z 004470cb f   Network:Connector.obj
 0001:000460f0       __unwindfunclet$??1SessionList@@QAE@XZ$0 004470f0 f   Network:SessionList.obj
 0001:000460f8       __ehhandler$??1SessionList@@QAE@XZ 004470f8 f   Network:SessionList.obj
 0001:00046113       __ehhandler$?CallUnexpected@@YAXPBU_s_ESTypeList@@@Z 00447113 f   LIBCMT:frame.obj
 0001:0004612e       __ehhandler$??2@YAPAXIABUnothrow_t@std@@@Z 0044712e f   LIBCMT:newopnt.obj
 0001:00046150       ??__Eposix_category@system@boost@@YAXXZ 00447150 f   LoginFrontFrame.obj
 0001:00046160       ??__Eerrno_ecat@system@boost@@YAXXZ 00447160 f   LoginFrontFrame.obj
 0001:00046170       ??__Enative_ecat@system@boost@@YAXXZ 00447170 f   LoginFrontFrame.obj
 0001:00046180       ??__E_1@placeholders@boost@@YAXXZ 00447180 f   LoginFrontFrame.obj
 0001:00046190       ??__E_2@placeholders@boost@@YAXXZ 00447190 f   LoginFrontFrame.obj
 0001:000461a0       ??__E_3@placeholders@boost@@YAXXZ 004471a0 f   LoginFrontFrame.obj
 0001:000461b0       ??__E_4@placeholders@boost@@YAXXZ 004471b0 f   LoginFrontFrame.obj
 0001:000461c0       ??__E_5@placeholders@boost@@YAXXZ 004471c0 f   LoginFrontFrame.obj
 0001:000461d0       ??__E_6@placeholders@boost@@YAXXZ 004471d0 f   LoginFrontFrame.obj
 0001:000461e0       ??__E_7@placeholders@boost@@YAXXZ 004471e0 f   LoginFrontFrame.obj
 0001:000461f0       ??__E_8@placeholders@boost@@YAXXZ 004471f0 f   LoginFrontFrame.obj
 0001:00046200       ??__E_9@placeholders@boost@@YAXXZ 00447200 f   LoginFrontFrame.obj
 0001:00046210       ??__Eposix_category@system@boost@@YAXXZ 00447210 f   main.obj
 0001:00046220       ??__Eerrno_ecat@system@boost@@YAXXZ 00447220 f   main.obj
 0001:00046230       ??__Enative_ecat@system@boost@@YAXXZ 00447230 f   main.obj
 0001:00046240       ??__E_1@placeholders@boost@@YAXXZ 00447240 f   main.obj
 0001:00046250       ??__E_2@placeholders@boost@@YAXXZ 00447250 f   main.obj
 0001:00046260       ??__E_3@placeholders@boost@@YAXXZ 00447260 f   main.obj
 0001:00046270       ??__E_4@placeholders@boost@@YAXXZ 00447270 f   main.obj
 0001:00046280       ??__E_5@placeholders@boost@@YAXXZ 00447280 f   main.obj
 0001:00046290       ??__E_6@placeholders@boost@@YAXXZ 00447290 f   main.obj
 0001:000462a0       ??__E_7@placeholders@boost@@YAXXZ 004472a0 f   main.obj
 0001:000462b0       ??__E_8@placeholders@boost@@YAXXZ 004472b0 f   main.obj
 0001:000462c0       ??__E_9@placeholders@boost@@YAXXZ 004472c0 f   main.obj
 0001:000462d0       ??__Eg_Console@@YAXXZ      004472d0 f   main.obj
 0001:000462f0       ??__Eposix_category@system@boost@@YAXXZ 004472f0 f   stdafx.obj
 0001:00046300       ??__Eerrno_ecat@system@boost@@YAXXZ 00447300 f   stdafx.obj
 0001:00046310       ??__Enative_ecat@system@boost@@YAXXZ 00447310 f   stdafx.obj
 0001:00046320       ??__E_1@placeholders@boost@@YAXXZ 00447320 f   stdafx.obj
 0001:00046330       ??__E_2@placeholders@boost@@YAXXZ 00447330 f   stdafx.obj
 0001:00046340       ??__E_3@placeholders@boost@@YAXXZ 00447340 f   stdafx.obj
 0001:00046350       ??__E_4@placeholders@boost@@YAXXZ 00447350 f   stdafx.obj
 0001:00046360       ??__E_5@placeholders@boost@@YAXXZ 00447360 f   stdafx.obj
 0001:00046370       ??__E_6@placeholders@boost@@YAXXZ 00447370 f   stdafx.obj
 0001:00046380       ??__E_7@placeholders@boost@@YAXXZ 00447380 f   stdafx.obj
 0001:00046390       ??__E_8@placeholders@boost@@YAXXZ 00447390 f   stdafx.obj
 0001:000463a0       ??__E_9@placeholders@boost@@YAXXZ 004473a0 f   stdafx.obj
 0001:000463b0       ??__Eposix_category@system@boost@@YAXXZ 004473b0 f   AuthProcessTestManager.obj
 0001:000463c0       ??__Eerrno_ecat@system@boost@@YAXXZ 004473c0 f   AuthProcessTestManager.obj
 0001:000463d0       ??__Enative_ecat@system@boost@@YAXXZ 004473d0 f   AuthProcessTestManager.obj
 0001:000463e0       ??__E_1@placeholders@boost@@YAXXZ 004473e0 f   AuthProcessTestManager.obj
 0001:000463f0       ??__E_2@placeholders@boost@@YAXXZ 004473f0 f   AuthProcessTestManager.obj
 0001:00046400       ??__E_3@placeholders@boost@@YAXXZ 00447400 f   AuthProcessTestManager.obj
 0001:00046410       ??__E_4@placeholders@boost@@YAXXZ 00447410 f   AuthProcessTestManager.obj
 0001:00046420       ??__E_5@placeholders@boost@@YAXXZ 00447420 f   AuthProcessTestManager.obj
 0001:00046430       ??__E_6@placeholders@boost@@YAXXZ 00447430 f   AuthProcessTestManager.obj
 0001:00046440       ??__E_7@placeholders@boost@@YAXXZ 00447440 f   AuthProcessTestManager.obj
 0001:00046450       ??__E_8@placeholders@boost@@YAXXZ 00447450 f   AuthProcessTestManager.obj
 0001:00046460       ??__E_9@placeholders@boost@@YAXXZ 00447460 f   AuthProcessTestManager.obj
 0001:00046470       ??__Eposix_category@system@boost@@YAXXZ 00447470 f   ClientManager.obj
 0001:00046480       ??__Eerrno_ecat@system@boost@@YAXXZ 00447480 f   ClientManager.obj
 0001:00046490       ??__Enative_ecat@system@boost@@YAXXZ 00447490 f   ClientManager.obj
 0001:000464a0       ??__E_1@placeholders@boost@@YAXXZ 004474a0 f   ClientManager.obj
 0001:000464b0       ??__E_2@placeholders@boost@@YAXXZ 004474b0 f   ClientManager.obj
 0001:000464c0       ??__E_3@placeholders@boost@@YAXXZ 004474c0 f   ClientManager.obj
 0001:000464d0       ??__E_4@placeholders@boost@@YAXXZ 004474d0 f   ClientManager.obj
 0001:000464e0       ??__E_5@placeholders@boost@@YAXXZ 004474e0 f   ClientManager.obj
 0001:000464f0       ??__E_6@placeholders@boost@@YAXXZ 004474f0 f   ClientManager.obj
 0001:00046500       ??__E_7@placeholders@boost@@YAXXZ 00447500 f   ClientManager.obj
 0001:00046510       ??__E_8@placeholders@boost@@YAXXZ 00447510 f   ClientManager.obj
 0001:00046520       ??__E_9@placeholders@boost@@YAXXZ 00447520 f   ClientManager.obj
 0001:00046530       ??__Eposix_category@system@boost@@YAXXZ 00447530 f   AuthServerSession.obj
 0001:00046540       ??__Eerrno_ecat@system@boost@@YAXXZ 00447540 f   AuthServerSession.obj
 0001:00046550       ??__Enative_ecat@system@boost@@YAXXZ 00447550 f   AuthServerSession.obj
 0001:00046560       ??__E_1@placeholders@boost@@YAXXZ 00447560 f   AuthServerSession.obj
 0001:00046570       ??__E_2@placeholders@boost@@YAXXZ 00447570 f   AuthServerSession.obj
 0001:00046580       ??__E_3@placeholders@boost@@YAXXZ 00447580 f   AuthServerSession.obj
 0001:00046590       ??__E_4@placeholders@boost@@YAXXZ 00447590 f   AuthServerSession.obj
 0001:000465a0       ??__E_5@placeholders@boost@@YAXXZ 004475a0 f   AuthServerSession.obj
 0001:000465b0       ??__E_6@placeholders@boost@@YAXXZ 004475b0 f   AuthServerSession.obj
 0001:000465c0       ??__E_7@placeholders@boost@@YAXXZ 004475c0 f   AuthServerSession.obj
 0001:000465d0       ??__E_8@placeholders@boost@@YAXXZ 004475d0 f   AuthServerSession.obj
 0001:000465e0       ??__E_9@placeholders@boost@@YAXXZ 004475e0 f   AuthServerSession.obj
 0001:000465f0       ??__Eposix_category@system@boost@@YAXXZ 004475f0 f   ClientSession.obj
 0001:00046600       ??__Eerrno_ecat@system@boost@@YAXXZ 00447600 f   ClientSession.obj
 0001:00046610       ??__Enative_ecat@system@boost@@YAXXZ 00447610 f   ClientSession.obj
 0001:00046620       ??__E_1@placeholders@boost@@YAXXZ 00447620 f   ClientSession.obj
 0001:00046630       ??__E_2@placeholders@boost@@YAXXZ 00447630 f   ClientSession.obj
 0001:00046640       ??__E_3@placeholders@boost@@YAXXZ 00447640 f   ClientSession.obj
 0001:00046650       ??__E_4@placeholders@boost@@YAXXZ 00447650 f   ClientSession.obj
 0001:00046660       ??__E_5@placeholders@boost@@YAXXZ 00447660 f   ClientSession.obj
 0001:00046670       ??__E_6@placeholders@boost@@YAXXZ 00447670 f   ClientSession.obj
 0001:00046680       ??__E_7@placeholders@boost@@YAXXZ 00447680 f   ClientSession.obj
 0001:00046690       ??__E_8@placeholders@boost@@YAXXZ 00447690 f   ClientSession.obj
 0001:000466a0       ??__E_9@placeholders@boost@@YAXXZ 004476a0 f   ClientSession.obj
 0001:000466b0       ??__E?id@?$codecvt@DDH@std@@2V0locale@2@A@@YAXXZ 004476b0 f   authcommon:csvlib.obj
 0001:000466d0       ??__Eg_sSUNLOG@@YAXXZ      004476d0 f   servercommon:SunLog.obj
 0001:00046720       ??__ErandomNumberGeneratorAutoClosure@@YAXXZ 00447720 f   utility_s:RandomNumberGenerator.obj
 0001:00046730       ??__Einterchecker_main_thread_id_static@util@@YAXXZ 00447730 f   utility_s:SolarDateTime.obj
 0001:0004673c       ??__Einitlocks@std@@YAXXZ  0044773c f   libcpmt:xlock.obj
 0001:00046752       ??__Eclassic_locale@std@@YAXXZ 00447752 f   libcpmt:locale0.obj
 0001:0004675e       ??__Einitlocks@std@@YAXXZ  0044775e f   libcpmt:iosptrs.obj
 0001:00046774       ??__Einit_atexit@@YAXXZ    00447774 f   libcpmt:iosptrs.obj
 0001:00046780       ??__Eposix_category@system@boost@@YAXXZ 00447780 f   libboost_system-vc90-mt-s-1_60:error_code.obj
 0001:00046790       ??__Eerrno_ecat@system@boost@@YAXXZ 00447790 f   libboost_system-vc90-mt-s-1_60:error_code.obj
 0001:000467a0       ??__Enative_ecat@system@boost@@YAXXZ 004477a0 f   libboost_system-vc90-mt-s-1_60:error_code.obj
 0001:000467b0       ??__Ethrows@system@boost@@YAXXZ 004477b0 f   libboost_system-vc90-mt-s-1_60:error_code.obj
 0001:000467c0       ??__FversionString@?1??DisplayVersionInfo@LoginFrontFrame@@QAEXXZ@YAXXZ 004477c0 f   LoginFrontFrame.obj
 0001:000467d0       ??__Fg_Console@@YAXXZ      004477d0 f   main.obj
 0001:000467e0       ??__Fg_sSUNLOG@@YAXXZ      004477e0 f   servercommon:SunLog.obj
 0001:00046840       ??__FrandomNumberGeneratorAutoClosure@@YAXXZ 00447840 f   utility_s:RandomNumberGenerator.obj
 0001:0004685d       ??__Finitlocks@std@@YAXXZ  0044785d f   libcpmt:xlock.obj
 0001:00046867       ??__Fclassic_locale@std@@YAXXZ 00447867 f   libcpmt:locale0.obj
 0001:00046871       ??__Finitlocks@std@@YAXXZ  00447871 f   libcpmt:iosptrs.obj
 0001:0004687b       ??__Finit_atexit@@YAXXZ    0044787b f   libcpmt:iosptrs.obj
 0001:00046890       ??__Fsystem_category_const@?1??system_category@system@boost@@YAABVerror_category@12@XZ@YAXXZ 00447890 f   libboost_system-vc90-mt-s-1_60:error_code.obj
 0001:000468a0       ??__Fgeneric_category_const@?1??generic_category@system@boost@@YAABVerror_category@12@XZ@YAXXZ 004478a0 f   libboost_system-vc90-mt-s-1_60:error_code.obj
 0001:000468b0       ??__Funknown_err@?1??message@generic_error_category@?A0xa00a0bbd@system@boost@@UBE?AV?$basic_string@DU?$char_traits@D@std@@V?$allocator@D@2@@std@@H@Z@YAXXZ 004478b0 f   libboost_system-vc90-mt-s-1_60:error_code.obj
 0001:000468de       ??__Fnomem@?5???2@YAPAXI@Z@YAXXZ 004478de f   LIBCMT:new.obj
