 MasterServer

 Timestamp is 6160c477 (Sat Oct 09 07:21:43 2021)

 Preferred load address is 00400000

 Start         Length     Name                   Class
 0001:00000000 0004510eH .text                   CODE
 0001:00045110 000019beH .text$x                 CODE
 0001:00046ad0 0000016bH .text$yc                CODE
 0001:00046c40 00000122H .text$yd                CODE
 0002:00000000 00000230H .idata$5                DATA
 0002:00000230 00000004H .CRT$XCA                DATA
 0002:00000234 00000004H .CRT$XCC                DATA
 0002:00000238 0000003cH .CRT$XCU                DATA
 0002:00000274 00000004H .CRT$XCZ                DATA
 0002:00000278 00000004H .CRT$XIA                DATA
 0002:0000027c 00000014H .CRT$XIC                DATA
 0002:00000290 00000004H .CRT$XIY                DATA
 0002:00000294 00000004H .CRT$XIZ                DATA
 0002:00000298 00000004H .CRT$XPA                DATA
 0002:0000029c 00000004H .CRT$XPX                DATA
 0002:000002a0 00000004H .CRT$XPXA               DATA
 0002:000002a4 00000004H .CRT$XPY                DATA
 0002:000002a8 00000004H .CRT$XPZ                DATA
 0002:000002ac 00000004H .CRT$XTA                DATA
 0002:000002b0 00000004H .CRT$XTZ                DATA
 0002:000002c0 000096a8H .rdata                  DATA
 0002:00009968 00000048H .rdata$debug            DATA
 0002:000099b0 00001a74H .rdata$r                DATA
 0002:0000b430 0000022cH .rdata$sxdata           DATA
 0002:0000b65c 00000004H .rtc$IAA                DATA
 0002:0000b660 00000004H .rtc$IZZ                DATA
 0002:0000b664 00000004H .rtc$TAA                DATA
 0002:0000b668 00000004H .rtc$TZZ                DATA
 0002:0000b670 00002374H .xdata$x                DATA
 0002:0000d9e4 00000064H .idata$2                DATA
 0002:0000da48 00000014H .idata$3                DATA
 0002:0000da5c 00000230H .idata$4                DATA
 0002:0000dc8c 00000980H .idata$6                DATA
 0002:0000e60c 00000000H .edata                  DATA
 0003:00000000 00003bfcH .data                   DATA
 0003:00003c00 00082748H .bss                    DATA

  Address         Publics by Value              Rva+Base       Lib:Object

 0000:00000000       __except_list              00000000     <absolute>
 0000:0000008b       ___safe_se_handler_count   0000008b     <absolute>
 0000:00000000       ___ImageBase               00400000     <linker-defined>
 0001:00000000       ??_H@YGXPAXIHP6EPAX0@Z@Z   00401000 f i AbuseStatistics.obj
 0001:00000040       ?Init@AbusePointInfo@@QAEXXZ 00401040 f   AbuseUser.obj
 0001:00000050       ?IncViolationCount@AbusePointInfo@@QAEHXZ 00401050 f   AbuseUser.obj
 0001:000000c0       ?GetTotAbusingPoint@AbuseUser@@QAEGXZ 004010c0 f   AbuseUser.obj
 0001:00000130       ?IsBlock@AbuseUser@@QAEHXZ 00401130 f   AbuseUser.obj
 0001:00000140       ??0AbuseUser@@QAE@XZ       00401140 f   AbuseUser.obj
 0001:00000190       ?Init@AbuseUser@@QAEXKPAD@Z 00401190 f   AbuseUser.obj
 0001:00000200       ?Update@AbuseUser@@QAEXXZ  00401200 f   AbuseUser.obj
 0001:00000230       ?UpdateAbuseInfo@AbuseUser@@QAEHW4eABUSE_SUB_TYPE@@AAUtagSERVER_KEY@@KKPAD@Z 00401230 f   AbuseUser.obj
 0001:00000290       ?NotifyViolation@AbuseUser@@QAEXW4eABUSE_SUB_TYPE@@PAD@Z 00401290 f   AbuseUser.obj
 0001:00000330       ?ForcedDisconnect@AbuseUser@@QAEXH@Z 00401330 f   AbuseUser.obj
 0001:00000400       ?TemporaryBlock@AbuseUser@@QAEXXZ 00401400 f   AbuseUser.obj
 0001:00000460       ?Instance@?$Singleton@VAbusingOptionParser@@$00@util@@SAPAVAbusingOptionParser@@XZ 00401460 f i AbuseUser.obj
 0001:000004e0       ?Instance@?$Singleton@VAbuseUserManager@@$00@util@@SAPAVAbuseUserManager@@XZ 004014e0 f i AbuseUser.obj
 0001:00000560       ??1bad_alloc@std@@UAE@XZ   00401560 f i AbuseUserManager.obj
 0001:00000570       ??_Gbad_alloc@std@@UAEPAXI@Z 00401570 f i AbuseUserManager.obj
 0001:00000570       ??_Ebad_alloc@std@@UAEPAXI@Z 00401570 f i AbuseUserManager.obj
 0001:000005a0       ??4tagOLDSERVER_KEY@@QAE?BKABUtagSERVER_KEY@@@Z 004015a0 f i AbuseUserManager.obj
 0001:000005e0       ??0MSG_MO_RTTG_ABUSING_NTF@@QAE@XZ 004015e0 f i AbuseUserManager.obj
 0001:00000600       ?_Max@?$_Tree@V?$_Tset_traits@KU?$less@K@std@@V?$CustomAllocator@K@util@@$0A@@std@@@std@@KAPAU_Node@?$_Tree_nod@V?$_Tset_traits@KU?$less@K@std@@V?$CustomAllocator@K@util@@$0A@@std@@@2@PAU342@@Z 00401600 f i AbuseUserManager.obj
 0001:00000620       ?_Min@?$_Tree@V?$_Tset_traits@KU?$less@K@std@@V?$CustomAllocator@K@util@@$0A@@std@@@std@@KAPAU_Node@?$_Tree_nod@V?$_Tset_traits@KU?$less@K@std@@V?$CustomAllocator@K@util@@$0A@@std@@@2@PAU342@@Z 00401620 f i AbuseUserManager.obj
 0001:00000640       ?_Inc@const_iterator@?$_Tree@V?$_Tset_traits@KU?$less@K@std@@V?$CustomAllocator@K@util@@$0A@@std@@@std@@QAEXXZ 00401640 f i AbuseUserManager.obj
 0001:000006b0       ??$_Allocate@D@std@@YAPADIPAD@Z 004016b0 f i AbuseUserManager.obj
 0001:00000710       ??0bad_alloc@std@@QAE@ABV01@@Z 00401710 f i AbuseUserManager.obj
 0001:00000730       ?Init@AbuseUserManager@@QAEHXZ 00401730 f   AbuseUserManager.obj
 0001:00000770       ?WriteFileLog@AbuseUserManager@@QAEXW4eABUSE_TYPE@@W4eABUSE_SUB_TYPE@@AAUtagSERVER_KEY@@PAD333@Z 00401770 f   AbuseUserManager.obj
 0001:00000800       ?NotifyViolation@AbuseUserManager@@QAEXW4eABUSE_SUB_TYPE@@PADAAUtagSERVER_KEY@@KKK11@Z 00401800 f   AbuseUserManager.obj
 0001:00000a50       ?DisplayAbuseInfo@AbuseUserManager@@QAEXXZ 00401a50 f   AbuseUserManager.obj
 0001:00000bd0       ?GetUserCountForIP@AbuseUserManager@@QAEKK@Z 00401bd0 f   AbuseUserManager.obj
 0001:00000c40       ?IsIPBlock@AbuseUserManager@@QAEHK@Z 00401c40 f   AbuseUserManager.obj
 0001:00000c60       ?FindUser@AbuseUserManager@@QAEPAVAbuseUser@@K@Z 00401c60 f   AbuseUserManager.obj
 0001:00000cd0       ?EnterServer@AbuseUserManager@@QAEXKPADK@Z 00401cd0 f   AbuseUserManager.obj
 0001:00000d60       ?RemoveUser@AbuseUserManager@@QAEXK@Z 00401d60 f   AbuseUserManager.obj
 0001:00000da0       ?Release@AbuseUserManager@@QAEHXZ 00401da0 f   AbuseUserManager.obj
 0001:00000dd0       ?Update@AbuseUserManager@@QAEHXZ 00401dd0 f   AbuseUserManager.obj
 0001:00000f30       ??1AbuseUserManager@@QAE@XZ 00401f30 f   AbuseUserManager.obj
 0001:00000ff0       ??0AbuseUserManager@@QAE@XZ 00401ff0 f   AbuseUserManager.obj
 0001:00001080       ?OnMsg@AbuseUserManager@@QAEXPAUsSIG_SECURE_LOG_NOTIFY@@@Z 00402080 f   AbuseUserManager.obj
 0001:000012c0       ?_Hashval@?$_Hash@V?$_Hmap_traits@W4eSCRIPT_CODE@@PAUsSCRIPT_DATA_INFO_NODE_INTERNAL@@V?$hash_compare@W4eSCRIPT_CODE@@U?$less@W4eSCRIPT_CODE@@@std@@@stdext@@V?$CustomAllocator@PAUsSCRIPT_DATA_INFO_NODE_INTERNAL@@@util@@$0A@@stdext@@@stdext@@IBEIABW4eSCRIPT_CODE@@@Z 004022c0 f i servercommon:ScriptDataManager.obj
 0001:000012c0       ?_Hashval@?$_Hash@V?$_Hmap_traits@KV?$chunk_set@KU?$less@K@std@@@util@@V?$hash_compare@KU?$less@K@std@@@stdext@@V?$CustomAllocator@V?$chunk_set@KU?$less@K@std@@@util@@@2@$0A@@stdext@@@stdext@@IBEIABK@Z 004022c0 f i AbuseUserManager.obj
 0001:000012c0       ?_Hashval@?$_Hash@V?$_Hmap_traits@KPAVBASE_FUNC@util@@V?$hash_compare@KU?$less@K@std@@@stdext@@V?$allocator@U?$pair@$$CBKPAVBASE_FUNC@util@@@std@@@std@@$0A@@stdext@@@stdext@@IBEIABK@Z 004022c0 f i PacketHandler.obj
 0001:000012c0       ?_Hashval@?$_Hash@V?$_Hmap_traits@KPAVServerSession@@V?$hash_compare@KU?$less@K@std@@@stdext@@V?$CustomAllocator@PAVServerSession@@@util@@$0A@@stdext@@@stdext@@IBEIABK@Z 004022c0 f i TempServerSessionEx.obj
 0001:000012c0       ?_Hashval@?$_Hash@V?$_Hmap_traits@KPAVAbuseUser@@V?$hash_compare@KU?$less@K@std@@@stdext@@V?$CustomAllocator@PAVAbuseUser@@@util@@$0A@@stdext@@@stdext@@IBEIABK@Z 004022c0 f i AbuseUserManager.obj
 0001:00001320       ?_Lrotate@?$_Tree@V?$_Tset_traits@KU?$less@K@std@@V?$CustomAllocator@K@util@@$0A@@std@@@std@@IAEXPAU_Node@?$_Tree_nod@V?$_Tset_traits@KU?$less@K@std@@V?$CustomAllocator@K@util@@$0A@@std@@@2@@Z 00402320 f i AbuseUserManager.obj
 0001:00001370       ?_Rrotate@?$_Tree@V?$_Tset_traits@KU?$less@K@std@@V?$CustomAllocator@K@util@@$0A@@std@@@std@@IAEXPAU_Node@?$_Tree_nod@V?$_Tset_traits@KU?$less@K@std@@V?$CustomAllocator@K@util@@$0A@@std@@@2@@Z 00402370 f i AbuseUserManager.obj
 0001:000013d0       ?_Buynode@?$_Tree@V?$_Tset_traits@KU?$less@K@std@@V?$CustomAllocator@K@util@@$0A@@std@@@std@@IAEPAU_Node@?$_Tree_nod@V?$_Tset_traits@KU?$less@K@std@@V?$CustomAllocator@K@util@@$0A@@std@@@2@PAU342@00ABKD@Z 004023d0 f i AbuseUserManager.obj
 0001:00001410       ?_Dec@const_iterator@?$_Tree@V?$_Tset_traits@KU?$less@K@std@@V?$CustomAllocator@K@util@@$0A@@std@@@std@@QAEXXZ 00402410 f i AbuseUserManager.obj
 0001:000014a0       ?_Buynode@?$list@U?$pair@$$CBKV?$chunk_set@KU?$less@K@std@@@util@@@std@@V?$CustomAllocator@U?$pair@$$CBKV?$chunk_set@KU?$less@K@std@@@util@@@std@@@util@@@std@@IAEPAU_Node@?$_List_nod@U?$pair@$$CBKV?$chunk_set@KU?$less@K@std@@@util@@@std@@V?$CustomAllocator@U?$pair@$$CBKV?$chunk_set@KU?$less@K@std@@@util@@@std@@@util@@@2@XZ 004024a0 f i AbuseUserManager.obj
 0001:000014c0       ?_Buynode@?$_Tree@V?$_Tset_traits@KU?$less@K@std@@V?$CustomAllocator@K@util@@$0A@@std@@@std@@IAEPAU_Node@?$_Tree_nod@V?$_Tset_traits@KU?$less@K@std@@V?$CustomAllocator@K@util@@$0A@@std@@@2@XZ 004024c0 f i AbuseUserManager.obj
 0001:00001500       ?_Buynode@?$list@U?$pair@$$CBW4eSCRIPT_CODE@@PAUsSCRIPT_DATA_INFO_NODE_INTERNAL@@@std@@V?$CustomAllocator@U?$pair@$$CBW4eSCRIPT_CODE@@PAUsSCRIPT_DATA_INFO_NODE_INTERNAL@@@std@@@util@@@std@@IAEPAU_Node@?$_List_nod@U?$pair@$$CBW4eSCRIPT_CODE@@PAUsSCRIPT_DATA_INFO_NODE_INTERNAL@@@std@@V?$CustomAllocator@U?$pair@$$CBW4eSCRIPT_CODE@@PAUsSCRIPT_DATA_INFO_NODE_INTERNAL@@@std@@@util@@@2@PAU342@0ABU?$pair@$$CBW4eSCRIPT_CODE@@PAUsSCRIPT_DATA_INFO_NODE_INTERNAL@@@2@@Z 00402500 f i servercommon:ScriptDataManager.obj
 0001:00001500       ?_Buynode@?$list@U?$pair@$$CBKPAVServerSession@@@std@@V?$CustomAllocator@U?$pair@$$CBKPAVServerSession@@@std@@@util@@@std@@IAEPAU_Node@?$_List_nod@U?$pair@$$CBKPAVServerSession@@@std@@V?$CustomAllocator@U?$pair@$$CBKPAVServerSession@@@std@@@util@@@2@PAU342@0ABU?$pair@$$CBKPAVServerSession@@@2@@Z 00402500 f i servercommon:ServerFrame.obj
 0001:00001500       ?_Buynode@?$list@U?$pair@$$CBKPAVAbuseUser@@@std@@V?$CustomAllocator@U?$pair@$$CBKPAVAbuseUser@@@std@@@util@@@std@@IAEPAU_Node@?$_List_nod@U?$pair@$$CBKPAVAbuseUser@@@std@@V?$CustomAllocator@U?$pair@$$CBKPAVAbuseUser@@@std@@@util@@@2@PAU342@0ABU?$pair@$$CBKPAVAbuseUser@@@2@@Z 00402500 f i AbuseUserManager.obj
 0001:00001540       ?_Erase@?$_Tree@V?$_Tset_traits@KU?$less@K@std@@V?$CustomAllocator@K@util@@$0A@@std@@@std@@IAEXPAU_Node@?$_Tree_nod@V?$_Tset_traits@KU?$less@K@std@@V?$CustomAllocator@K@util@@$0A@@std@@@2@@Z 00402540 f i AbuseUserManager.obj
 0001:00001580       ?Create@?$VariableSizeChunkImpl@VAbuseUser@@@internal@util@@CAXPAX@Z 00402580 f i AbuseUserManager.obj
 0001:000015d0       ?SendHeartbeatPacket@OpServerSession@@MAEXXZ 004025d0 f i ServerSessionManager.obj
 0001:000015d0       ??1SolarSimpleConsole@@QAE@XZ 004025d0 f i utility_s:SolarSimpleConsole.obj
 0001:000015d0       ??1MSG_MO_RTTG_USERMONEY_ANS@@QAE@XZ 004025d0 f i Handler_MO.obj
 0001:000015d0       ?Destroy@?$VariableSizeChunkImpl@VAbuseUser@@@internal@util@@CAXPAX@Z 004025d0 f i AbuseUserManager.obj
 0001:000015d0       ?Connect@ServerSession@@UAEXXZ 004025d0 f i ServerSessionManager.obj
 0001:000015d0       ?Release@IMemoryPoolFactoryImpl@internal@util@@UAEXXZ 004025d0 f i AbuseUserManager.obj
 0001:000015d0       ??1MSG_MO_RTTG_ALL_SERVER_STATUS_NTF@@QAE@XZ 004025d0 f i OpServerSession.obj
 0001:000015d0       ??3@YAXPAX0@Z              004025d0 f i AbuseUserManager.obj
 0001:000015d0       ??1MSG_MO_RTTG_GAMESTATISTICS_ANS@@QAE@XZ 004025d0 f i Handler_MO.obj
 0001:000015d0       ??1SolarFileReader@util@@QAE@XZ 004025d0 f i utility_s:SolarFileReader.obj
 0001:000015d0       ??1MSG_MO_RTTG_ABUSING_NTF@@QAE@XZ 004025d0 f i AbuseUserManager.obj
 0001:000015d0       ??1MSG_MO_RTTG_USERCOUNT_NTF@@QAE@XZ 004025d0 f i Handler_AM.obj
 0001:000015d0       ??1SolarDump@@QAE@XZ       004025d0 f i utility_s:SolarDump.obj
 0001:000015e0       ??1IMemoryPoolFactoryImpl@internal@util@@UAE@XZ 004025e0 f i AbuseUserManager.obj
 0001:000015f0       ?Initialize@IMemoryPoolFactoryImpl@internal@util@@UAE_NIIPBD@Z 004025f0 f i AbuseUserManager.obj
 0001:00001600       ?Init@IParser@@UAEXK@Z     00402600 f i MasterScriptParserManager.obj
 0001:00001600       ?SetTypeName@IMemoryPoolFactoryImpl@internal@util@@UAEXPBD@Z 00402600 f i AbuseUserManager.obj
 0001:00001600       ?CloseFile@CPackFile@@QAEXPAX@Z 00402600 f i utility_s:FilePackerManager.obj
 0001:00001600       ?OnMsg@IWorkNode@@UAEXPAUsSIG_MSG@@@Z 00402600 f i MasterServerInfo.obj
 0001:00001600       ?OnAccept@NetworkObject@@MAEXK@Z 00402600 f i servercommon:ServerSession.obj
 0001:00001610       ?GetNumberOfBands@IMemoryPoolFactoryImpl@internal@util@@UBEHXZ 00402610 f i AbuseUserManager.obj
 0001:00001610       ?IsComplete@PROCESS_TIMER_PROCESS@@UAEHXZ 00402610 f i MasterServerInfo.obj
 0001:00001610       ?GetPoolBasicSize@IMemoryPoolFactoryImpl@internal@util@@UBEHXZ 00402610 f i AbuseUserManager.obj
 0001:00001610       ?GetPoolExtendSize@IMemoryPoolFactoryImpl@internal@util@@UBEHXZ 00402610 f i AbuseUserManager.obj
 0001:00001610       ?GetServerType@ServerSession@@UAE?AW4eSERVER_TYPE@@XZ 00402610 f i servercommon:ServerSession.obj
 0001:00001610       ?GetAvailableNumberOfTypes@IMemoryPoolFactoryImpl@internal@util@@UBEHXZ 00402610 f i AbuseUserManager.obj
 0001:00001620       ?Release@?$CMemoryPoolFactory@VAgentServerSession@@@util@@UAEXXZ 00402620 f i ServerSessionManager.obj
 0001:00001620       ?Release@?$CMemoryPoolFactory@VGameDBProxySession@@@util@@UAEXXZ 00402620 f i ServerSessionManager.obj
 0001:00001620       ?Release@?$CMemoryPoolFactory@VGuildServerSession@@@util@@UAEXXZ 00402620 f i ServerSessionManager.obj
 0001:00001620       ?Release@?$CMemoryPoolFactory@VBattleServerSession@@@util@@UAEXXZ 00402620 f i ServerSessionManager.obj
 0001:00001620       ?Release@?$CMemoryPoolFactory@VWorldServerSession@@@util@@UAEXXZ 00402620 f i ServerSessionManager.obj
 0001:00001620       ?Release@?$CMemoryPoolFactory@VAbuseUser@@@util@@UAEXXZ 00402620 f i AbuseUserManager.obj
 0001:00001620       ?Release@?$CMemoryPoolFactory@VSolarAuthServerSession@@@util@@UAEXXZ 00402620 f i ServerSessionManager.obj
 0001:00001620       ?Release@?$CMemoryPoolFactory@VAccountDBProxySession@@@util@@UAEXXZ 00402620 f i ServerSessionManager.obj
 0001:00001620       ?Release@?$CMemoryPoolFactory@VTempServerSessionEx@@@util@@UAEXXZ 00402620 f i ServerSessionManager.obj
 0001:00001620       ?Release@?$CMemoryPoolFactory@VFieldServerSession@@@util@@UAEXXZ 00402620 f i ServerSessionManager.obj
 0001:00001620       ?Release@?$CMemoryPoolFactory@VOpServerSession@@@util@@UAEXXZ 00402620 f i ServerSessionManager.obj
 0001:00001630       ?Alloc@?$NotUseChunkImpl@VAbuseUser@@@internal@util@@UAEPAXXZ 00402630 f i AbuseUserManager.obj
 0001:000016a0       ?Free@?$NotUseChunkImpl@VAbuseUser@@@internal@util@@UAEXQAX@Z 004026a0 f i AbuseUserManager.obj
 0001:000016c0       ??0?$VariableSizeChunkImpl@VAbuseUser@@@internal@util@@QAE@XZ 004026c0 f i AbuseUserManager.obj
 0001:00001720       ?Release@?$VariableSizeChunkImpl@VGuildServerSession@@@internal@util@@UAEXXZ 00402720 f i ServerSessionManager.obj
 0001:00001720       ?Release@?$VariableSizeChunkImpl@VOpServerSession@@@internal@util@@UAEXXZ 00402720 f i ServerSessionManager.obj
 0001:00001720       ?Release@?$VariableSizeChunkImpl@VGameDBProxySession@@@internal@util@@UAEXXZ 00402720 f i ServerSessionManager.obj
 0001:00001720       ?Release@?$VariableSizeChunkImpl@VBattleServerSession@@@internal@util@@UAEXXZ 00402720 f i ServerSessionManager.obj
 0001:00001720       ?Release@?$VariableSizeChunkImpl@VTempServerSessionEx@@@internal@util@@UAEXXZ 00402720 f i ServerSessionManager.obj
 0001:00001720       ?Release@?$VariableSizeChunkImpl@VFieldServerSession@@@internal@util@@UAEXXZ 00402720 f i ServerSessionManager.obj
 0001:00001720       ?Release@?$VariableSizeChunkImpl@VAgentServerSession@@@internal@util@@UAEXXZ 00402720 f i ServerSessionManager.obj
 0001:00001720       ?Release@?$VariableSizeChunkImpl@VSolarAuthServerSession@@@internal@util@@UAEXXZ 00402720 f i ServerSessionManager.obj
 0001:00001720       ?Release@?$VariableSizeChunkImpl@VAccountDBProxySession@@@internal@util@@UAEXXZ 00402720 f i ServerSessionManager.obj
 0001:00001720       ?Release@?$VariableSizeChunkImpl@VWorldServerSession@@@internal@util@@UAEXXZ 00402720 f i ServerSessionManager.obj
 0001:00001720       ?Release@?$VariableSizeChunkImpl@VAbuseUser@@@internal@util@@UAEXXZ 00402720 f i AbuseUserManager.obj
 0001:00001730       ??1?$VariableSizeChunkImpl@VAbuseUser@@@internal@util@@UAE@XZ 00402730 f i AbuseUserManager.obj
 0001:000017a0       ??_G?$VariableSizeChunkImpl@VAbuseUser@@@internal@util@@UAEPAXI@Z 004027a0 f i AbuseUserManager.obj
 0001:000017a0       ??_E?$VariableSizeChunkImpl@VAbuseUser@@@internal@util@@UAEPAXI@Z 004027a0 f i AbuseUserManager.obj
 0001:000017c0       ??1?$CMemoryPoolFactory@VAbuseUser@@@util@@UAE@XZ 004027c0 f i AbuseUserManager.obj
 0001:00001830       ??C?$_Iterator@$00@?$list@U?$pair@$$CBKPAVAbuseUser@@@std@@V?$CustomAllocator@U?$pair@$$CBKPAVAbuseUser@@@std@@@util@@@std@@QBEPAU?$pair@$$CBKPAVAbuseUser@@@2@XZ 00402830 f i AbuseUserManager.obj
 0001:00001830       ??C?$_Iterator@$00@?$list@U?$pair@$$CBW4eSCRIPT_CODE@@PAUsSCRIPT_DATA_INFO_NODE_INTERNAL@@@std@@V?$CustomAllocator@U?$pair@$$CBW4eSCRIPT_CODE@@PAUsSCRIPT_DATA_INFO_NODE_INTERNAL@@@std@@@util@@@std@@QBEPAU?$pair@$$CBW4eSCRIPT_CODE@@PAUsSCRIPT_DATA_INFO_NODE_INTERNAL@@@2@XZ 00402830 f i servercommon:ScriptDataManager.obj
 0001:00001860       ??E?$_Iterator@$00@?$list@U?$pair@$$CBKPAVAbuseUser@@@std@@V?$CustomAllocator@U?$pair@$$CBKPAVAbuseUser@@@std@@@util@@@std@@QAEAAV012@XZ 00402860 f i AbuseUserManager.obj
 0001:000018a0       ??_G?$CMemoryPoolFactory@VAbuseUser@@@util@@UAEPAXI@Z 004028a0 f i AbuseUserManager.obj
 0001:000018a0       ??_E?$CMemoryPoolFactory@VAbuseUser@@@util@@UAEPAXI@Z 004028a0 f i AbuseUserManager.obj
 0001:000018c0       ?_Copy@?$_Tree@V?$_Tset_traits@KU?$less@K@std@@V?$CustomAllocator@K@util@@$0A@@std@@@std@@IAEPAU_Node@?$_Tree_nod@V?$_Tset_traits@KU?$less@K@std@@V?$CustomAllocator@K@util@@$0A@@std@@@2@PAU342@0@Z 004028c0 f i AbuseUserManager.obj
 0001:00001980       ??$_Distance2@V?$_Iterator@$00@?$list@U?$pair@$$CBKPAVServerSession@@@std@@V?$CustomAllocator@U?$pair@$$CBKPAVServerSession@@@std@@@util@@@std@@I@std@@YAXV?$_Iterator@$00@?$list@U?$pair@$$CBKPAVServerSession@@@std@@V?$CustomAllocator@U?$pair@$$CBKPAVServerSession@@@std@@@util@@@0@0AAIUbidirectional_iterator_tag@0@@Z 00402980 f i TempServerSessionEx.obj
 0001:00001980       ??$_Distance2@V?$_Iterator@$00@?$list@U?$pair@$$CBKPAVAbuseUser@@@std@@V?$CustomAllocator@U?$pair@$$CBKPAVAbuseUser@@@std@@@util@@@std@@I@std@@YAXV?$_Iterator@$00@?$list@U?$pair@$$CBKPAVAbuseUser@@@std@@V?$CustomAllocator@U?$pair@$$CBKPAVAbuseUser@@@std@@@util@@@0@0AAIUbidirectional_iterator_tag@0@@Z 00402980 f i AbuseUserManager.obj
 0001:000019f0       ?erase@?$basic_string@DU?$char_traits@D@std@@V?$allocator@D@2@@std@@QAEAAV12@II@Z 004029f0 f i AbuseUserManager.obj
 0001:00001a80       ?_Copy@?$basic_string@DU?$char_traits@D@std@@V?$allocator@D@2@@std@@IAEXII@Z 00402a80 f i AbuseUserManager.obj
 0001:00001bc0       ?_Copy@?$_Tree@V?$_Tset_traits@KU?$less@K@std@@V?$CustomAllocator@K@util@@$0A@@std@@@std@@IAEXABV12@@Z 00402bc0 f i AbuseUserManager.obj
 0001:00001c40       ?purge_memory@?$pool@Udefault_user_allocator_new_delete@boost@@@boost@@QAE_NXZ 00402c40 f i AbuseUserManager.obj
 0001:00001c80       ??$_Unchecked_move_backward@PAU_List_position@?$_Hash@V?$_Hmap_traits@KPAVServerSession@@V?$hash_compare@KU?$less@K@std@@@stdext@@V?$CustomAllocator@PAVServerSession@@@util@@$0A@@stdext@@@stdext@@PAU123@@stdext@@YAPAU_List_position@?$_Hash@V?$_Hmap_traits@KPAVServerSession@@V?$hash_compare@KU?$less@K@std@@@stdext@@V?$CustomAllocator@PAVServerSession@@@util@@$0A@@stdext@@@0@PAU120@00@Z 00402c80 f i TempServerSessionEx.obj
 0001:00001c80       ??$_Unchecked_move_backward@PAU?$pair@W4eSCRIPT_CODE@@PAUsSCRIPT_DATA_INFO_NODE_INTERNAL@@@std@@PAU12@@stdext@@YAPAU?$pair@W4eSCRIPT_CODE@@PAUsSCRIPT_DATA_INFO_NODE_INTERNAL@@@std@@PAU12@00@Z 00402c80 f i servercommon:ScriptDataManager.obj
 0001:00001c80       ??$_Unchecked_move_backward@PAU_List_position@?$_Hash@V?$_Hmap_traits@W4eSCRIPT_CODE@@PAUsSCRIPT_DATA_INFO_NODE_INTERNAL@@V?$hash_compare@W4eSCRIPT_CODE@@U?$less@W4eSCRIPT_CODE@@@std@@@stdext@@V?$CustomAllocator@PAUsSCRIPT_DATA_INFO_NODE_INTERNAL@@@util@@$0A@@stdext@@@stdext@@PAU123@@stdext@@YAPAU_List_position@?$_Hash@V?$_Hmap_traits@W4eSCRIPT_CODE@@PAUsSCRIPT_DATA_INFO_NODE_INTERNAL@@V?$hash_compare@W4eSCRIPT_CODE@@U?$less@W4eSCRIPT_CODE@@@std@@@stdext@@V?$CustomAllocator@PAUsSCRIPT_DATA_INFO_NODE_INTERNAL@@@util@@$0A@@stdext@@@0@PAU120@00@Z 00402c80 f i servercommon:ScriptDataManager.obj
 0001:00001c80       ??$_Unchecked_move_backward@PAU_List_position@?$_Hash@V?$_Hmap_traits@KV?$chunk_set@KU?$less@K@std@@@util@@V?$hash_compare@KU?$less@K@std@@@stdext@@V?$CustomAllocator@V?$chunk_set@KU?$less@K@std@@@util@@@2@$0A@@stdext@@@stdext@@PAU123@@stdext@@YAPAU_List_position@?$_Hash@V?$_Hmap_traits@KV?$chunk_set@KU?$less@K@std@@@util@@V?$hash_compare@KU?$less@K@std@@@stdext@@V?$CustomAllocator@V?$chunk_set@KU?$less@K@std@@@util@@@2@$0A@@stdext@@@0@PAU120@00@Z 00402c80 f i AbuseUserManager.obj
 0001:00001c80       ??$_Unchecked_move_backward@PAU_List_position@?$_Hash@V?$_Hmap_traits@KPAVAbuseUser@@V?$hash_compare@KU?$less@K@std@@@stdext@@V?$CustomAllocator@PAVAbuseUser@@@util@@$0A@@stdext@@@stdext@@PAU123@@stdext@@YAPAU_List_position@?$_Hash@V?$_Hmap_traits@KPAVAbuseUser@@V?$hash_compare@KU?$less@K@std@@@stdext@@V?$CustomAllocator@PAVAbuseUser@@@util@@$0A@@stdext@@@0@PAU120@00@Z 00402c80 f i AbuseUserManager.obj
 0001:00001c80       ??$_Unchecked_move_backward@PAU_List_position@?$_Hash@V?$_Hmap_traits@KPAVBASE_FUNC@util@@V?$hash_compare@KU?$less@K@std@@@stdext@@V?$allocator@U?$pair@$$CBKPAVBASE_FUNC@util@@@std@@@std@@$0A@@stdext@@@stdext@@PAU123@@stdext@@YAPAU_List_position@?$_Hash@V?$_Hmap_traits@KPAVBASE_FUNC@util@@V?$hash_compare@KU?$less@K@std@@@stdext@@V?$allocator@U?$pair@$$CBKPAVBASE_FUNC@util@@@std@@@std@@$0A@@stdext@@@0@PAU120@00@Z 00402c80 f i PacketHandler.obj
 0001:00001cc0       ?what@logic_error@std@@UBEPBDXZ 00402cc0 f i AbuseUserManager.obj
 0001:00001cd0       ??_Glength_error@std@@UAEPAXI@Z 00402cd0 f i AbuseUserManager.obj
 0001:00001cd0       ??_Eout_of_range@std@@UAEPAXI@Z 00402cd0 f i AbuseUserManager.obj
 0001:00001cd0       ??_Elength_error@std@@UAEPAXI@Z 00402cd0 f i AbuseUserManager.obj
 0001:00001cd0       ??_Glogic_error@std@@UAEPAXI@Z 00402cd0 f i AbuseUserManager.obj
 0001:00001cd0       ??_Gout_of_range@std@@UAEPAXI@Z 00402cd0 f i AbuseUserManager.obj
 0001:00001cd0       ??_Elogic_error@std@@UAEPAXI@Z 00402cd0 f i AbuseUserManager.obj
 0001:00001d20       ?assign@?$basic_string@DU?$char_traits@D@std@@V?$allocator@D@2@@std@@QAEAAV12@ABV12@II@Z 00402d20 f i AbuseUserManager.obj
 0001:00001e00       ?assign@?$basic_string@DU?$char_traits@D@std@@V?$allocator@D@2@@std@@QAEAAV12@PBDI@Z 00402e00 f i AbuseUserManager.obj
 0001:00001ee0       ?equal_range@?$_Hash@V?$_Hmap_traits@KPAVServerSession@@V?$hash_compare@KU?$less@K@std@@@stdext@@V?$CustomAllocator@PAVServerSession@@@util@@$0A@@stdext@@@stdext@@QAE?AU?$pair@V?$_Iterator@$00@?$list@U?$pair@$$CBKPAVServerSession@@@std@@V?$CustomAllocator@U?$pair@$$CBKPAVServerSession@@@std@@@util@@@std@@V123@@std@@ABK@Z 00402ee0 f i TempServerSessionEx.obj
 0001:00001ee0       ?equal_range@?$_Hash@V?$_Hmap_traits@KPAVAbuseUser@@V?$hash_compare@KU?$less@K@std@@@stdext@@V?$CustomAllocator@PAVAbuseUser@@@util@@$0A@@stdext@@@stdext@@QAE?AU?$pair@V?$_Iterator@$00@?$list@U?$pair@$$CBKPAVAbuseUser@@@std@@V?$CustomAllocator@U?$pair@$$CBKPAVAbuseUser@@@std@@@util@@@std@@V123@@std@@ABK@Z 00402ee0 f i AbuseUserManager.obj
 0001:00002050       ?lower_bound@?$_Hash@V?$_Hmap_traits@KV?$chunk_set@KU?$less@K@std@@@util@@V?$hash_compare@KU?$less@K@std@@@stdext@@V?$CustomAllocator@V?$chunk_set@KU?$less@K@std@@@util@@@2@$0A@@stdext@@@stdext@@QAE?AV?$_Iterator@$00@?$list@U?$pair@$$CBKV?$chunk_set@KU?$less@K@std@@@util@@@std@@V?$CustomAllocator@U?$pair@$$CBKV?$chunk_set@KU?$less@K@std@@@util@@@std@@@util@@@std@@ABK@Z 00403050 f i AbuseUserManager.obj
 0001:00002050       ?lower_bound@?$_Hash@V?$_Hmap_traits@KPAVBASE_FUNC@util@@V?$hash_compare@KU?$less@K@std@@@stdext@@V?$allocator@U?$pair@$$CBKPAVBASE_FUNC@util@@@std@@@std@@$0A@@stdext@@@stdext@@QAE?AV?$_Iterator@$00@?$list@U?$pair@$$CBKPAVBASE_FUNC@util@@@std@@V?$allocator@U?$pair@$$CBKPAVBASE_FUNC@util@@@std@@@2@@std@@ABK@Z 00403050 f i PacketHandler.obj
 0001:00002050       ?lower_bound@?$_Hash@V?$_Hmap_traits@KPAVServerSession@@V?$hash_compare@KU?$less@K@std@@@stdext@@V?$CustomAllocator@PAVServerSession@@@util@@$0A@@stdext@@@stdext@@QAE?AV?$_Iterator@$00@?$list@U?$pair@$$CBKPAVServerSession@@@std@@V?$CustomAllocator@U?$pair@$$CBKPAVServerSession@@@std@@@util@@@std@@ABK@Z 00403050 f i servercommon:ServerFrame.obj
 0001:00002050       ?lower_bound@?$_Hash@V?$_Hmap_traits@KPAVAbuseUser@@V?$hash_compare@KU?$less@K@std@@@stdext@@V?$CustomAllocator@PAVAbuseUser@@@util@@$0A@@stdext@@@stdext@@QAE?AV?$_Iterator@$00@?$list@U?$pair@$$CBKPAVAbuseUser@@@std@@V?$CustomAllocator@U?$pair@$$CBKPAVAbuseUser@@@std@@@util@@@std@@ABK@Z 00403050 f i AbuseUserManager.obj
 0001:000021a0       ?erase@?$_Hash@V?$_Hmap_traits@KPAVServerSession@@V?$hash_compare@KU?$less@K@std@@@stdext@@V?$CustomAllocator@PAVServerSession@@@util@@$0A@@stdext@@@stdext@@QAE?AV?$_Iterator@$00@?$list@U?$pair@$$CBKPAVServerSession@@@std@@V?$CustomAllocator@U?$pair@$$CBKPAVServerSession@@@std@@@util@@@std@@V?$_Const_iterator@$00@45@@Z 004031a0 f i TempServerSessionEx.obj
 0001:000021a0       ?erase@?$_Hash@V?$_Hmap_traits@KPAVAbuseUser@@V?$hash_compare@KU?$less@K@std@@@stdext@@V?$CustomAllocator@PAVAbuseUser@@@util@@$0A@@stdext@@@stdext@@QAE?AV?$_Iterator@$00@?$list@U?$pair@$$CBKPAVAbuseUser@@@std@@V?$CustomAllocator@U?$pair@$$CBKPAVAbuseUser@@@std@@@util@@@std@@V?$_Const_iterator@$00@45@@Z 004031a0 f i AbuseUserManager.obj
 0001:000022a0       ?add_block@?$simple_segregated_storage@I@boost@@QAEXQAXII@Z 004032a0 f i AbuseUserManager.obj
 0001:000022f0       ?Free@?$FixedSizeChunkImpl@VAbuseUser@@@internal@util@@UAEXQAX@Z 004032f0 f i AbuseUserManager.obj
 0001:00002310       ?malloc_need_resize@?$pool@Udefault_user_allocator_new_delete@boost@@@boost@@AAEPAXXZ 00403310 f i AbuseUserManager.obj
 0001:00002420       ?release_memory@?$pool@Udefault_user_allocator_new_delete@boost@@@boost@@QAE_NXZ 00403420 f i AbuseUserManager.obj
 0001:00002560       ?Alloc@?$FixedSizeChunkImpl@VAbuseUser@@@internal@util@@UAEPAXXZ 00403560 f i AbuseUserManager.obj
 0001:000025d0       ??_G?$FixedSizeChunkImpl@VAbuseUser@@@internal@util@@UAEPAXI@Z 004035d0 f i AbuseUserManager.obj
 0001:000025d0       ??_E?$FixedSizeChunkImpl@VAbuseUser@@@internal@util@@UAEPAXI@Z 004035d0 f i AbuseUserManager.obj
 0001:00002600       ??0?$list@U?$pair@$$CBKV?$chunk_set@KU?$less@K@std@@@util@@@std@@V?$CustomAllocator@U?$pair@$$CBKV?$chunk_set@KU?$less@K@std@@@util@@@std@@@util@@@std@@QAE@ABV?$CustomAllocator@U?$pair@$$CBKV?$chunk_set@KU?$less@K@std@@@util@@@std@@@util@@@Z 00403600 f i AbuseUserManager.obj
 0001:00002670       ??0logic_error@std@@QAE@ABV?$basic_string@DU?$char_traits@D@std@@V?$allocator@D@2@@1@@Z 00403670 f i AbuseUserManager.obj
 0001:000026e0       ??0length_error@std@@QAE@ABV?$basic_string@DU?$char_traits@D@std@@V?$allocator@D@2@@1@@Z 004036e0 f i AbuseUserManager.obj
 0001:00002700       ??1length_error@std@@UAE@XZ 00403700 f i AbuseUserManager.obj
 0001:00002700       ??1out_of_range@std@@UAE@XZ 00403700 f i AbuseUserManager.obj
 0001:00002740       ??0out_of_range@std@@QAE@ABV?$basic_string@DU?$char_traits@D@std@@V?$allocator@D@2@@1@@Z 00403740 f i AbuseUserManager.obj
 0001:00002760       ?CreateImpl@?$CMemoryPoolFactory@VAbuseUser@@@util@@QAEXH@Z 00403760 f i AbuseUserManager.obj
 0001:00002880       ??0?$_Tree@V?$_Tset_traits@KU?$less@K@std@@V?$CustomAllocator@K@util@@$0A@@std@@@std@@QAE@ABU?$less@K@1@ABV?$CustomAllocator@K@util@@@Z 00403880 f i AbuseUserManager.obj
 0001:00002910       ??0?$basic_string@DU?$char_traits@D@std@@V?$allocator@D@2@@std@@QAE@PBD@Z 00403910 f i AbuseUserManager.obj
 0001:00002950       ?Initialize@?$CMemoryPoolFactory@VAbuseUser@@@util@@UAE_NIIPBDPAX@Z 00403950 f i AbuseUserManager.obj
 0001:00002980       ?_Insert@?$_Tree@V?$_Tset_traits@KU?$less@K@std@@V?$CustomAllocator@K@util@@$0A@@std@@@std@@IAE?AViterator@12@_NPAU_Node@?$_Tree_nod@V?$_Tset_traits@KU?$less@K@std@@V?$CustomAllocator@K@util@@$0A@@std@@@2@ABK@Z 00403980 f i AbuseUserManager.obj
 0001:00002b80       ??0logic_error@std@@QAE@ABV01@@Z 00403b80 f i AbuseUserManager.obj
 0001:00002c00       ??0length_error@std@@QAE@ABV01@@Z 00403c00 f i AbuseUserManager.obj
 0001:00002c20       ?erase@?$_Tree@V?$_Tset_traits@KU?$less@K@std@@V?$CustomAllocator@K@util@@$0A@@std@@@std@@QAE?AViterator@12@Vconst_iterator@12@@Z 00403c20 f i AbuseUserManager.obj
 0001:00002ef0       ??0out_of_range@std@@QAE@ABV01@@Z 00403ef0 f i AbuseUserManager.obj
 0001:00002f10       ?_Incsize@?$list@U?$pair@$$CBKV?$chunk_set@KU?$less@K@std@@@util@@@std@@V?$CustomAllocator@U?$pair@$$CBKV?$chunk_set@KU?$less@K@std@@@util@@@std@@@util@@@std@@IAEXI@Z 00403f10 f i AbuseUserManager.obj
 0001:00002fb0       ?insert@?$_Tree@V?$_Tset_traits@KU?$less@K@std@@V?$CustomAllocator@K@util@@$0A@@std@@@std@@QAE?AU?$pair@Viterator@?$_Tree@V?$_Tset_traits@KU?$less@K@std@@V?$CustomAllocator@K@util@@$0A@@std@@@std@@_N@2@ABK@Z 00403fb0 f i AbuseUserManager.obj
 0001:000030a0       ?erase@?$_Tree@V?$_Tset_traits@KU?$less@K@std@@V?$CustomAllocator@K@util@@$0A@@std@@@std@@QAE?AViterator@12@Vconst_iterator@12@0@Z 004040a0 f i AbuseUserManager.obj
 0001:00003180       ?_Tidy@?$_Tree@V?$_Tset_traits@KU?$less@K@std@@V?$CustomAllocator@K@util@@$0A@@std@@@std@@IAEXXZ 00404180 f i AbuseUserManager.obj
 0001:000031c0       ??0?$vector@U_List_position@?$_Hash@V?$_Hmap_traits@KPAVServerSession@@V?$hash_compare@KU?$less@K@std@@@stdext@@V?$CustomAllocator@PAVServerSession@@@util@@$0A@@stdext@@@stdext@@V?$CustomAllocator@U_List_position@?$_Hash@V?$_Hmap_traits@KPAVServerSession@@V?$hash_compare@KU?$less@K@std@@@stdext@@V?$CustomAllocator@PAVServerSession@@@util@@$0A@@stdext@@@stdext@@@util@@@std@@QAE@ABV?$CustomAllocator@U_List_position@?$_Hash@V?$_Hmap_traits@KPAVServerSession@@V?$hash_compare@KU?$less@K@std@@@stdext@@V?$CustomAllocator@PAVServerSession@@@util@@$0A@@stdext@@@stdext@@@util@@@Z 004041c0 f i servercommon:ServerFrame.obj
 0001:000031c0       ??0?$vector@U_List_position@?$_Hash@V?$_Hmap_traits@KPAVAbuseUser@@V?$hash_compare@KU?$less@K@std@@@stdext@@V?$CustomAllocator@PAVAbuseUser@@@util@@$0A@@stdext@@@stdext@@V?$CustomAllocator@U_List_position@?$_Hash@V?$_Hmap_traits@KPAVAbuseUser@@V?$hash_compare@KU?$less@K@std@@@stdext@@V?$CustomAllocator@PAVAbuseUser@@@util@@$0A@@stdext@@@stdext@@@util@@@std@@QAE@ABV?$CustomAllocator@U_List_position@?$_Hash@V?$_Hmap_traits@KPAVAbuseUser@@V?$hash_compare@KU?$less@K@std@@@stdext@@V?$CustomAllocator@PAVAbuseUser@@@util@@$0A@@stdext@@@stdext@@@util@@@Z 004041c0 f i AbuseUserManager.obj
 0001:000031c0       ??0?$vector@U_List_position@?$_Hash@V?$_Hmap_traits@KV?$chunk_set@KU?$less@K@std@@@util@@V?$hash_compare@KU?$less@K@std@@@stdext@@V?$CustomAllocator@V?$chunk_set@KU?$less@K@std@@@util@@@2@$0A@@stdext@@@stdext@@V?$CustomAllocator@U_List_position@?$_Hash@V?$_Hmap_traits@KV?$chunk_set@KU?$less@K@std@@@util@@V?$hash_compare@KU?$less@K@std@@@stdext@@V?$CustomAllocator@V?$chunk_set@KU?$less@K@std@@@util@@@2@$0A@@stdext@@@stdext@@@util@@@std@@QAE@ABV?$CustomAllocator@U_List_position@?$_Hash@V?$_Hmap_traits@KV?$chunk_set@KU?$less@K@std@@@util@@V?$hash_compare@KU?$less@K@std@@@stdext@@V?$CustomAllocator@V?$chunk_set@KU?$less@K@std@@@util@@@2@$0A@@stdext@@@stdext@@@util@@@Z 004041c0 f i AbuseUserManager.obj
 0001:000031c0       ??0?$vector@U_List_position@?$_Hash@V?$_Hmap_traits@W4eSCRIPT_CODE@@PAUsSCRIPT_DATA_INFO_NODE_INTERNAL@@V?$hash_compare@W4eSCRIPT_CODE@@U?$less@W4eSCRIPT_CODE@@@std@@@stdext@@V?$CustomAllocator@PAUsSCRIPT_DATA_INFO_NODE_INTERNAL@@@util@@$0A@@stdext@@@stdext@@V?$CustomAllocator@U_List_position@?$_Hash@V?$_Hmap_traits@W4eSCRIPT_CODE@@PAUsSCRIPT_DATA_INFO_NODE_INTERNAL@@V?$hash_compare@W4eSCRIPT_CODE@@U?$less@W4eSCRIPT_CODE@@@std@@@stdext@@V?$CustomAllocator@PAUsSCRIPT_DATA_INFO_NODE_INTERNAL@@@util@@$0A@@stdext@@@stdext@@@util@@@std@@QAE@ABV?$CustomAllocator@U_List_position@?$_Hash@V?$_Hmap_traits@W4eSCRIPT_CODE@@PAUsSCRIPT_DATA_INFO_NODE_INTERNAL@@V?$hash_compare@W4eSCRIPT_CODE@@U?$less@W4eSCRIPT_CODE@@@std@@@stdext@@V?$CustomAllocator@PAUsSCRIPT_DATA_INFO_NODE_INTERNAL@@@util@@$0A@@stdext@@@stdext@@@util@@@Z 004041c0 f i servercommon:ScriptDataManager.obj
 0001:000031c0       ??0?$vector@U?$pair@W4eSCRIPT_CODE@@PAUsSCRIPT_DATA_INFO_NODE_INTERNAL@@@std@@V?$CustomAllocator@U?$pair@W4eSCRIPT_CODE@@PAUsSCRIPT_DATA_INFO_NODE_INTERNAL@@@std@@@util@@@std@@QAE@ABV?$CustomAllocator@U?$pair@W4eSCRIPT_CODE@@PAUsSCRIPT_DATA_INFO_NODE_INTERNAL@@@std@@@util@@@Z 004041c0 f i servercommon:ScriptDataManager.obj
 0001:00003220       ??1?$_Tree@V?$_Tset_traits@KU?$less@K@std@@V?$CustomAllocator@K@util@@$0A@@std@@@std@@QAE@XZ 00404220 f i AbuseUserManager.obj
 0001:000032a0       ??0?$_Tree@V?$_Tset_traits@KU?$less@K@std@@V?$CustomAllocator@K@util@@$0A@@std@@@std@@QAE@ABV01@@Z 004042a0 f i AbuseUserManager.obj
 0001:00003350       ??1?$chunk_set@KU?$less@K@std@@@util@@QAE@XZ 00404350 f i AbuseUserManager.obj
 0001:00003360       ??1?$pair@$$CBKV?$chunk_set@KU?$less@K@std@@@util@@@std@@QAE@XZ 00404360 f i AbuseUserManager.obj
 0001:00003370       ??0?$_Hash@V?$_Hmap_traits@W4eSCRIPT_CODE@@PAUsSCRIPT_DATA_INFO_NODE_INTERNAL@@V?$hash_compare@W4eSCRIPT_CODE@@U?$less@W4eSCRIPT_CODE@@@std@@@stdext@@V?$CustomAllocator@PAUsSCRIPT_DATA_INFO_NODE_INTERNAL@@@util@@$0A@@stdext@@@stdext@@QAE@ABV?$hash_compare@W4eSCRIPT_CODE@@U?$less@W4eSCRIPT_CODE@@@std@@@1@ABV?$CustomAllocator@U?$pair@$$CBW4eSCRIPT_CODE@@PAUsSCRIPT_DATA_INFO_NODE_INTERNAL@@@std@@@util@@@Z 00404370 f i servercommon:ScriptDataManager.obj
 0001:00003370       ??0?$_Hash@V?$_Hmap_traits@KPAVServerSession@@V?$hash_compare@KU?$less@K@std@@@stdext@@V?$CustomAllocator@PAVServerSession@@@util@@$0A@@stdext@@@stdext@@QAE@ABV?$hash_compare@KU?$less@K@std@@@1@ABV?$CustomAllocator@U?$pair@$$CBKPAVServerSession@@@std@@@util@@@Z 00404370 f i servercommon:ServerFrame.obj
 0001:00003370       ??0?$_Hash@V?$_Hmap_traits@KPAVAbuseUser@@V?$hash_compare@KU?$less@K@std@@@stdext@@V?$CustomAllocator@PAVAbuseUser@@@util@@$0A@@stdext@@@stdext@@QAE@ABV?$hash_compare@KU?$less@K@std@@@1@ABV?$CustomAllocator@U?$pair@$$CBKPAVAbuseUser@@@std@@@util@@@Z 00404370 f i AbuseUserManager.obj
 0001:00003430       ?erase@?$_Hash@V?$_Hmap_traits@KPAVServerSession@@V?$hash_compare@KU?$less@K@std@@@stdext@@V?$CustomAllocator@PAVServerSession@@@util@@$0A@@stdext@@@stdext@@QAE?AV?$_Iterator@$00@?$list@U?$pair@$$CBKPAVServerSession@@@std@@V?$CustomAllocator@U?$pair@$$CBKPAVServerSession@@@std@@@util@@@std@@V?$_Const_iterator@$00@45@0@Z 00404430 f i TempServerSessionEx.obj
 0001:00003430       ?erase@?$_Hash@V?$_Hmap_traits@KPAVAbuseUser@@V?$hash_compare@KU?$less@K@std@@@stdext@@V?$CustomAllocator@PAVAbuseUser@@@util@@$0A@@stdext@@@stdext@@QAE?AV?$_Iterator@$00@?$list@U?$pair@$$CBKPAVAbuseUser@@@std@@V?$CustomAllocator@U?$pair@$$CBKPAVAbuseUser@@@std@@@util@@@std@@V?$_Const_iterator@$00@45@0@Z 00404430 f i AbuseUserManager.obj
 0001:00003530       ?construct@?$CustomAllocator@U?$pair@$$CBKV?$chunk_set@KU?$less@K@std@@@util@@@std@@@util@@QAEXPAU?$pair@$$CBKV?$chunk_set@KU?$less@K@std@@@util@@@std@@ABU34@@Z 00404530 f i AbuseUserManager.obj
 0001:00003590       ??A?$hash_map@KPAVAbuseUser@@V?$hash_compare@KU?$less@K@std@@@stdext@@V?$CustomAllocator@PAVAbuseUser@@@util@@@stdext@@QAEAAPAVAbuseUser@@ABK@Z 00404590 f i AbuseUserManager.obj
 0001:00003620       ?erase@?$_Hash@V?$_Hmap_traits@KPAVServerSession@@V?$hash_compare@KU?$less@K@std@@@stdext@@V?$CustomAllocator@PAVServerSession@@@util@@$0A@@stdext@@@stdext@@QAEIABK@Z 00404620 f i TempServerSessionEx.obj
 0001:00003620       ?erase@?$_Hash@V?$_Hmap_traits@KPAVAbuseUser@@V?$hash_compare@KU?$less@K@std@@@stdext@@V?$CustomAllocator@PAVAbuseUser@@@util@@$0A@@stdext@@@stdext@@QAEIABK@Z 00404620 f i AbuseUserManager.obj
 0001:00003690       ?clear@?$list@U?$pair@$$CBKV?$chunk_set@KU?$less@K@std@@@util@@@std@@V?$CustomAllocator@U?$pair@$$CBKV?$chunk_set@KU?$less@K@std@@@util@@@std@@@util@@@std@@QAEXXZ 00404690 f i AbuseUserManager.obj
 0001:000036d0       ?erase@?$list@U?$pair@$$CBKV?$chunk_set@KU?$less@K@std@@@util@@@std@@V?$CustomAllocator@U?$pair@$$CBKV?$chunk_set@KU?$less@K@std@@@util@@@std@@@util@@@std@@QAE?AV?$_Iterator@$00@12@V?$_Const_iterator@$00@12@@Z 004046d0 f i AbuseUserManager.obj
 0001:00003760       ?_Buynode@?$list@U?$pair@$$CBKV?$chunk_set@KU?$less@K@std@@@util@@@std@@V?$CustomAllocator@U?$pair@$$CBKV?$chunk_set@KU?$less@K@std@@@util@@@std@@@util@@@std@@IAEPAU_Node@?$_List_nod@U?$pair@$$CBKV?$chunk_set@KU?$less@K@std@@@util@@@std@@V?$CustomAllocator@U?$pair@$$CBKV?$chunk_set@KU?$less@K@std@@@util@@@std@@@util@@@2@PAU342@0ABU?$pair@$$CBKV?$chunk_set@KU?$less@K@std@@@util@@@2@@Z 00404760 f i AbuseUserManager.obj
 0001:00003800       ?clear@?$_Hash@V?$_Hmap_traits@KV?$chunk_set@KU?$less@K@std@@@util@@V?$hash_compare@KU?$less@K@std@@@stdext@@V?$CustomAllocator@V?$chunk_set@KU?$less@K@std@@@util@@@2@$0A@@stdext@@@stdext@@QAEXXZ 00404800 f i AbuseUserManager.obj
 0001:00003850       ??1?$list@U?$pair@$$CBKV?$chunk_set@KU?$less@K@std@@@util@@@std@@V?$CustomAllocator@U?$pair@$$CBKV?$chunk_set@KU?$less@K@std@@@util@@@std@@@util@@@std@@QAE@XZ 00404850 f i AbuseUserManager.obj
 0001:000038c0       ??0?$_Hash@V?$_Hmap_traits@KV?$chunk_set@KU?$less@K@std@@@util@@V?$hash_compare@KU?$less@K@std@@@stdext@@V?$CustomAllocator@V?$chunk_set@KU?$less@K@std@@@util@@@2@$0A@@stdext@@@stdext@@QAE@ABV?$hash_compare@KU?$less@K@std@@@1@ABV?$CustomAllocator@U?$pair@$$CBKV?$chunk_set@KU?$less@K@std@@@util@@@std@@@util@@@Z 004048c0 f i AbuseUserManager.obj
 0001:00003980       ?insert@?$list@U?$pair@$$CBKV?$chunk_set@KU?$less@K@std@@@util@@@std@@V?$CustomAllocator@U?$pair@$$CBKV?$chunk_set@KU?$less@K@std@@@util@@@std@@@util@@@std@@QAE?AV?$_Iterator@$00@12@V?$_Const_iterator@$00@12@ABU?$pair@$$CBKV?$chunk_set@KU?$less@K@std@@@util@@@2@@Z 00404980 f i AbuseUserManager.obj
 0001:00003a10       ?_Splice@?$list@U?$pair@$$CBKV?$chunk_set@KU?$less@K@std@@@util@@@std@@V?$CustomAllocator@U?$pair@$$CBKV?$chunk_set@KU?$less@K@std@@@util@@@std@@@util@@@std@@QAEXV?$_Const_iterator@$00@12@AAV12@00I_N@Z 00404a10 f i AbuseUserManager.obj
 0001:00003a80       ??1?$chunk_hash_map@KV?$chunk_set@KU?$less@K@std@@@util@@V?$hash_compare@KU?$less@K@std@@@stdext@@@util@@QAE@XZ 00404a80 f i AbuseUserManager.obj
 0001:00003ac0       ?splice@?$list@U?$pair@$$CBKV?$chunk_set@KU?$less@K@std@@@util@@@std@@V?$CustomAllocator@U?$pair@$$CBKV?$chunk_set@KU?$less@K@std@@@util@@@std@@@util@@@std@@QAEXV?$_Const_iterator@$00@12@AAV12@0@Z 00404ac0 f i AbuseUserManager.obj
 0001:00003b80       ?_Insert@?$_Hash@V?$_Hmap_traits@KV?$chunk_set@KU?$less@K@std@@@util@@V?$hash_compare@KU?$less@K@std@@@stdext@@V?$CustomAllocator@V?$chunk_set@KU?$less@K@std@@@util@@@2@$0A@@stdext@@@stdext@@IAE?AU?$pair@V?$_Iterator@$00@?$list@U?$pair@$$CBKV?$chunk_set@KU?$less@K@std@@@util@@@std@@V?$CustomAllocator@U?$pair@$$CBKV?$chunk_set@KU?$less@K@std@@@util@@@std@@@util@@@std@@_N@std@@ABU?$pair@$$CBKV?$chunk_set@KU?$less@K@std@@@util@@@4@V?$_Iterator@$00@?$list@U?$pair@$$CBKV?$chunk_set@KU?$less@K@std@@@util@@@std@@V?$CustomAllocator@U?$pair@$$CBKV?$chunk_set@KU?$less@K@std@@@util@@@std@@@util@@@4@@Z 00404b80 f i AbuseUserManager.obj
 0001:00003f00       ?_Reinsert@?$_Hash@V?$_Hmap_traits@KV?$chunk_set@KU?$less@K@std@@@util@@V?$hash_compare@KU?$less@K@std@@@stdext@@V?$CustomAllocator@V?$chunk_set@KU?$less@K@std@@@util@@@2@$0A@@stdext@@@stdext@@IAEXXZ 00404f00 f i AbuseUserManager.obj
 0001:00003f90       ??A?$hash_map@KV?$chunk_set@KU?$less@K@std@@@util@@V?$hash_compare@KU?$less@K@std@@@stdext@@V?$CustomAllocator@V?$chunk_set@KU?$less@K@std@@@util@@@2@@stdext@@QAEAAV?$chunk_set@KU?$less@K@std@@@util@@ABK@Z 00404f90 f i AbuseUserManager.obj
 0001:000040a0       ?_CalcCompressingSafeBufferSize@CompressStreamIO@@CAKK@Z 004050a0 f i CompressStreamIO.obj
 0001:000040f0       ?ResourceFree@CompressStreamIO@@SAHABUsSTREAM_INFO@1@@Z 004050f0 f   CompressStreamIO.obj
 0001:00004110       ?ResourceAlloc@CompressStreamIO@@SAHPBDAAUsSTREAM_INFO@1@@Z 00405110 f   CompressStreamIO.obj
 0001:00004270       ?Compress@CompressStreamIO@@SAHABUsSTREAM_INFO@1@AAU21@@Z 00405270 f   CompressStreamIO.obj
 0001:00004370       ?Uncompress@CompressStreamIO@@SAHABUsSTREAM_INFO@1@AAU21@@Z 00405370 f   CompressStreamIO.obj
 0001:00004460       ?OnMsg@PROCESS_TIMER_PROCESS@@UAEXPAUsSIG_MSG@@@Z 00405460 f   MasterServerInfo.obj
 0001:00004470       ?SendGM_OPERATION_STATISTICS_REQ@MasterServerInfo@@QAEHPAVMasterServerEx@@@Z 00405470 f   MasterServerInfo.obj
 0001:000044e0       ?Update@MasterServerInfo@@QAEXXZ 004054e0 f   MasterServerInfo.obj
 0001:00004510       ?SendGM_OPERATION_FUNCRESTRICT_CMD@MasterServerInfo@@QAEHPAVMasterServerEx@@@Z 00405510 f   MasterServerInfo.obj
 0001:00004570       ?ProcessWait@PROCESS_EXIT_PROCESS@@SAXPAV1@PAV?$map@PAVServerSessionEx@@HU?$less@PAVServerSessionEx@@@std@@V?$allocator@U?$pair@QAVServerSessionEx@@H@std@@@3@@std@@@Z 00405570 f   MasterServerInfo.obj
 0001:00004590       ?Processed@PROCESS_EXIT_PROCESS@@SAXPAV1@PAV?$map@PAVServerSessionEx@@HU?$less@PAVServerSessionEx@@@std@@V?$allocator@U?$pair@QAVServerSessionEx@@H@std@@@3@@std@@@Z 00405590 f   MasterServerInfo.obj
 0001:000045d0       ?SendMX_FUNCRESTRICT_RELOAD_REQ@MasterServerInfo@@QAEHPAVMasterServerEx@@@Z 004055d0 f   MasterServerInfo.obj
 0001:00004620       ?ProcessStart@PROCESS_EXIT_PROCESS@@SAXPAV1@PAV?$map@PAVServerSessionEx@@HU?$less@PAVServerSessionEx@@@std@@V?$allocator@U?$pair@QAVServerSessionEx@@H@std@@@3@@std@@@Z 00405620 f   MasterServerInfo.obj
 0001:000046b0       ?OnMsg@PROCESS_EXIT_PROCESS@@UAEXPAUsSIG_MSG@@@Z 004056b0 f   MasterServerInfo.obj
 0001:00004720       ?MakeServerExitList@MasterServerInfo@@QAEHUtagSERVER_KEY@@AAPAV?$map@PAVServerSessionEx@@HU?$less@PAVServerSessionEx@@@std@@V?$allocator@U?$pair@QAVServerSessionEx@@H@std@@@3@@std@@11@Z 00405720 f   MasterServerInfo.obj
 0001:00004960       ?RegisterServerExitProcess@MasterServerInfo@@QAEHAAPAV?$map@PAVServerSessionEx@@HU?$less@PAVServerSessionEx@@@std@@V?$allocator@U?$pair@QAVServerSessionEx@@H@std@@@3@@std@@00@Z 00405960 f   MasterServerInfo.obj
 0001:000049e0       ?StartTimerProcess@MasterServerInfo@@QAEXK@Z 004059e0 f   MasterServerInfo.obj
 0001:00004a50       ?_Max@?$_Tree@V?$_Tmap_traits@KU?$pair@V?$Delegator@VIWorkNode@@@@H@std@@U?$less@K@2@V?$CustomAllocator@U?$pair@V?$Delegator@VIWorkNode@@@@H@std@@@util@@$0A@@std@@@std@@KAPAU_Node@?$_Tree_nod@V?$_Tmap_traits@KU?$pair@V?$Delegator@VIWorkNode@@@@H@std@@U?$less@K@2@V?$CustomAllocator@U?$pair@V?$Delegator@VIWorkNode@@@@H@std@@@util@@$0A@@std@@@2@PAU342@@Z 00405a50 f i servercommon:WorkLoadManager.obj
 0001:00004a50       ?_Max@?$_Tree@V?$_Tmap_traits@KU?$pair@KK@std@@U?$less@K@2@V?$CustomAllocator@U?$pair@KK@std@@@util@@$0A@@std@@@std@@KAPAU_Node@?$_Tree_nod@V?$_Tmap_traits@KU?$pair@KK@std@@U?$less@K@2@V?$CustomAllocator@U?$pair@KK@std@@@util@@$0A@@std@@@2@PAU342@@Z 00405a50 f i MasterServerInfo.obj
 0001:00004a70       ?_Min@?$_Tree@V?$_Tmap_traits@KU?$pair@V?$Delegator@VIWorkNode@@@@H@std@@U?$less@K@2@V?$CustomAllocator@U?$pair@V?$Delegator@VIWorkNode@@@@H@std@@@util@@$0A@@std@@@std@@KAPAU_Node@?$_Tree_nod@V?$_Tmap_traits@KU?$pair@V?$Delegator@VIWorkNode@@@@H@std@@U?$less@K@2@V?$CustomAllocator@U?$pair@V?$Delegator@VIWorkNode@@@@H@std@@@util@@$0A@@std@@@2@PAU342@@Z 00405a70 f i servercommon:WorkLoadManager.obj
 0001:00004a70       ?_Min@?$_Tree@V?$_Tmap_traits@KU?$pair@KK@std@@U?$less@K@2@V?$CustomAllocator@U?$pair@KK@std@@@util@@$0A@@std@@@std@@KAPAU_Node@?$_Tree_nod@V?$_Tmap_traits@KU?$pair@KK@std@@U?$less@K@2@V?$CustomAllocator@U?$pair@KK@std@@@util@@$0A@@std@@@2@PAU342@@Z 00405a70 f i MasterServerInfo.obj
 0001:00004a90       ?DoProcess@PROCESS_EXIT_PROCESS@@UAEHXZ 00405a90 f i MasterServerInfo.obj
 0001:00004ab0       ?IsComplete@PROCESS_EXIT_PROCESS@@UAEHXZ 00405ab0 f i MasterServerInfo.obj
 0001:00004ad0       ??_GPROCESS_EXIT_PROCESS@@UAEPAXI@Z 00405ad0 f i MasterServerInfo.obj
 0001:00004ad0       ??_EPROCESS_EXIT_PROCESS@@UAEPAXI@Z 00405ad0 f i MasterServerInfo.obj
 0001:00004ad0       ??_GIWorkNode@@UAEPAXI@Z   00405ad0 f i MasterServerInfo.obj
 0001:00004ad0       ??_GPROCESS_TIMER_PROCESS@@UAEPAXI@Z 00405ad0 f i MasterServerInfo.obj
 0001:00004ad0       ??_EPROCESS_TIMER_PROCESS@@UAEPAXI@Z 00405ad0 f i MasterServerInfo.obj
 0001:00004ad0       ??_EIWorkNode@@UAEPAXI@Z   00405ad0 f i MasterServerInfo.obj
 0001:00004af0       ?DoInit@PROCESS_TIMER_PROCESS@@UAEHXZ 00405af0 f i MasterServerInfo.obj
 0001:00004b10       ?DoProcess@PROCESS_TIMER_PROCESS@@UAEHXZ 00405b10 f i MasterServerInfo.obj
 0001:00004c00       ?_Lrotate@?$_Tree@V?$_Tmap_traits@PAVServerSessionEx@@HU?$less@PAVServerSessionEx@@@std@@V?$allocator@U?$pair@QAVServerSessionEx@@H@std@@@3@$0A@@std@@@std@@IAEXPAU_Node@?$_Tree_nod@V?$_Tmap_traits@PAVServerSessionEx@@HU?$less@PAVServerSessionEx@@@std@@V?$allocator@U?$pair@QAVServerSessionEx@@H@std@@@3@$0A@@std@@@2@@Z 00405c00 f i MasterServerInfo.obj
 0001:00004c00       ?_Lrotate@?$_Tree@V?$_Tmap_traits@EPAUABUSING_OPTION_INFO@@U?$less@E@std@@V?$CustomAllocator@PAUABUSING_OPTION_INFO@@@util@@$0A@@std@@@std@@IAEXPAU_Node@?$_Tree_nod@V?$_Tmap_traits@EPAUABUSING_OPTION_INFO@@U?$less@E@std@@V?$CustomAllocator@PAUABUSING_OPTION_INFO@@@util@@$0A@@std@@@2@@Z 00405c00 f i servercommon:AbusingOptionParser.obj
 0001:00004c50       ?_Eqrange@?$_Tree@V?$_Tmap_traits@PAVServerSessionEx@@HU?$less@PAVServerSessionEx@@@std@@V?$allocator@U?$pair@QAVServerSessionEx@@H@std@@@3@$0A@@std@@@std@@IAE?AU?$pair@Viterator@?$_Tree@V?$_Tmap_traits@PAVServerSessionEx@@HU?$less@PAVServerSessionEx@@@std@@V?$allocator@U?$pair@QAVServerSessionEx@@H@std@@@3@$0A@@std@@@std@@V123@@2@ABQAVServerSessionEx@@@Z 00405c50 f i MasterServerInfo.obj
 0001:00004ce0       ?_Buynode@?$_Tree@V?$_Tmap_traits@PAVServerSessionEx@@HU?$less@PAVServerSessionEx@@@std@@V?$allocator@U?$pair@QAVServerSessionEx@@H@std@@@3@$0A@@std@@@std@@IAEPAU_Node@?$_Tree_nod@V?$_Tmap_traits@PAVServerSessionEx@@HU?$less@PAVServerSessionEx@@@std@@V?$allocator@U?$pair@QAVServerSessionEx@@H@std@@@3@$0A@@std@@@2@PAU342@00ABU?$pair@QAVServerSessionEx@@H@2@D@Z 00405ce0 f i MasterServerInfo.obj
 0001:00004d20       ?_Erase@?$_Tree@V?$_Tmap_traits@PAVServerSessionEx@@HU?$less@PAVServerSessionEx@@@std@@V?$allocator@U?$pair@QAVServerSessionEx@@H@std@@@3@$0A@@std@@@std@@IAEXPAU_Node@?$_Tree_nod@V?$_Tmap_traits@PAVServerSessionEx@@HU?$less@PAVServerSessionEx@@@std@@V?$allocator@U?$pair@QAVServerSessionEx@@H@std@@@3@$0A@@std@@@2@@Z 00405d20 f i MasterServerInfo.obj
 0001:00004d60       ?_Buynode@?$_Tree@V?$_Tmap_traits@PAVServerSessionEx@@HU?$less@PAVServerSessionEx@@@std@@V?$allocator@U?$pair@QAVServerSessionEx@@H@std@@@3@$0A@@std@@@std@@IAEPAU_Node@?$_Tree_nod@V?$_Tmap_traits@PAVServerSessionEx@@HU?$less@PAVServerSessionEx@@@std@@V?$allocator@U?$pair@QAVServerSessionEx@@H@std@@@3@$0A@@std@@@2@XZ 00405d60 f i MasterServerInfo.obj
 0001:00004da0       ??$_Distance2@Viterator@?$_Tree@V?$_Tmap_traits@PAVServerSessionEx@@HU?$less@PAVServerSessionEx@@@std@@V?$allocator@U?$pair@QAVServerSessionEx@@H@std@@@3@$0A@@std@@@std@@I@std@@YAXViterator@?$_Tree@V?$_Tmap_traits@PAVServerSessionEx@@HU?$less@PAVServerSessionEx@@@std@@V?$allocator@U?$pair@QAVServerSessionEx@@H@std@@@3@$0A@@std@@@0@0AAIUbidirectional_iterator_tag@0@@Z 00405da0 f i MasterServerInfo.obj
 0001:00004de0       ?DoInit@PROCESS_EXIT_PROCESS@@UAEHXZ 00405de0 f i MasterServerInfo.obj
 0001:00004e60       ??0?$_Tree@V?$_Tmap_traits@PAVServerSessionEx@@HU?$less@PAVServerSessionEx@@@std@@V?$allocator@U?$pair@QAVServerSessionEx@@H@std@@@3@$0A@@std@@@std@@QAE@ABU?$less@PAVServerSessionEx@@@1@ABV?$allocator@U?$pair@QAVServerSessionEx@@H@std@@@1@@Z 00405e60 f i MasterServerInfo.obj
 0001:00004ef0       ?_Insert@?$_Tree@V?$_Tmap_traits@PAVServerSessionEx@@HU?$less@PAVServerSessionEx@@@std@@V?$allocator@U?$pair@QAVServerSessionEx@@H@std@@@3@$0A@@std@@@std@@IAE?AViterator@12@_NPAU_Node@?$_Tree_nod@V?$_Tmap_traits@PAVServerSessionEx@@HU?$less@PAVServerSessionEx@@@std@@V?$allocator@U?$pair@QAVServerSessionEx@@H@std@@@3@$0A@@std@@@2@ABU?$pair@QAVServerSessionEx@@H@2@@Z 00405ef0 f i MasterServerInfo.obj
 0001:000050f0       ?erase@?$_Tree@V?$_Tmap_traits@PAVServerSessionEx@@HU?$less@PAVServerSessionEx@@@std@@V?$allocator@U?$pair@QAVServerSessionEx@@H@std@@@3@$0A@@std@@@std@@QAE?AViterator@12@Vconst_iterator@12@@Z 004060f0 f i MasterServerInfo.obj
 0001:000053c0       ?_Insert@?$_Tree@V?$_Tmap_traits@KU?$pair@KK@std@@U?$less@K@2@V?$CustomAllocator@U?$pair@KK@std@@@util@@$0A@@std@@@std@@IAE?AViterator@12@_NPAU_Node@?$_Tree_nod@V?$_Tmap_traits@KU?$pair@KK@std@@U?$less@K@2@V?$CustomAllocator@U?$pair@KK@std@@@util@@$0A@@std@@@2@ABU?$pair@$$CBKU?$pair@KK@std@@@2@@Z 004063c0 f i MasterServerInfo.obj
 0001:000053c0       ?_Insert@?$_Tree@V?$_Tmap_traits@KU?$pair@V?$Delegator@VIWorkNode@@@@H@std@@U?$less@K@2@V?$CustomAllocator@U?$pair@V?$Delegator@VIWorkNode@@@@H@std@@@util@@$0A@@std@@@std@@IAE?AViterator@12@_NPAU_Node@?$_Tree_nod@V?$_Tmap_traits@KU?$pair@V?$Delegator@VIWorkNode@@@@H@std@@U?$less@K@2@V?$CustomAllocator@U?$pair@V?$Delegator@VIWorkNode@@@@H@std@@@util@@$0A@@std@@@2@ABU?$pair@$$CBKU?$pair@V?$Delegator@VIWorkNode@@@@H@std@@@2@@Z 004063c0 f i servercommon:WorkLoadManager.obj
 0001:000055c0       ?insert@?$_Tree@V?$_Tmap_traits@PAVServerSessionEx@@HU?$less@PAVServerSessionEx@@@std@@V?$allocator@U?$pair@QAVServerSessionEx@@H@std@@@3@$0A@@std@@@std@@QAE?AU?$pair@Viterator@?$_Tree@V?$_Tmap_traits@PAVServerSessionEx@@HU?$less@PAVServerSessionEx@@@std@@V?$allocator@U?$pair@QAVServerSessionEx@@H@std@@@3@$0A@@std@@@std@@_N@2@ABU?$pair@QAVServerSessionEx@@H@2@@Z 004065c0 f i MasterServerInfo.obj
 0001:000056b0       ?erase@?$_Tree@V?$_Tmap_traits@PAVServerSessionEx@@HU?$less@PAVServerSessionEx@@@std@@V?$allocator@U?$pair@QAVServerSessionEx@@H@std@@@3@$0A@@std@@@std@@QAE?AViterator@12@Vconst_iterator@12@0@Z 004066b0 f i MasterServerInfo.obj
 0001:00005790       ?insert@?$_Tree@V?$_Tmap_traits@KU?$pair@KK@std@@U?$less@K@2@V?$CustomAllocator@U?$pair@KK@std@@@util@@$0A@@std@@@std@@QAE?AU?$pair@Viterator@?$_Tree@V?$_Tmap_traits@KU?$pair@KK@std@@U?$less@K@2@V?$CustomAllocator@U?$pair@KK@std@@@util@@$0A@@std@@@std@@_N@2@ABU?$pair@$$CBKU?$pair@KK@std@@@2@@Z 00406790 f i MasterServerInfo.obj
 0001:00005790       ?insert@?$_Tree@V?$_Tmap_traits@KU?$pair@V?$Delegator@VIWorkNode@@@@H@std@@U?$less@K@2@V?$CustomAllocator@U?$pair@V?$Delegator@VIWorkNode@@@@H@std@@@util@@$0A@@std@@@std@@QAE?AU?$pair@Viterator@?$_Tree@V?$_Tmap_traits@KU?$pair@V?$Delegator@VIWorkNode@@@@H@std@@U?$less@K@2@V?$CustomAllocator@U?$pair@V?$Delegator@VIWorkNode@@@@H@std@@@util@@$0A@@std@@@std@@_N@2@ABU?$pair@$$CBKU?$pair@V?$Delegator@VIWorkNode@@@@H@std@@@2@@Z 00406790 f i servercommon:WorkLoadManager.obj
 0001:00005880       ??1?$_Tree@V?$_Tmap_traits@PAVServerSessionEx@@HU?$less@PAVServerSessionEx@@@std@@V?$allocator@U?$pair@QAVServerSessionEx@@H@std@@@3@$0A@@std@@@std@@QAE@XZ 00406880 f i MasterServerInfo.obj
 0001:00005900       ?insert@?$_Tree@V?$_Tmap_traits@PAVServerSessionEx@@HU?$less@PAVServerSessionEx@@@std@@V?$allocator@U?$pair@QAVServerSessionEx@@H@std@@@3@$0A@@std@@@std@@QAE?AViterator@12@Vconst_iterator@12@ABU?$pair@QAVServerSessionEx@@H@2@@Z 00406900 f i MasterServerInfo.obj
 0001:00005ad0       ?erase@?$_Tree@V?$_Tmap_traits@PAVServerSessionEx@@HU?$less@PAVServerSessionEx@@@std@@V?$allocator@U?$pair@QAVServerSessionEx@@H@std@@@3@$0A@@std@@@std@@QAEIABQAVServerSessionEx@@@Z 00406ad0 f i MasterServerInfo.obj
 0001:00005b40       ?RegisterWork@?$WorkLoadContainer@K@@QAEHKK@Z 00406b40 f i MasterServerInfo.obj
 0001:00005bd0       ?DoRelease@PROCESS_EXIT_PROCESS@@UAEHXZ 00406bd0 f i MasterServerInfo.obj
 0001:00005c90       ?Make_GM_OPERATION_FUNCRESTRICT_CMD@MakePacket@sRESTRICT_MGR@@SAXPAU2@PAUMSG_GM_OPERATION_FUNCRESTRICT_CMD@@@Z 00406c90 f   MasterServerInfoStruct.obj
 0001:00005d80       ?Parse_MX_FUNCRESTRICT_RELOAD_ANS@MakePacket@sRESTRICT_MGR@@SAXPAU2@PAUMSG_MX_FUNCRESTRICT_RELOAD_ANS@@HH@Z 00406d80 f   MasterServerInfoStruct.obj
 0001:00005e80       ?Read_FUNCRESTRICT_FROM_FILE@MakePacket@sRESTRICT_MGR@@SAXPAU2@H@Z 00406e80 f   MasterServerInfoStruct.obj
 0001:00006450       ?Clear@ServerInfoManager@@SAXXZ 00407450 f   ServerInfoManager.obj
 0001:00006460       ?GetServerKey@ServerInfoManager@@SA?AUtagSERVER_KEY@@W4eSERVER_TYPE@@PAD@Z 00407460 f   ServerInfoManager.obj
 0001:00006500       ?GetServerInfo@ServerInfoManager@@SAPAUtagSERVER_INFO@@UtagSERVER_KEY@@@Z 00407500 f   ServerInfoManager.obj
 0001:00006520       ?_GetServerInfo@ServerInfoManager@@CAXEEPAUtagSERVER_INFO@@W4eSERVER_TYPE@@@Z 00407520 f   ServerInfoManager.obj
 0001:00006630       ?GetGameDBProxyInfo@ServerInfoManager@@SAXEEPAUtagSERVER_INFO@@@Z 00407630 f   ServerInfoManager.obj
 0001:00006650       ?GetAgentServerInfo@ServerInfoManager@@SAXEEPAUtagSERVER_INFO@@@Z 00407650 f   ServerInfoManager.obj
 0001:00006670       ?GetWorldServerInfo@ServerInfoManager@@SAXEEPAUtagSERVER_INFO@@@Z 00407670 f   ServerInfoManager.obj
 0001:00006690       ?GetGuildServerInfo@ServerInfoManager@@SAXEEPAUtagSERVER_INFO@@@Z 00407690 f   ServerInfoManager.obj
 0001:000066b0       ?GetPortalServerInfo@ServerInfoManager@@SAXEEPAUtagSERVER_INFO@@@Z 004076b0 f   ServerInfoManager.obj
 0001:000066d0       ?GetAuthAgentServerInfo@ServerInfoManager@@SAXPAUtagSERVER_INFO@@@Z 004076d0 f   ServerInfoManager.obj
 0001:000066f0       ?GetShopServerInfo@ServerInfoManager@@SAXPAUtagSERVER_INFO@@@Z 004076f0 f   ServerInfoManager.obj
 0001:00006710       ?DestroyInstance@ServerInfoManager@@SAXXZ 00407710 f   ServerInfoManager.obj
 0001:00006750       ?CreateInstance@ServerInfoManager@@SAXXZ 00407750 f   ServerInfoManager.obj
 0001:00006800       ?AddServerInfo@ServerInfoManager@@SAXPAUtagSERVER_INFO@@KH@Z 00407800 f   ServerInfoManager.obj
 0001:000068f0       ?GetPtrList@?$ServerTree@UsSERVER_INFO@@@@QAEXKPAU?$sPTR_LIST@UsSERVER_INFO@@@@@Z 004078f0 f i ServerInfoManager.obj
 0001:00006940       ?_FindEmptyNode@?$ServerTree@UsSERVER_INFO@@@@AAEPAUsSERVER_INFO@@XZ 00407940 f i ServerInfoManager.obj
 0001:000069c0       ?GetServerNodeList@?$ServerTree@UsSERVER_INFO@@@@QAEPAV?$vector@PAUsSERVER_INFO@@V?$allocator@PAUsSERVER_INFO@@@std@@@std@@EE@Z 004079c0 f i ServerInfoManager.obj
 0001:00006a20       ??0sSERVER_INFO@@QAE@XZ    00407a20 f i ServerInfoManager.obj
 0001:00006a30       ??$_Umove@PAPAV?$vector@PAV?$vector@PAUsSERVER_INFO@@V?$allocator@PAUsSERVER_INFO@@@std@@@std@@V?$allocator@PAV?$vector@PAUsSERVER_INFO@@V?$allocator@PAUsSERVER_INFO@@@std@@@std@@@2@@std@@@?$vector@PAV?$vector@PAV?$vector@PAUsSERVER_INFO@@V?$allocator@PAUsSERVER_INFO@@@std@@@std@@V?$allocator@PAV?$vector@PAUsSERVER_INFO@@V?$allocator@PAUsSERVER_INFO@@@std@@@std@@@2@@std@@V?$allocator@PAV?$vector@PAV?$vector@PAUsSERVER_INFO@@V?$allocator@PAUsSERVER_INFO@@@std@@@std@@V?$allocator@PAV?$vector@PAUsSERVER_INFO@@V?$allocator@PAUsSERVER_INFO@@@std@@@std@@@2@@std@@@2@@std@@IAEPAPAV?$vector@PAV?$vector@PAUsSERVER_INFO@@V?$allocator@PAUsSERVER_INFO@@@std@@@std@@V?$allocator@PAV?$vector@PAUsSERVER_INFO@@V?$allocator@PAUsSERVER_INFO@@@std@@@std@@@2@@1@PAPAV21@00@Z 00407a30 f i ServerInfoManager.obj
 0001:00006a30       ??$_Umove@PAPAV?$vector@PAUsSERVER_INFO@@V?$allocator@PAUsSERVER_INFO@@@std@@@std@@@?$vector@PAV?$vector@PAUsSERVER_INFO@@V?$allocator@PAUsSERVER_INFO@@@std@@@std@@V?$allocator@PAV?$vector@PAUsSERVER_INFO@@V?$allocator@PAUsSERVER_INFO@@@std@@@std@@@2@@std@@IAEPAPAV?$vector@PAUsSERVER_INFO@@V?$allocator@PAUsSERVER_INFO@@@std@@@1@PAPAV21@00@Z 00407a30 f i ServerInfoManager.obj
 0001:00006a30       ??$_Umove@PAPAUsSERVER_NODE@@@?$vector@PAUsSERVER_NODE@@V?$allocator@PAUsSERVER_NODE@@@std@@@std@@IAEPAPAUsSERVER_NODE@@PAPAU2@00@Z 00407a30 f i ServerSessionManager.obj
 0001:00006a30       ??$_Umove@PAPAV?$vector@PAV?$vector@PAUsSERVER_NODE@@V?$allocator@PAUsSERVER_NODE@@@std@@@std@@V?$allocator@PAV?$vector@PAUsSERVER_NODE@@V?$allocator@PAUsSERVER_NODE@@@std@@@std@@@2@@std@@@?$vector@PAV?$vector@PAV?$vector@PAUsSERVER_NODE@@V?$allocator@PAUsSERVER_NODE@@@std@@@std@@V?$allocator@PAV?$vector@PAUsSERVER_NODE@@V?$allocator@PAUsSERVER_NODE@@@std@@@std@@@2@@std@@V?$allocator@PAV?$vector@PAV?$vector@PAUsSERVER_NODE@@V?$allocator@PAUsSERVER_NODE@@@std@@@std@@V?$allocator@PAV?$vector@PAUsSERVER_NODE@@V?$allocator@PAUsSERVER_NODE@@@std@@@std@@@2@@std@@@2@@std@@IAEPAPAV?$vector@PAV?$vector@PAUsSERVER_NODE@@V?$allocator@PAUsSERVER_NODE@@@std@@@std@@V?$allocator@PAV?$vector@PAUsSERVER_NODE@@V?$allocator@PAUsSERVER_NODE@@@std@@@std@@@2@@1@PAPAV21@00@Z 00407a30 f i ServerSessionManager.obj
 0001:00006a30       ??$_Umove@PAPAUsSERVER_INFO@@@?$vector@PAUsSERVER_INFO@@V?$allocator@PAUsSERVER_INFO@@@std@@@std@@IAEPAPAUsSERVER_INFO@@PAPAU2@00@Z 00407a30 f i ServerInfoManager.obj
 0001:00006a30       ??$_Umove@PAPAV?$vector@PAUsSERVER_NODE@@V?$allocator@PAUsSERVER_NODE@@@std@@@std@@@?$vector@PAV?$vector@PAUsSERVER_NODE@@V?$allocator@PAUsSERVER_NODE@@@std@@@std@@V?$allocator@PAV?$vector@PAUsSERVER_NODE@@V?$allocator@PAUsSERVER_NODE@@@std@@@std@@@2@@std@@IAEPAPAV?$vector@PAUsSERVER_NODE@@V?$allocator@PAUsSERVER_NODE@@@std@@@1@PAPAV21@00@Z 00407a30 f i ServerSessionManager.obj
 0001:00006a70       ?RemoveServer@?$ServerTree@UsSERVER_INFO@@@@QAEXUtagSERVER_KEY@@@Z 00407a70 f i ServerInfoManager.obj
 0001:00006bd0       ?_Ufill@?$vector@PAV?$vector@PAV?$vector@PAUsSERVER_INFO@@V?$allocator@PAUsSERVER_INFO@@@std@@@std@@V?$allocator@PAV?$vector@PAUsSERVER_INFO@@V?$allocator@PAUsSERVER_INFO@@@std@@@std@@@2@@std@@V?$allocator@PAV?$vector@PAV?$vector@PAUsSERVER_INFO@@V?$allocator@PAUsSERVER_INFO@@@std@@@std@@V?$allocator@PAV?$vector@PAUsSERVER_INFO@@V?$allocator@PAUsSERVER_INFO@@@std@@@std@@@2@@std@@@2@@std@@IAEPAPAV?$vector@PAV?$vector@PAUsSERVER_INFO@@V?$allocator@PAUsSERVER_INFO@@@std@@@std@@V?$allocator@PAV?$vector@PAUsSERVER_INFO@@V?$allocator@PAUsSERVER_INFO@@@std@@@std@@@2@@2@PAPAV32@IABQAV32@@Z 00407bd0 f i ServerInfoManager.obj
 0001:00006bd0       ?_Ufill@?$vector@PAV?$vector@PAUsSERVER_NODE@@V?$allocator@PAUsSERVER_NODE@@@std@@@std@@V?$allocator@PAV?$vector@PAUsSERVER_NODE@@V?$allocator@PAUsSERVER_NODE@@@std@@@std@@@2@@std@@IAEPAPAV?$vector@PAUsSERVER_NODE@@V?$allocator@PAUsSERVER_NODE@@@std@@@2@PAPAV32@IABQAV32@@Z 00407bd0 f i ServerSessionManager.obj
 0001:00006bd0       ?_Ufill@?$vector@PAV?$vector@PAV?$vector@PAUsSERVER_NODE@@V?$allocator@PAUsSERVER_NODE@@@std@@@std@@V?$allocator@PAV?$vector@PAUsSERVER_NODE@@V?$allocator@PAUsSERVER_NODE@@@std@@@std@@@2@@std@@V?$allocator@PAV?$vector@PAV?$vector@PAUsSERVER_NODE@@V?$allocator@PAUsSERVER_NODE@@@std@@@std@@V?$allocator@PAV?$vector@PAUsSERVER_NODE@@V?$allocator@PAUsSERVER_NODE@@@std@@@std@@@2@@std@@@2@@std@@IAEPAPAV?$vector@PAV?$vector@PAUsSERVER_NODE@@V?$allocator@PAUsSERVER_NODE@@@std@@@std@@V?$allocator@PAV?$vector@PAUsSERVER_NODE@@V?$allocator@PAUsSERVER_NODE@@@std@@@std@@@2@@2@PAPAV32@IABQAV32@@Z 00407bd0 f i ServerSessionManager.obj
 0001:00006bd0       ?_Ufill@?$vector@PAV?$vector@PAUsSERVER_INFO@@V?$allocator@PAUsSERVER_INFO@@@std@@@std@@V?$allocator@PAV?$vector@PAUsSERVER_INFO@@V?$allocator@PAUsSERVER_INFO@@@std@@@std@@@2@@std@@IAEPAPAV?$vector@PAUsSERVER_INFO@@V?$allocator@PAUsSERVER_INFO@@@std@@@2@PAPAV32@IABQAV32@@Z 00407bd0 f i ServerInfoManager.obj
 0001:00006bd0       ?_Ufill@?$vector@PAUsSERVER_NODE@@V?$allocator@PAUsSERVER_NODE@@@std@@@std@@IAEPAPAUsSERVER_NODE@@PAPAU3@IABQAU3@@Z 00407bd0 f i ServerSessionManager.obj
 0001:00006bd0       ?_Ufill@?$vector@PAUsSERVER_INFO@@V?$allocator@PAUsSERVER_INFO@@@std@@@std@@IAEPAPAUsSERVER_INFO@@PAPAU3@IABQAU3@@Z 00407bd0 f i ServerInfoManager.obj
 0001:00006c00       ?erase@?$vector@PAV?$vector@PAV?$vector@PAUsSERVER_NODE@@V?$allocator@PAUsSERVER_NODE@@@std@@@std@@V?$allocator@PAV?$vector@PAUsSERVER_NODE@@V?$allocator@PAUsSERVER_NODE@@@std@@@std@@@2@@std@@V?$allocator@PAV?$vector@PAV?$vector@PAUsSERVER_NODE@@V?$allocator@PAUsSERVER_NODE@@@std@@@std@@V?$allocator@PAV?$vector@PAUsSERVER_NODE@@V?$allocator@PAUsSERVER_NODE@@@std@@@std@@@2@@std@@@2@@std@@QAE?AV?$_Vector_iterator@PAV?$vector@PAV?$vector@PAUsSERVER_NODE@@V?$allocator@PAUsSERVER_NODE@@@std@@@std@@V?$allocator@PAV?$vector@PAUsSERVER_NODE@@V?$allocator@PAUsSERVER_NODE@@@std@@@std@@@2@@std@@V?$allocator@PAV?$vector@PAV?$vector@PAUsSERVER_NODE@@V?$allocator@PAUsSERVER_NODE@@@std@@@std@@V?$allocator@PAV?$vector@PAUsSERVER_NODE@@V?$allocator@PAUsSERVER_NODE@@@std@@@std@@@2@@std@@@2@@2@V?$_Vector_const_iterator@PAV?$vector@PAV?$vector@PAUsSERVER_NODE@@V?$allocator@PAUsSERVER_NODE@@@std@@@std@@V?$allocator@PAV?$vector@PAUsSERVER_NODE@@V?$allocator@PAUsSERVER_NODE@@@std@@@std@@@2@@std@@V?$allocator@PAV?$vector@PAV?$vector@PAUsSERVER_NODE@@V?$allocator@PAUsSERVER_NODE@@@std@@@std@@V?$allocator@PAV?$vector@PAUsSERVER_NODE@@V?$allocator@PAUsSERVER_NODE@@@std@@@std@@@2@@std@@@2@@2@0@Z 00407c00 f i ServerSessionManager.obj
 0001:00006c00       ?erase@?$vector@PAV?$vector@PAV?$vector@PAUsSERVER_INFO@@V?$allocator@PAUsSERVER_INFO@@@std@@@std@@V?$allocator@PAV?$vector@PAUsSERVER_INFO@@V?$allocator@PAUsSERVER_INFO@@@std@@@std@@@2@@std@@V?$allocator@PAV?$vector@PAV?$vector@PAUsSERVER_INFO@@V?$allocator@PAUsSERVER_INFO@@@std@@@std@@V?$allocator@PAV?$vector@PAUsSERVER_INFO@@V?$allocator@PAUsSERVER_INFO@@@std@@@std@@@2@@std@@@2@@std@@QAE?AV?$_Vector_iterator@PAV?$vector@PAV?$vector@PAUsSERVER_INFO@@V?$allocator@PAUsSERVER_INFO@@@std@@@std@@V?$allocator@PAV?$vector@PAUsSERVER_INFO@@V?$allocator@PAUsSERVER_INFO@@@std@@@std@@@2@@std@@V?$allocator@PAV?$vector@PAV?$vector@PAUsSERVER_INFO@@V?$allocator@PAUsSERVER_INFO@@@std@@@std@@V?$allocator@PAV?$vector@PAUsSERVER_INFO@@V?$allocator@PAUsSERVER_INFO@@@std@@@std@@@2@@std@@@2@@2@V?$_Vector_const_iterator@PAV?$vector@PAV?$vector@PAUsSERVER_INFO@@V?$allocator@PAUsSERVER_INFO@@@std@@@std@@V?$allocator@PAV?$vector@PAUsSERVER_INFO@@V?$allocator@PAUsSERVER_INFO@@@std@@@std@@@2@@std@@V?$allocator@PAV?$vector@PAV?$vector@PAUsSERVER_INFO@@V?$allocator@PAUsSERVER_INFO@@@std@@@std@@V?$allocator@PAV?$vector@PAUsSERVER_INFO@@V?$allocator@PAUsSERVER_INFO@@@std@@@std@@@2@@std@@@2@@2@0@Z 00407c00 f i ServerInfoManager.obj
 0001:00006c00       ?erase@?$vector@PAV?$vector@PAUsSERVER_NODE@@V?$allocator@PAUsSERVER_NODE@@@std@@@std@@V?$allocator@PAV?$vector@PAUsSERVER_NODE@@V?$allocator@PAUsSERVER_NODE@@@std@@@std@@@2@@std@@QAE?AV?$_Vector_iterator@PAV?$vector@PAUsSERVER_NODE@@V?$allocator@PAUsSERVER_NODE@@@std@@@std@@V?$allocator@PAV?$vector@PAUsSERVER_NODE@@V?$allocator@PAUsSERVER_NODE@@@std@@@std@@@2@@2@V?$_Vector_const_iterator@PAV?$vector@PAUsSERVER_NODE@@V?$allocator@PAUsSERVER_NODE@@@std@@@std@@V?$allocator@PAV?$vector@PAUsSERVER_NODE@@V?$allocator@PAUsSERVER_NODE@@@std@@@std@@@2@@2@0@Z 00407c00 f i ServerSessionManager.obj
 0001:00006c00       ?erase@?$vector@PAV?$vector@PAUsSERVER_INFO@@V?$allocator@PAUsSERVER_INFO@@@std@@@std@@V?$allocator@PAV?$vector@PAUsSERVER_INFO@@V?$allocator@PAUsSERVER_INFO@@@std@@@std@@@2@@std@@QAE?AV?$_Vector_iterator@PAV?$vector@PAUsSERVER_INFO@@V?$allocator@PAUsSERVER_INFO@@@std@@@std@@V?$allocator@PAV?$vector@PAUsSERVER_INFO@@V?$allocator@PAUsSERVER_INFO@@@std@@@std@@@2@@2@V?$_Vector_const_iterator@PAV?$vector@PAUsSERVER_INFO@@V?$allocator@PAUsSERVER_INFO@@@std@@@std@@V?$allocator@PAV?$vector@PAUsSERVER_INFO@@V?$allocator@PAUsSERVER_INFO@@@std@@@std@@@2@@2@0@Z 00407c00 f i ServerInfoManager.obj
 0001:00006c90       ?_Xlen@?$vector@U_List_position@?$_Hash@V?$_Hmap_traits@KPAVAbuseUser@@V?$hash_compare@KU?$less@K@std@@@stdext@@V?$CustomAllocator@PAVAbuseUser@@@util@@$0A@@stdext@@@stdext@@V?$CustomAllocator@U_List_position@?$_Hash@V?$_Hmap_traits@KPAVAbuseUser@@V?$hash_compare@KU?$less@K@std@@@stdext@@V?$CustomAllocator@PAVAbuseUser@@@util@@$0A@@stdext@@@stdext@@@util@@@std@@KAXXZ 00407c90 f i AbuseUserManager.obj
 0001:00006c90       ?_Xlen@?$vector@U_List_position@?$_Hash@V?$_Hmap_traits@KV?$chunk_set@KU?$less@K@std@@@util@@V?$hash_compare@KU?$less@K@std@@@stdext@@V?$CustomAllocator@V?$chunk_set@KU?$less@K@std@@@util@@@2@$0A@@stdext@@@stdext@@V?$CustomAllocator@U_List_position@?$_Hash@V?$_Hmap_traits@KV?$chunk_set@KU?$less@K@std@@@util@@V?$hash_compare@KU?$less@K@std@@@stdext@@V?$CustomAllocator@V?$chunk_set@KU?$less@K@std@@@util@@@2@$0A@@stdext@@@stdext@@@util@@@std@@KAXXZ 00407c90 f i AbuseUserManager.obj
 0001:00006c90       ?_Xlen@?$vector@PAV?$vector@PAUsSERVER_NODE@@V?$allocator@PAUsSERVER_NODE@@@std@@@std@@V?$allocator@PAV?$vector@PAUsSERVER_NODE@@V?$allocator@PAUsSERVER_NODE@@@std@@@std@@@2@@std@@KAXXZ 00407c90 f i ServerSessionManager.obj
 0001:00006c90       ?_Xlen@?$vector@PAV?$vector@PAUsSERVER_INFO@@V?$allocator@PAUsSERVER_INFO@@@std@@@std@@V?$allocator@PAV?$vector@PAUsSERVER_INFO@@V?$allocator@PAUsSERVER_INFO@@@std@@@std@@@2@@std@@KAXXZ 00407c90 f i ServerInfoManager.obj
 0001:00006c90       ?_Xlen@?$vector@PAUsSERVER_NODE@@V?$allocator@PAUsSERVER_NODE@@@std@@@std@@KAXXZ 00407c90 f i ServerSessionManager.obj
 0001:00006c90       ?_Xlen@?$vector@PAV?$vector@PAV?$vector@PAUsSERVER_INFO@@V?$allocator@PAUsSERVER_INFO@@@std@@@std@@V?$allocator@PAV?$vector@PAUsSERVER_INFO@@V?$allocator@PAUsSERVER_INFO@@@std@@@std@@@2@@std@@V?$allocator@PAV?$vector@PAV?$vector@PAUsSERVER_INFO@@V?$allocator@PAUsSERVER_INFO@@@std@@@std@@V?$allocator@PAV?$vector@PAUsSERVER_INFO@@V?$allocator@PAUsSERVER_INFO@@@std@@@std@@@2@@std@@@2@@std@@KAXXZ 00407c90 f i ServerInfoManager.obj
 0001:00006c90       ?_Xlen@?$vector@U?$pair@W4eSCRIPT_CODE@@PAUsSCRIPT_DATA_INFO_NODE_INTERNAL@@@std@@V?$CustomAllocator@U?$pair@W4eSCRIPT_CODE@@PAUsSCRIPT_DATA_INFO_NODE_INTERNAL@@@std@@@util@@@std@@KAXXZ 00407c90 f i servercommon:ScriptDataManager.obj
 0001:00006c90       ?_Xlen@?$vector@PAUsSERVER_INFO@@V?$allocator@PAUsSERVER_INFO@@@std@@@std@@KAXXZ 00407c90 f i ServerInfoManager.obj
 0001:00006c90       ?_Xlen@?$vector@U_List_position@?$_Hash@V?$_Hmap_traits@KPAVServerSession@@V?$hash_compare@KU?$less@K@std@@@stdext@@V?$CustomAllocator@PAVServerSession@@@util@@$0A@@stdext@@@stdext@@V?$CustomAllocator@U_List_position@?$_Hash@V?$_Hmap_traits@KPAVServerSession@@V?$hash_compare@KU?$less@K@std@@@stdext@@V?$CustomAllocator@PAVServerSession@@@util@@$0A@@stdext@@@stdext@@@util@@@std@@KAXXZ 00407c90 f i TempServerSessionEx.obj
 0001:00006c90       ?_Xlen@?$vector@U_List_position@?$_Hash@V?$_Hmap_traits@W4eSCRIPT_CODE@@PAUsSCRIPT_DATA_INFO_NODE_INTERNAL@@V?$hash_compare@W4eSCRIPT_CODE@@U?$less@W4eSCRIPT_CODE@@@std@@@stdext@@V?$CustomAllocator@PAUsSCRIPT_DATA_INFO_NODE_INTERNAL@@@util@@$0A@@stdext@@@stdext@@V?$CustomAllocator@U_List_position@?$_Hash@V?$_Hmap_traits@W4eSCRIPT_CODE@@PAUsSCRIPT_DATA_INFO_NODE_INTERNAL@@V?$hash_compare@W4eSCRIPT_CODE@@U?$less@W4eSCRIPT_CODE@@@std@@@stdext@@V?$CustomAllocator@PAUsSCRIPT_DATA_INFO_NODE_INTERNAL@@@util@@$0A@@stdext@@@stdext@@@util@@@std@@KAXXZ 00407c90 f i servercommon:ScriptDataManager.obj
 0001:00006c90       ?_Xlen@?$vector@U_List_position@?$_Hash@V?$_Hmap_traits@KPAVBASE_FUNC@util@@V?$hash_compare@KU?$less@K@std@@@stdext@@V?$allocator@U?$pair@$$CBKPAVBASE_FUNC@util@@@std@@@std@@$0A@@stdext@@@stdext@@V?$allocator@U_List_position@?$_Hash@V?$_Hmap_traits@KPAVBASE_FUNC@util@@V?$hash_compare@KU?$less@K@std@@@stdext@@V?$allocator@U?$pair@$$CBKPAVBASE_FUNC@util@@@std@@@std@@$0A@@stdext@@@stdext@@@std@@@std@@KAXXZ 00407c90 f i PacketHandler.obj
 0001:00006c90       ?_Xlen@?$vector@PAV?$vector@PAV?$vector@PAUsSERVER_NODE@@V?$allocator@PAUsSERVER_NODE@@@std@@@std@@V?$allocator@PAV?$vector@PAUsSERVER_NODE@@V?$allocator@PAUsSERVER_NODE@@@std@@@std@@@2@@std@@V?$allocator@PAV?$vector@PAV?$vector@PAUsSERVER_NODE@@V?$allocator@PAUsSERVER_NODE@@@std@@@std@@V?$allocator@PAV?$vector@PAUsSERVER_NODE@@V?$allocator@PAUsSERVER_NODE@@@std@@@std@@@2@@std@@@2@@std@@KAXXZ 00407c90 f i ServerSessionManager.obj
 0001:00006d10       ?_Insert_n@?$vector@PAUsSERVER_NODE@@V?$allocator@PAUsSERVER_NODE@@@std@@@std@@IAEXV?$_Vector_const_iterator@PAUsSERVER_NODE@@V?$allocator@PAUsSERVER_NODE@@@std@@@2@IABQAUsSERVER_NODE@@@Z 00407d10 f i ServerSessionManager.obj
 0001:00006d10       ?_Insert_n@?$vector@PAV?$vector@PAV?$vector@PAUsSERVER_NODE@@V?$allocator@PAUsSERVER_NODE@@@std@@@std@@V?$allocator@PAV?$vector@PAUsSERVER_NODE@@V?$allocator@PAUsSERVER_NODE@@@std@@@std@@@2@@std@@V?$allocator@PAV?$vector@PAV?$vector@PAUsSERVER_NODE@@V?$allocator@PAUsSERVER_NODE@@@std@@@std@@V?$allocator@PAV?$vector@PAUsSERVER_NODE@@V?$allocator@PAUsSERVER_NODE@@@std@@@std@@@2@@std@@@2@@std@@IAEXV?$_Vector_const_iterator@PAV?$vector@PAV?$vector@PAUsSERVER_NODE@@V?$allocator@PAUsSERVER_NODE@@@std@@@std@@V?$allocator@PAV?$vector@PAUsSERVER_NODE@@V?$allocator@PAUsSERVER_NODE@@@std@@@std@@@2@@std@@V?$allocator@PAV?$vector@PAV?$vector@PAUsSERVER_NODE@@V?$allocator@PAUsSERVER_NODE@@@std@@@std@@V?$allocator@PAV?$vector@PAUsSERVER_NODE@@V?$allocator@PAUsSERVER_NODE@@@std@@@std@@@2@@std@@@2@@2@IABQAV?$vector@PAV?$vector@PAUsSERVER_NODE@@V?$allocator@PAUsSERVER_NODE@@@std@@@std@@V?$allocator@PAV?$vector@PAUsSERVER_NODE@@V?$allocator@PAUsSERVER_NODE@@@std@@@std@@@2@@2@@Z 00407d10 f i ServerSessionManager.obj
 0001:00006d10       ?_Insert_n@?$vector@PAV?$vector@PAUsSERVER_NODE@@V?$allocator@PAUsSERVER_NODE@@@std@@@std@@V?$allocator@PAV?$vector@PAUsSERVER_NODE@@V?$allocator@PAUsSERVER_NODE@@@std@@@std@@@2@@std@@IAEXV?$_Vector_const_iterator@PAV?$vector@PAUsSERVER_NODE@@V?$allocator@PAUsSERVER_NODE@@@std@@@std@@V?$allocator@PAV?$vector@PAUsSERVER_NODE@@V?$allocator@PAUsSERVER_NODE@@@std@@@std@@@2@@2@IABQAV?$vector@PAUsSERVER_NODE@@V?$allocator@PAUsSERVER_NODE@@@std@@@2@@Z 00407d10 f i ServerSessionManager.obj
 0001:00006d10       ?_Insert_n@?$vector@PAUsSERVER_INFO@@V?$allocator@PAUsSERVER_INFO@@@std@@@std@@IAEXV?$_Vector_const_iterator@PAUsSERVER_INFO@@V?$allocator@PAUsSERVER_INFO@@@std@@@2@IABQAUsSERVER_INFO@@@Z 00407d10 f i ServerInfoManager.obj
 0001:00006d10       ?_Insert_n@?$vector@PAV?$vector@PAV?$vector@PAUsSERVER_INFO@@V?$allocator@PAUsSERVER_INFO@@@std@@@std@@V?$allocator@PAV?$vector@PAUsSERVER_INFO@@V?$allocator@PAUsSERVER_INFO@@@std@@@std@@@2@@std@@V?$allocator@PAV?$vector@PAV?$vector@PAUsSERVER_INFO@@V?$allocator@PAUsSERVER_INFO@@@std@@@std@@V?$allocator@PAV?$vector@PAUsSERVER_INFO@@V?$allocator@PAUsSERVER_INFO@@@std@@@std@@@2@@std@@@2@@std@@IAEXV?$_Vector_const_iterator@PAV?$vector@PAV?$vector@PAUsSERVER_INFO@@V?$allocator@PAUsSERVER_INFO@@@std@@@std@@V?$allocator@PAV?$vector@PAUsSERVER_INFO@@V?$allocator@PAUsSERVER_INFO@@@std@@@std@@@2@@std@@V?$allocator@PAV?$vector@PAV?$vector@PAUsSERVER_INFO@@V?$allocator@PAUsSERVER_INFO@@@std@@@std@@V?$allocator@PAV?$vector@PAUsSERVER_INFO@@V?$allocator@PAUsSERVER_INFO@@@std@@@std@@@2@@std@@@2@@2@IABQAV?$vector@PAV?$vector@PAUsSERVER_INFO@@V?$allocator@PAUsSERVER_INFO@@@std@@@std@@V?$allocator@PAV?$vector@PAUsSERVER_INFO@@V?$allocator@PAUsSERVER_INFO@@@std@@@std@@@2@@2@@Z 00407d10 f i ServerInfoManager.obj
 0001:00006d10       ?_Insert_n@?$vector@PAV?$vector@PAUsSERVER_INFO@@V?$allocator@PAUsSERVER_INFO@@@std@@@std@@V?$allocator@PAV?$vector@PAUsSERVER_INFO@@V?$allocator@PAUsSERVER_INFO@@@std@@@std@@@2@@std@@IAEXV?$_Vector_const_iterator@PAV?$vector@PAUsSERVER_INFO@@V?$allocator@PAUsSERVER_INFO@@@std@@@std@@V?$allocator@PAV?$vector@PAUsSERVER_INFO@@V?$allocator@PAUsSERVER_INFO@@@std@@@std@@@2@@2@IABQAV?$vector@PAUsSERVER_INFO@@V?$allocator@PAUsSERVER_INFO@@@std@@@2@@Z 00407d10 f i ServerInfoManager.obj
 0001:00006ec0       ??0?$vector@PAV?$vector@PAV?$vector@PAUsSERVER_NODE@@V?$allocator@PAUsSERVER_NODE@@@std@@@std@@V?$allocator@PAV?$vector@PAUsSERVER_NODE@@V?$allocator@PAUsSERVER_NODE@@@std@@@std@@@2@@std@@V?$allocator@PAV?$vector@PAV?$vector@PAUsSERVER_NODE@@V?$allocator@PAUsSERVER_NODE@@@std@@@std@@V?$allocator@PAV?$vector@PAUsSERVER_NODE@@V?$allocator@PAUsSERVER_NODE@@@std@@@std@@@2@@std@@@2@@std@@QAE@XZ 00407ec0 f i ServerSessionManager.obj
 0001:00006ec0       ??0?$vector@PAV?$vector@PAUsSERVER_INFO@@V?$allocator@PAUsSERVER_INFO@@@std@@@std@@V?$allocator@PAV?$vector@PAUsSERVER_INFO@@V?$allocator@PAUsSERVER_INFO@@@std@@@std@@@2@@std@@QAE@XZ 00407ec0 f i ServerInfoManager.obj
 0001:00006ec0       ??0?$vector@PAUsSERVER_NODE@@V?$allocator@PAUsSERVER_NODE@@@std@@@std@@QAE@XZ 00407ec0 f i ServerSessionManager.obj
 0001:00006ec0       ??0?$vector@PAV?$vector@PAUsSERVER_NODE@@V?$allocator@PAUsSERVER_NODE@@@std@@@std@@V?$allocator@PAV?$vector@PAUsSERVER_NODE@@V?$allocator@PAUsSERVER_NODE@@@std@@@std@@@2@@std@@QAE@XZ 00407ec0 f i ServerSessionManager.obj
 0001:00006ec0       ??0?$vector@PAV?$vector@PAV?$vector@PAUsSERVER_INFO@@V?$allocator@PAUsSERVER_INFO@@@std@@@std@@V?$allocator@PAV?$vector@PAUsSERVER_INFO@@V?$allocator@PAUsSERVER_INFO@@@std@@@std@@@2@@std@@V?$allocator@PAV?$vector@PAV?$vector@PAUsSERVER_INFO@@V?$allocator@PAUsSERVER_INFO@@@std@@@std@@V?$allocator@PAV?$vector@PAUsSERVER_INFO@@V?$allocator@PAUsSERVER_INFO@@@std@@@std@@@2@@std@@@2@@std@@QAE@XZ 00407ec0 f i ServerInfoManager.obj
 0001:00006ec0       ??0?$vector@PAUsSERVER_INFO@@V?$allocator@PAUsSERVER_INFO@@@std@@@std@@QAE@XZ 00407ec0 f i ServerInfoManager.obj
 0001:00006f20       ?resize@?$vector@PAV?$vector@PAUsSERVER_NODE@@V?$allocator@PAUsSERVER_NODE@@@std@@@std@@V?$allocator@PAV?$vector@PAUsSERVER_NODE@@V?$allocator@PAUsSERVER_NODE@@@std@@@std@@@2@@std@@QAEXIPAV?$vector@PAUsSERVER_NODE@@V?$allocator@PAUsSERVER_NODE@@@std@@@2@@Z 00407f20 f i ServerSessionManager.obj
 0001:00006f20       ?resize@?$vector@PAV?$vector@PAUsSERVER_INFO@@V?$allocator@PAUsSERVER_INFO@@@std@@@std@@V?$allocator@PAV?$vector@PAUsSERVER_INFO@@V?$allocator@PAUsSERVER_INFO@@@std@@@std@@@2@@std@@QAEXIPAV?$vector@PAUsSERVER_INFO@@V?$allocator@PAUsSERVER_INFO@@@std@@@2@@Z 00407f20 f i ServerInfoManager.obj
 0001:00006f20       ?resize@?$vector@PAV?$vector@PAV?$vector@PAUsSERVER_INFO@@V?$allocator@PAUsSERVER_INFO@@@std@@@std@@V?$allocator@PAV?$vector@PAUsSERVER_INFO@@V?$allocator@PAUsSERVER_INFO@@@std@@@std@@@2@@std@@V?$allocator@PAV?$vector@PAV?$vector@PAUsSERVER_INFO@@V?$allocator@PAUsSERVER_INFO@@@std@@@std@@V?$allocator@PAV?$vector@PAUsSERVER_INFO@@V?$allocator@PAUsSERVER_INFO@@@std@@@std@@@2@@std@@@2@@std@@QAEXIPAV?$vector@PAV?$vector@PAUsSERVER_INFO@@V?$allocator@PAUsSERVER_INFO@@@std@@@std@@V?$allocator@PAV?$vector@PAUsSERVER_INFO@@V?$allocator@PAUsSERVER_INFO@@@std@@@std@@@2@@2@@Z 00407f20 f i ServerInfoManager.obj
 0001:00006f20       ?resize@?$vector@PAV?$vector@PAV?$vector@PAUsSERVER_NODE@@V?$allocator@PAUsSERVER_NODE@@@std@@@std@@V?$allocator@PAV?$vector@PAUsSERVER_NODE@@V?$allocator@PAUsSERVER_NODE@@@std@@@std@@@2@@std@@V?$allocator@PAV?$vector@PAV?$vector@PAUsSERVER_NODE@@V?$allocator@PAUsSERVER_NODE@@@std@@@std@@V?$allocator@PAV?$vector@PAUsSERVER_NODE@@V?$allocator@PAUsSERVER_NODE@@@std@@@std@@@2@@std@@@2@@std@@QAEXIPAV?$vector@PAV?$vector@PAUsSERVER_NODE@@V?$allocator@PAUsSERVER_NODE@@@std@@@std@@V?$allocator@PAV?$vector@PAUsSERVER_NODE@@V?$allocator@PAUsSERVER_NODE@@@std@@@std@@@2@@2@@Z 00407f20 f i ServerSessionManager.obj
 0001:00006fd0       ?Initialize@?$ServerTree@UsSERVER_INFO@@@@AAEXXZ 00407fd0 f i ServerInfoManager.obj
 0001:000070a0       ?AddServer@?$ServerTree@UsSERVER_INFO@@@@QAEPAUsSERVER_INFO@@UtagSERVER_KEY@@PAU2@@Z 004080a0 f i ServerInfoManager.obj
 0001:00007210       ?MakePacket_SumMoneyCirculation_GatheringInfo@GameStatistics@@CAXPAVGameStatisticsData@@PAVMSG_MO_RTTG_USERMONEY_ANS@@@Z 00408210 f   Statistics.obj
 0001:00007410       ?MakePacket_StatisticsEtcInfo_GatheringInfo@GameStatistics@@CAXPAVGameStatisticsData@@PAVMSG_MO_RTTG_GAMESTATISTICS_ANS@@@Z 00408410 f   Statistics.obj
 0001:00007480       ?SendPacket_SumMoneyCirculation@GameStatistics@@SAXPAVMSG_MO_RTTG_USERMONEY_ANS@@@Z 00408480 f   Statistics.obj
 0001:000076d0       ?SendPacket_StatisticsEtcInfo@GameStatistics@@SAXPAVMSG_MO_RTTG_GAMESTATISTICS_ANS@@@Z 004086d0 f   Statistics.obj
 0001:000078e0       ?begin@?$vector@PAUsSERVER_NODE@@V?$allocator@PAUsSERVER_NODE@@@std@@@std@@QAE?AV?$_Vector_iterator@PAUsSERVER_NODE@@V?$allocator@PAUsSERVER_NODE@@@std@@@2@XZ 004088e0 f i Statistics.obj
 0001:000078e0       ?begin@?$vector@PAUsSERVER_INFO@@V?$allocator@PAUsSERVER_INFO@@@std@@@std@@QAE?AV?$_Vector_iterator@PAUsSERVER_INFO@@V?$allocator@PAUsSERVER_INFO@@@std@@@2@XZ 004088e0 f i ServerInfoManager.obj
 0001:00007910       ?end@?$vector@PAUsSERVER_INFO@@V?$allocator@PAUsSERVER_INFO@@@std@@@std@@QAE?AV?$_Vector_iterator@PAUsSERVER_INFO@@V?$allocator@PAUsSERVER_INFO@@@std@@@2@XZ 00408910 f i ServerInfoManager.obj
 0001:00007910       ?end@?$vector@PAUsSERVER_NODE@@V?$allocator@PAUsSERVER_NODE@@@std@@@std@@QAE?AV?$_Vector_iterator@PAUsSERVER_NODE@@V?$allocator@PAUsSERVER_NODE@@@std@@@2@XZ 00408910 f i Statistics.obj
 0001:00007940       ??0MSG_MO_RTTG_USERCOUNT_NTF@@QAE@XZ 00408940 f i Handler_AM.obj
 0001:00007950       ?OnAM_CONNECTION_GROUND_CMD@Handler_AM@@CAXPAVAgentServerSession@@PAUMSG_BASE@@G@Z 00408950 f   Handler_AM.obj
 0001:00007960       ?OnAM_ARMORKIT_FINDHACK_SYN@Handler_AM@@CAXPAVAgentServerSession@@PAUMSG_BASE@@G@Z 00408960 f   Handler_AM.obj
 0001:00007970       ?OnAM_OPERATION_CHAR_DISCONNECT_ACK@Handler_AM@@CAXPAVAgentServerSession@@PAUMSG_BASE@@G@Z 00408970 f   Handler_AM.obj
 0001:00007990       ?OnAM_CONNECTION_CCU_REPORT_NTF@Handler_AM@@CAXPAVAgentServerSession@@PAUMSG_BASE@@G@Z 00408990 f   Handler_AM.obj
 0001:00007b20       ?OnAM_CONNECTION_ENTERSERVER_CMD@Handler_AM@@CAXPAVAgentServerSession@@PAUMSG_BASE@@G@Z 00408b20 f   Handler_AM.obj
 0001:00007b40       ?GetHandlerInfo@Handler_AM@@CAPAUsPACKET_HANDLER_INFO@@XZ 00408b40 f   Handler_AM.obj
 0001:00007b50       ?RegisterHandler_ALL@Handler_AM@@SAXV?$Delegator@VPacketHandler@@@@@Z 00408b50 f   Handler_AM.obj
 0001:00007bc0       ?OnDM_CONNECTION_GROUND_CMD@Handler_DM@@CAXPAVGameDBProxySession@@PAUMSG_BASE@@G@Z 00408bc0 f   Handler_DM.obj
 0001:00007bd0       ?GetHandlerInfo@Handler_DM@@CAPAUsPACKET_HANDLER_INFO@@XZ 00408bd0 f   Handler_DM.obj
 0001:00007be0       ?RegisterHandler_ALL@Handler_DM@@SAXV?$Delegator@VPacketHandler@@@@@Z 00408be0 f   Handler_DM.obj
 0001:00007c50       ?ClearAllStatistics@GameStatisticsData@@QAEXXZ 00408c50 f i Handler_GM.obj
 0001:00007c80       ?SetMoney@GameStatisticsData@@QAEXAA_K00@Z 00408c80 f i Handler_GM.obj
 0001:00007d30       ?SetWarehouseMoney@GameStatisticsData@@QAEXAA_K00@Z 00408d30 f i Handler_GM.obj
 0001:00007de0       ?OnGM_CONNECTION_GROUND_CMD@Handler_GM@@CAXPAVGameServerSession@@PAUMSG_BASE@@G@Z 00408de0 f   Handler_GM.obj
 0001:00007df0       ?OnGM_USERMONEY_NTF@Handler_GM@@CAXPAVGameServerSession@@PAUMSG_BASE@@G@Z 00408df0 f   Handler_GM.obj
 0001:00007e60       ?OnGM_OPERATION_USERMONEY_ANS@Handler_GM@@CAXPAVGameServerSession@@PAUMSG_BASE@@G@Z 00408e60 f   Handler_GM.obj
 0001:00007fe0       ?OnGM_OPERATION_STATISTICS_ANS@Handler_GM@@CAXPAVGameServerSession@@PAUMSG_BASE@@G@Z 00408fe0 f   Handler_GM.obj
 0001:000080f0       ?GetHandlerInfo@Handler_GM@@CAPAUsPACKET_HANDLER_INFO@@XZ 004090f0 f   Handler_GM.obj
 0001:00008100       ?RegisterHandler_ALL@Handler_GM@@SAXV?$Delegator@VPacketHandler@@@@@Z 00409100 f   Handler_GM.obj
 0001:00008170       ?OnSERVERCOMMON_SERVERTYPE@Handler_ME@@CAXPAVTempServerSession@@PAUMSG_BASE@@G@Z 00409170 f   Handler_ME.obj
 0001:000082d0       ?GetHandlerInfo@Handler_ME@@CAPAUsPACKET_HANDLER_INFO@@XZ 004092d0 f   Handler_ME.obj
 0001:000082e0       ?RegisterHandler_ALL@Handler_ME@@SAXV?$Delegator@VPacketHandler@@@@@Z 004092e0 f   Handler_ME.obj
[...]
 0001:00046631       __ehhandler$?_Buynode@?$_Tree@V?$_Tmap_traits@V?$basic_string@DU?$char_traits@D@std@@V?$allocator@D@2@@std@@PAV?$map@V?$basic_string@DU?$char_traits@D@std@@V?$allocator@D@2@@std@@V12@U?$less@V?$basic_string@DU?$char_traits@D@std@@V?$allocator@D@2@@std@@@2@V?$allocator@U?$pair@$$CBV?$basic_string@DU?$char_traits@D@std@@V?$allocator@D@2@@std@@V12@@std@@@2@@2@U?$less@V?$basic_string@DU?$char_traits@D@std@@V?$allocator@D@2@@std@@@2@V?$allocator@U?$pair@$$CBV?$basic_string@DU?$char_traits@D@std@@V?$allocator@D@2@@std@@PAV?$map@V?$basic_string@DU?$char_traits@D@std@@V?$allocator@D@2@@std@@V12@U?$less@V?$basic_string@DU?$char_traits@D@std@@V?$allocator@D@2@@std@@@2@V?$allocator@U?$pair@$$CBV?$basic_string@DU?$char_traits@D@std@@V?$allocator@D@2@@std@@V12@@std@@@2@@2@@std@@@2@$0A@@std@@@std@@IAEPAU_Node@?$_Tree_nod@V?$_Tmap_traits@V?$basic_string@DU?$char_traits@D@std@@V?$allocator@D@2@@std@@PAV?$map@V?$basic_string@DU?$char_traits@D@std@@V?$allocator@D@2@@std@@V12@U?$less@V?$basic_string@DU?$char_traits@D@std@@V?$allocator@D@2@@std@@@2@V?$allocator@U?$pair@$$CBV?$basic_string@DU?$char_traits@D@std@@V?$allocator@D@2@@std@@V12@@std@@@2@@2@U?$less@V?$basic_string@DU?$char_traits@D@std@@V?$allocator@D@2@@std@@@2@V?$allocator@U?$pair@$$CBV?$basic_string@DU?$char_traits@D@std@@V?$allocator@D@2@@std@@PAV?$map@V?$basic_string@DU?$char_traits@D@std@@V?$allocator@D@2@@std@@V12@U?$less@V?$basic_string@DU?$char_traits@D@std@@V?$allocator@D@2@@std@@@2@V?$allocator@U?$pair@$$CBV?$basic_string@DU?$char_traits@D@std@@V?$allocator@D@2@@std@@V12@@std@@@2@@2@@std@@@2@$0A@@std@@@2@PAU342@00ABU?$pair@$$CBV?$basic_string@DU?$char_traits@D@std@@V?$allocator@D@2@@std@@PAV?$map@V?$basic_string@DU?$char_traits@D@std@@V?$allocator@D@2@@std@@V12@U?$less@V?$basic_string@DU?$char_traits@D@std@@V?$allocator@D@2@@std@@@2@V?$allocator@U?$pair@$$CBV?$basic_string@DU?$char_traits@D@std@@V?$allocator@D@2@@std@@V12@@std@@@2@@2@@2@D@Z 00447631 f   utility_s:INIParser.obj
 0001:00046650       __unwindfunclet$?_Buynode@?$_Tree@V?$_Tmap_traits@V?$basic_string@DU?$char_traits@D@std@@V?$allocator@D@2@@std@@V12@U?$less@V?$basic_string@DU?$char_traits@D@std@@V?$allocator@D@2@@std@@@2@V?$allocator@U?$pair@$$CBV?$basic_string@DU?$char_traits@D@std@@V?$allocator@D@2@@std@@V12@@std@@@2@$0A@@std@@@std@@IAEPAU_Node@?$_Tree_nod@V?$_Tmap_traits@V?$basic_string@DU?$char_traits@D@std@@V?$allocator@D@2@@std@@V12@U?$less@V?$basic_string@DU?$char_traits@D@std@@V?$allocator@D@2@@std@@@2@V?$allocator@U?$pair@$$CBV?$basic_string@DU?$char_traits@D@std@@V?$allocator@D@2@@std@@V12@@std@@@2@$0A@@std@@@2@PAU342@00ABU?$pair@$$CBV?$basic_string@DU?$char_traits@D@std@@V?$allocator@D@2@@std@@V12@@2@D@Z$2 00447650 f   utility_s:INIParser.obj
 0001:00046661       __ehhandler$?_Buynode@?$_Tree@V?$_Tmap_traits@V?$basic_string@DU?$char_traits@D@std@@V?$allocator@D@2@@std@@V12@U?$less@V?$basic_string@DU?$char_traits@D@std@@V?$allocator@D@2@@std@@@2@V?$allocator@U?$pair@$$CBV?$basic_string@DU?$char_traits@D@std@@V?$allocator@D@2@@std@@V12@@std@@@2@$0A@@std@@@std@@IAEPAU_Node@?$_Tree_nod@V?$_Tmap_traits@V?$basic_string@DU?$char_traits@D@std@@V?$allocator@D@2@@std@@V12@U?$less@V?$basic_string@DU?$char_traits@D@std@@V?$allocator@D@2@@std@@@2@V?$allocator@U?$pair@$$CBV?$basic_string@DU?$char_traits@D@std@@V?$allocator@D@2@@std@@V12@@std@@@2@$0A@@std@@@2@PAU342@00ABU?$pair@$$CBV?$basic_string@DU?$char_traits@D@std@@V?$allocator@D@2@@std@@V12@@2@D@Z 00447661 f   utility_s:INIParser.obj
 0001:00046680       __unwindfunclet$??1?$_Tree@V?$_Tmap_traits@V?$basic_string@DU?$char_traits@D@std@@V?$allocator@D@2@@std@@PAV?$map@V?$basic_string@DU?$char_traits@D@std@@V?$allocator@D@2@@std@@V12@U?$less@V?$basic_string@DU?$char_traits@D@std@@V?$allocator@D@2@@std@@@2@V?$allocator@U?$pair@$$CBV?$basic_string@DU?$char_traits@D@std@@V?$allocator@D@2@@std@@V12@@std@@@2@@2@U?$less@V?$basic_string@DU?$char_traits@D@std@@V?$allocator@D@2@@std@@@2@V?$allocator@U?$pair@$$CBV?$basic_string@DU?$char_traits@D@std@@V?$allocator@D@2@@std@@PAV?$map@V?$basic_string@DU?$char_traits@D@std@@V?$allocator@D@2@@std@@V12@U?$less@V?$basic_string@DU?$char_traits@D@std@@V?$allocator@D@2@@std@@@2@V?$allocator@U?$pair@$$CBV?$basic_string@DU?$char_traits@D@std@@V?$allocator@D@2@@std@@V12@@std@@@2@@2@@std@@@2@$0A@@std@@@std@@QAE@XZ$0 00447680 f   utility_s:INIParser.obj
 0001:00046680       __unwindfunclet$??1?$_Tree@V?$_Tmap_traits@V?$basic_string@DU?$char_traits@D@std@@V?$allocator@D@2@@std@@V12@U?$less@V?$basic_string@DU?$char_traits@D@std@@V?$allocator@D@2@@std@@@2@V?$allocator@U?$pair@$$CBV?$basic_string@DU?$char_traits@D@std@@V?$allocator@D@2@@std@@V12@@std@@@2@$0A@@std@@@std@@QAE@XZ$0 00447680 f   utility_s:INIParser.obj
 0001:00046680       __unwindfunclet$??1?$_Tree@V?$_Tmap_traits@PAVServerSessionEx@@HU?$less@PAVServerSessionEx@@@std@@V?$allocator@U?$pair@QAVServerSessionEx@@H@std@@@3@$0A@@std@@@std@@QAE@XZ$0 00447680 f   utility_s:INIParser.obj
 0001:00046688       __ehhandler$??1?$_Tree@V?$_Tmap_traits@PAVServerSessionEx@@HU?$less@PAVServerSessionEx@@@std@@V?$allocator@U?$pair@QAVServerSessionEx@@H@std@@@3@$0A@@std@@@std@@QAE@XZ 00447688 f   utility_s:INIParser.obj
 0001:00046688       __ehhandler$??1?$_Tree@V?$_Tmap_traits@V?$basic_string@DU?$char_traits@D@std@@V?$allocator@D@2@@std@@PAV?$map@V?$basic_string@DU?$char_traits@D@std@@V?$allocator@D@2@@std@@V12@U?$less@V?$basic_string@DU?$char_traits@D@std@@V?$allocator@D@2@@std@@@2@V?$allocator@U?$pair@$$CBV?$basic_string@DU?$char_traits@D@std@@V?$allocator@D@2@@std@@V12@@std@@@2@@2@U?$less@V?$basic_string@DU?$char_traits@D@std@@V?$allocator@D@2@@std@@@2@V?$allocator@U?$pair@$$CBV?$basic_string@DU?$char_traits@D@std@@V?$allocator@D@2@@std@@PAV?$map@V?$basic_string@DU?$char_traits@D@std@@V?$allocator@D@2@@std@@V12@U?$less@V?$basic_string@DU?$char_traits@D@std@@V?$allocator@D@2@@std@@@2@V?$allocator@U?$pair@$$CBV?$basic_string@DU?$char_traits@D@std@@V?$allocator@D@2@@std@@V12@@std@@@2@@2@@std@@@2@$0A@@std@@@std@@QAE@XZ 00447688 f   utility_s:INIParser.obj
 0001:00046688       __ehhandler$??1?$_Tree@V?$_Tmap_traits@V?$basic_string@DU?$char_traits@D@std@@V?$allocator@D@2@@std@@V12@U?$less@V?$basic_string@DU?$char_traits@D@std@@V?$allocator@D@2@@std@@@2@V?$allocator@U?$pair@$$CBV?$basic_string@DU?$char_traits@D@std@@V?$allocator@D@2@@std@@V12@@std@@@2@$0A@@std@@@std@@QAE@XZ 00447688 f   utility_s:INIParser.obj
 0001:000466b0       __unwindfunclet$?INILoad@INIParser@util@@QAE_NXZ$0 004476b0 f   utility_s:INIParser.obj
 0001:000466b8       __unwindfunclet$?INILoad@INIParser@util@@QAE_NXZ$1 004476b8 f   utility_s:INIParser.obj
 0001:000466c6       __unwindfunclet$?INILoad@INIParser@util@@QAE_NXZ$3 004476c6 f   utility_s:INIParser.obj
 0001:000466ce       __unwindfunclet$?INILoad@INIParser@util@@QAE_NXZ$4 004476ce f   utility_s:INIParser.obj
 0001:000466d9       __unwindfunclet$?INILoad@INIParser@util@@QAE_NXZ$5 004476d9 f   utility_s:INIParser.obj
 0001:000466e1       __ehhandler$?INILoad@INIParser@util@@QAE_NXZ 004476e1 f   utility_s:INIParser.obj
 0001:00046710       __unwindfunclet$??1INIParser@util@@QAE@XZ$0 00447710 f   utility_s:INIParser.obj
 0001:00046718       __ehhandler$??1INIParser@util@@QAE@XZ 00447718 f   utility_s:INIParser.obj
 0001:00046740       __unwindfunclet$?make_balanced_buckets@WxHashTableBase@internal@util@@SAXPAV123@@Z$0 00447740 f   utility_s:SolarHashTable.obj
 0001:00046748       __ehhandler$?make_balanced_buckets@WxHashTableBase@internal@util@@SAXPAV123@@Z 00447748 f   utility_s:SolarHashTable.obj
 0001:00046763       __unwindfunclet$?_Xran@_String_base@std@@SAXXZ$0 00447763 f   libcpmt:string.obj
 0001:00046763       __unwindfunclet$?_Xlen@_String_base@std@@SAXXZ$0 00447763 f   libcpmt:string.obj
 0001:0004676b       __ehhandler$?_Xran@_String_base@std@@SAXXZ 0044776b f   libcpmt:string.obj
 0001:0004676b       __ehhandler$?_Xlen@_String_base@std@@SAXXZ 0044776b f   libcpmt:string.obj
 0001:00046790       __unwindfunclet$?system_category@system@boost@@YAABVerror_category@12@XZ$0 00447790 f   libboost_system-vc90-mt-s-1_60:error_code.obj
 0001:0004679e       __ehhandler$?system_category@system@boost@@YAABVerror_category@12@XZ 0044779e f   libboost_system-vc90-mt-s-1_60:error_code.obj
 0001:000467c0       __unwindfunclet$?generic_category@system@boost@@YAABVerror_category@12@XZ$0 004477c0 f   libboost_system-vc90-mt-s-1_60:error_code.obj
 0001:000467ce       __ehhandler$?generic_category@system@boost@@YAABVerror_category@12@XZ 004477ce f   libboost_system-vc90-mt-s-1_60:error_code.obj
 0001:000467f0       __unwindfunclet$?message@generic_error_category@?A0xa00a0bbd@system@boost@@UBE?AV?$basic_string@DU?$char_traits@D@std@@V?$allocator@D@2@@std@@H@Z$0 004477f0 f   libboost_system-vc90-mt-s-1_60:error_code.obj
 0001:000467fe       __unwindfunclet$?message@generic_error_category@?A0xa00a0bbd@system@boost@@UBE?AV?$basic_string@DU?$char_traits@D@std@@V?$allocator@D@2@@std@@H@Z$1 004477fe f   libboost_system-vc90-mt-s-1_60:error_code.obj
 0001:00046817       __unwindfunclet$?message@generic_error_category@?A0xa00a0bbd@system@boost@@UBE?AV?$basic_string@DU?$char_traits@D@std@@V?$allocator@D@2@@std@@H@Z$2 00447817 f   libboost_system-vc90-mt-s-1_60:error_code.obj
 0001:00046830       __ehhandler$?message@generic_error_category@?A0xa00a0bbd@system@boost@@UBE?AV?$basic_string@DU?$char_traits@D@std@@V?$allocator@D@2@@std@@H@Z 00447830 f   libboost_system-vc90-mt-s-1_60:error_code.obj
 0001:00046850       __unwindfunclet$?message@system_error_category@?A0xa00a0bbd@system@boost@@UBE?AV?$basic_string@DU?$char_traits@D@std@@V?$allocator@D@2@@std@@H@Z$0 00447850 f   libboost_system-vc90-mt-s-1_60:error_code.obj
 0001:00046858       __unwindfunclet$?message@system_error_category@?A0xa00a0bbd@system@boost@@UBE?AV?$basic_string@DU?$char_traits@D@std@@V?$allocator@D@2@@std@@H@Z$1 00447858 f   libboost_system-vc90-mt-s-1_60:error_code.obj
 0001:00046871       __unwindfunclet$?message@system_error_category@?A0xa00a0bbd@system@boost@@UBE?AV?$basic_string@DU?$char_traits@D@std@@V?$allocator@D@2@@std@@H@Z$2 00447871 f   libboost_system-vc90-mt-s-1_60:error_code.obj
 0001:00046879       __ehhandler$?message@system_error_category@?A0xa00a0bbd@system@boost@@UBE?AV?$basic_string@DU?$char_traits@D@std@@V?$allocator@D@2@@std@@H@Z 00447879 f   libboost_system-vc90-mt-s-1_60:error_code.obj
 0001:000468b0       $L40232                    004478b0 f   Network:IOCPServer.obj
 0001:000468bb       __ehhandler$?CreateIoHandler@IOCPServer@@AAEXPAUtagIOHANDLER_DESC@@@Z 004478bb f   Network:IOCPServer.obj
 0001:000468d0       $L40895                    004478d0 f   Network:IOCPServer.obj
 0001:000468db       __ehhandler$??0IOCPServer@@QAE@XZ 004478db f   Network:IOCPServer.obj
 0001:000468f0       $L31399                    004478f0 f   Network:Session.obj
 0001:000468f0       $L31423                    004478f0 f   Network:Session.obj
 0001:000468f0       $L30909                    004478f0 f   Network:Session.obj
 0001:000468f0       $L35090                    004478f0 f   Network:Session.obj
 0001:000468f0       $L32821                    004478f0 f   Network:Session.obj
 0001:00046901       __ehhandler$?Allocate@?$TAllocator@VSendBuffer@@@module@@SAPAVSendBuffer@@XZ 00447901 f   Network:Session.obj
 0001:00046901       __ehhandler$?Allocate@?$TAllocator@VRecvBuffer@@@module@@SAPAVRecvBuffer@@XZ 00447901 f   Network:Session.obj
 0001:00046901       __ehhandler$?Allocate@?$TAllocator@VSessionList@@@module@@SAPAVSessionList@@XZ 00447901 f   Network:Session.obj
 0001:00046901       __ehhandler$?Create@SendBuffer@@QAEXKK@Z 00447901 f   Network:Session.obj
 0001:00046901       __ehhandler$?Create@SessionPool@@AAEXKKKKKKH@Z 00447901 f   Network:Session.obj
 0001:00046910       $L30964                    00447910 f   Network:SendBuffer.obj
 0001:00046918       __ehhandler$?PrepareSend@SendBuffer@@QAE_NQAURingBufferInfo@module@@@Z 00447918 f   Network:SendBuffer.obj
 0001:00046930       $L30911                    00447930 f   Network:RecvBuffer.obj
 0001:00046941       __ehhandler$?Create@RecvBuffer@@QAEXHK@Z 00447941 f   Network:RecvBuffer.obj
 0001:00046950       $L30973                    00447950 f   Network:RecvBuffer.obj
 0001:00046958       __ehhandler$?PrepareRecv@RecvBuffer@@QAE_NQAURingBufferInfo@module@@@Z 00447958 f   Network:RecvBuffer.obj
 0001:00046970       $L33963                    00447970 f   Network:IoHandler.obj
 0001:0004697b       $L33964                    0044797b f   Network:IoHandler.obj
 0001:00046986       $L33965                    00447986 f   Network:IoHandler.obj
 0001:00046991       $L33966                    00447991 f   Network:IoHandler.obj
 0001:0004699c       $L33967                    0044799c f   Network:IoHandler.obj
 0001:000469a7       $L33968                    004479a7 f   Network:IoHandler.obj
 0001:000469b2       $L33969                    004479b2 f   Network:IoHandler.obj
 0001:000469bd       $L33970                    004479bd f   Network:IoHandler.obj
 0001:000469c8       $L33971                    004479c8 f   Network:IoHandler.obj
 0001:000469d3       $L33972                    004479d3 f   Network:IoHandler.obj
 0001:000469de       __ehhandler$?Init@IoHandler@@QAEXPAVIOCPServer@@PAUtagIOHANDLER_DESC@@@Z 004479de f   Network:IoHandler.obj
 0001:000469f0       $L39289                    004479f0 f   Network:IoHandler.obj
 0001:000469f0       $L36366                    004479f0 f   Network:IoHandler.obj
 0001:000469f0       $L38681                    004479f0 f   Network:IoHandler.obj
 0001:000469f8       __ehhandler$?_Insert@?$_Tree@V?$_Tmap_traits@KPAVIoHandler@@U?$less@K@std@@V?$RedirectedAllocator@PAVIoHandler@@@module@@$0A@@std@@@std@@IAE?AViterator@12@_NPAU_Node@?$_Tree_nod@V?$_Tmap_traits@KPAVIoHandler@@U?$less@K@std@@V?$RedirectedAllocator@PAVIoHandler@@@module@@$0A@@std@@@2@ABU?$pair@$$CBKPAVIoHandler@@@2@@Z 004479f8 f   Network:IoHandler.obj
 0001:000469f8       __ehhandler$?_Incsize@?$list@PAVSession@@V?$RedirectedAllocator@PAVSession@@@module@@@std@@IAEXI@Z 004479f8 f   Network:IoHandler.obj
 0001:000469f8       __ehhandler$?erase@?$_Tree@V?$_Tmap_traits@KPAVIoHandler@@U?$less@K@std@@V?$RedirectedAllocator@PAVIoHandler@@@module@@$0A@@std@@@std@@QAE?AViterator@12@V312@@Z 004479f8 f   Network:IoHandler.obj
 0001:00046a10       __ehhandler$??$_Insert@Viterator@?$list@PAVSession@@V?$RedirectedAllocator@PAVSession@@@module@@@std@@@?$list@PAVSession@@V?$RedirectedAllocator@PAVSession@@@module@@@std@@QAEXViterator@01@00Uforward_iterator_tag@1@@Z 00447a10 f   Network:IoHandler.obj
 0001:00046a20       $L32816                    00447a20 f   Network:Connector.obj
 0001:00046a2b       __ehhandler$?Init@Connector@@QAEXPAVIoHandler@@K@Z 00447a2b f   Network:Connector.obj
 0001:00046a40       $L32932                    00447a40 f   Network:SessionList.obj
 0001:00046a48       __ehhandler$??1SessionList@@QAE@XZ 00447a48 f   Network:SessionList.obj
 0001:00046a60       $L20875                    00447a60 f   MOLA_DDA:CryptManagerS2S.obj
 0001:00046a6b       __ehhandler$?CreateCryptManagerFromCryptKeyStream@CryptManagerS2S@@SAPAV1@EPAUsCRYPT_KEY_STREAM@@E@Z 00447a6b f   MOLA_DDA:CryptManagerS2S.obj
 0001:00046a80       $L20388                    00447a80 f   MOLA_DDA:CryptHSEL.obj
 0001:00046a80       $L20373                    00447a80 f   MOLA_DDA:CryptHSEL.obj
 0001:00046a8e       __ehhandler$??1CryptHSEL@@UAE@XZ 00447a8e f   MOLA_DDA:CryptHSEL.obj
 0001:00046a8e       __ehhandler$??0CryptHSEL@@QAE@XZ 00447a8e f   MOLA_DDA:CryptHSEL.obj
 0001:00046a98       __ehhandler$?CallUnexpected@@YAXPBU_s_ESTypeList@@@Z 00447a98 f   LIBCMT:frame.obj
 0001:00046ab3       __ehhandler$??2@YAPAXIABUnothrow_t@std@@@Z 00447ab3 f   LIBCMT:newopnt.obj
 0001:00046ad0       ??__Es_pPacketHandler@@YAXXZ 00447ad0 f   PacketHandler.obj
 0001:00046ae0       ??__Eg_Console@@YAXXZ      00447ae0 f   main.obj
 0001:00046b00       ??__Eposix_category@system@boost@@YAXXZ 00447b00 f   stdafx.obj
 0001:00046b10       ??__Eerrno_ecat@system@boost@@YAXXZ 00447b10 f   stdafx.obj
 0001:00046b20       ??__Enative_ecat@system@boost@@YAXXZ 00447b20 f   stdafx.obj
 0001:00046b30       ??__Es_WorkLoadManagerDelegator@@YAXXZ 00447b30 f   servercommon:WorkLoadManager.obj
 0001:00046b40       ??__Eg_sSUNLOG@@YAXXZ      00447b40 f   servercommon:SunLog.obj
 0001:00046b90       ??__Eg_StatisticsManager@@YAXXZ 00447b90 f   servercommon:StatisticsManager.obj
 0001:00046ba0       ??__Es_ScriptDataManagerInteral@@YAXXZ 00447ba0 f   servercommon:ScriptDataManager.obj
 0001:00046bc0       ??__Einterchecker_main_thread_id_static@util@@YAXXZ 00447bc0 f   utility_s:SolarDateTime.obj
 0001:00046bd0       ??__Eautofree@@YAXXZ       00447bd0 f   utility_s:FilePackerManager.obj
 0001:00046bdc       ??__Einitlocks@std@@YAXXZ  00447bdc f   libcpmt:xlock.obj
 0001:00046c00       ??__Eposix_category@system@boost@@YAXXZ 00447c00 f   libboost_system-vc90-mt-s-1_60:error_code.obj
 0001:00046c10       ??__Eerrno_ecat@system@boost@@YAXXZ 00447c10 f   libboost_system-vc90-mt-s-1_60:error_code.obj
 0001:00046c20       ??__Enative_ecat@system@boost@@YAXXZ 00447c20 f   libboost_system-vc90-mt-s-1_60:error_code.obj
 0001:00046c30       ??__Ethrows@system@boost@@YAXXZ 00447c30 f   libboost_system-vc90-mt-s-1_60:error_code.obj
 0001:00046c40       ??__Fs_pPacketHandler@@YAXXZ 00447c40 f   PacketHandler.obj
 0001:00046c50       ??__Fg_Console@@YAXXZ      00447c50 f   main.obj
 0001:00046c60       ??__Fs_WorkLoadManagerDelegator@@YAXXZ 00447c60 f   servercommon:WorkLoadManager.obj
 0001:00046c70       ??__Fg_sSUNLOG@@YAXXZ      00447c70 f   servercommon:SunLog.obj
 0001:00046cd0       ??__Fg_StatisticsManager@@YAXXZ 00447cd0 f   servercommon:StatisticsManager.obj
 0001:00046ce0       ??__Fs_ScriptDataManagerInteral@@YAXXZ 00447ce0 f   servercommon:ScriptDataManager.obj
 0001:00046cf0       ??__Fautofree@@YAXXZ       00447cf0 f   utility_s:FilePackerManager.obj
 0001:00046cf1       ??__Finitlocks@std@@YAXXZ  00447cf1 f   libcpmt:xlock.obj
 0001:00046d00       ??__Fsystem_category_const@?1??system_category@system@boost@@YAABVerror_category@12@XZ@YAXXZ 00447d00 f   libboost_system-vc90-mt-s-1_60:error_code.obj
 0001:00046d10       ??__Fgeneric_category_const@?1??generic_category@system@boost@@YAABVerror_category@12@XZ@YAXXZ 00447d10 f   libboost_system-vc90-mt-s-1_60:error_code.obj
 0001:00046d20       ??__Funknown_err@?1??message@generic_error_category@?A0xa00a0bbd@system@boost@@UBE?AV?$basic_string@DU?$char_traits@D@std@@V?$allocator@D@2@@std@@H@Z@YAXXZ 00447d20 f   libboost_system-vc90-mt-s-1_60:error_code.obj
 0001:00046d4e       ??__Fnomem@?5???2@YAPAXI@Z@YAXXZ 00447d4e f   LIBCMT:new.obj
